Archive member included to satisfy reference by file (symbol)

C:/VSD/FreedomStudio-3-1-1-x86_64-w64-mingw32/FreedomStudio-3-1-1/SiFive/riscv64-unknown-elf-toolsuite-2.0.3/bin/../lib/gcc/riscv64-unknown-elf/13.2.0/../../../../riscv64-unknown-elf/lib/rv32imac/ilp32\libc_nano.a(libc_a-printf.o)
                              C:\Users\shwet\AppData\Local\Temp\cc0xpuk6.o (printf)
C:/VSD/FreedomStudio-3-1-1-x86_64-w64-mingw32/FreedomStudio-3-1-1/SiFive/riscv64-unknown-elf-toolsuite-2.0.3/bin/../lib/gcc/riscv64-unknown-elf/13.2.0/../../../../riscv64-unknown-elf/lib/rv32imac/ilp32\libc_nano.a(libc_a-putchar.o)
                              C:\Users\shwet\AppData\Local\Temp\cc0xpuk6.o (putchar)
C:/VSD/FreedomStudio-3-1-1-x86_64-w64-mingw32/FreedomStudio-3-1-1/SiFive/riscv64-unknown-elf-toolsuite-2.0.3/bin/../lib/gcc/riscv64-unknown-elf/13.2.0/../../../../riscv64-unknown-elf/lib/rv32imac/ilp32\libc_nano.a(libc_a-puts.o)
                              C:\Users\shwet\AppData\Local\Temp\cc0xpuk6.o (puts)
C:/VSD/FreedomStudio-3-1-1-x86_64-w64-mingw32/FreedomStudio-3-1-1/SiFive/riscv64-unknown-elf-toolsuite-2.0.3/bin/../lib/gcc/riscv64-unknown-elf/13.2.0/../../../../riscv64-unknown-elf/lib/rv32imac/ilp32\libc_nano.a(libc_a-wbuf.o)
                              C:/VSD/FreedomStudio-3-1-1-x86_64-w64-mingw32/FreedomStudio-3-1-1/SiFive/riscv64-unknown-elf-toolsuite-2.0.3/bin/../lib/gcc/riscv64-unknown-elf/13.2.0/../../../../riscv64-unknown-elf/lib/rv32imac/ilp32\libc_nano.a(libc_a-puts.o) (__swbuf_r)
C:/VSD/FreedomStudio-3-1-1-x86_64-w64-mingw32/FreedomStudio-3-1-1/SiFive/riscv64-unknown-elf-toolsuite-2.0.3/bin/../lib/gcc/riscv64-unknown-elf/13.2.0/../../../../riscv64-unknown-elf/lib/rv32imac/ilp32\libc_nano.a(libc_a-wsetup.o)
                              C:/VSD/FreedomStudio-3-1-1-x86_64-w64-mingw32/FreedomStudio-3-1-1/SiFive/riscv64-unknown-elf-toolsuite-2.0.3/bin/../lib/gcc/riscv64-unknown-elf/13.2.0/../../../../riscv64-unknown-elf/lib/rv32imac/ilp32\libc_nano.a(libc_a-puts.o) (__swsetup_r)
C:/VSD/FreedomStudio-3-1-1-x86_64-w64-mingw32/FreedomStudio-3-1-1/SiFive/riscv64-unknown-elf-toolsuite-2.0.3/bin/../lib/gcc/riscv64-unknown-elf/13.2.0/../../../../riscv64-unknown-elf/lib/rv32imac/ilp32\libc_nano.a(libc_a-impure.o)
                              C:/VSD/FreedomStudio-3-1-1-x86_64-w64-mingw32/FreedomStudio-3-1-1/SiFive/riscv64-unknown-elf-toolsuite-2.0.3/bin/../lib/gcc/riscv64-unknown-elf/13.2.0/../../../../riscv64-unknown-elf/lib/rv32imac/ilp32\libc_nano.a(libc_a-printf.o) (_impure_ptr)
C:/VSD/FreedomStudio-3-1-1-x86_64-w64-mingw32/FreedomStudio-3-1-1/SiFive/riscv64-unknown-elf-toolsuite-2.0.3/bin/../lib/gcc/riscv64-unknown-elf/13.2.0/../../../../riscv64-unknown-elf/lib/rv32imac/ilp32\libc_nano.a(libc_a-memset.o)
                              C:\Users\shwet\AppData\Local\Temp\cc0xpuk6.o (memset)
C:/VSD/FreedomStudio-3-1-1-x86_64-w64-mingw32/FreedomStudio-3-1-1/SiFive/riscv64-unknown-elf-toolsuite-2.0.3/bin/../lib/gcc/riscv64-unknown-elf/13.2.0/../../../../riscv64-unknown-elf/lib/rv32imac/ilp32\libc_nano.a(libc_a-freer.o)
                              C:/VSD/FreedomStudio-3-1-1-x86_64-w64-mingw32/FreedomStudio-3-1-1/SiFive/riscv64-unknown-elf-toolsuite-2.0.3/bin/../lib/gcc/riscv64-unknown-elf/13.2.0/../../../../riscv64-unknown-elf/lib/rv32imac/ilp32\libc_nano.a(libc_a-wsetup.o) (_free_r)
C:/VSD/FreedomStudio-3-1-1-x86_64-w64-mingw32/FreedomStudio-3-1-1/SiFive/riscv64-unknown-elf-toolsuite-2.0.3/bin/../lib/gcc/riscv64-unknown-elf/13.2.0/../../../../riscv64-unknown-elf/lib/rv32imac/ilp32\libc_nano.a(libc_a-mallocr.o)
                              C:/VSD/FreedomStudio-3-1-1-x86_64-w64-mingw32/FreedomStudio-3-1-1/SiFive/riscv64-unknown-elf-toolsuite-2.0.3/bin/../lib/gcc/riscv64-unknown-elf/13.2.0/../../../../riscv64-unknown-elf/lib/rv32imac/ilp32\libc_nano.a(libc_a-freer.o) (__malloc_free_list)
C:/VSD/FreedomStudio-3-1-1-x86_64-w64-mingw32/FreedomStudio-3-1-1/SiFive/riscv64-unknown-elf-toolsuite-2.0.3/bin/../lib/gcc/riscv64-unknown-elf/13.2.0/../../../../riscv64-unknown-elf/lib/rv32imac/ilp32\libc_nano.a(libc_a-mlock.o)
                              C:/VSD/FreedomStudio-3-1-1-x86_64-w64-mingw32/FreedomStudio-3-1-1/SiFive/riscv64-unknown-elf-toolsuite-2.0.3/bin/../lib/gcc/riscv64-unknown-elf/13.2.0/../../../../riscv64-unknown-elf/lib/rv32imac/ilp32\libc_nano.a(libc_a-freer.o) (__malloc_lock)
C:/VSD/FreedomStudio-3-1-1-x86_64-w64-mingw32/FreedomStudio-3-1-1/SiFive/riscv64-unknown-elf-toolsuite-2.0.3/bin/../lib/gcc/riscv64-unknown-elf/13.2.0/../../../../riscv64-unknown-elf/lib/rv32imac/ilp32\libc_nano.a(libc_a-nano-vfprintf.o)
                              C:/VSD/FreedomStudio-3-1-1-x86_64-w64-mingw32/FreedomStudio-3-1-1/SiFive/riscv64-unknown-elf-toolsuite-2.0.3/bin/../lib/gcc/riscv64-unknown-elf/13.2.0/../../../../riscv64-unknown-elf/lib/rv32imac/ilp32\libc_nano.a(libc_a-printf.o) (_vfprintf_r)
[...]
Memory Configuration

Name             Origin             Length             Attributes
ram              0x80000000         0x00004000         axrwl
rom              0x20100000         0x1fc00000         xrl!aw
*default*        0x00000000         0xffffffff

Linker script and memory map

LOAD C:\Users\shwet\AppData\Local\Temp\cc0xpuk6.o
LOAD C:\Users\shwet\AppData\Local\Temp\ccLRDGic.o
START GROUP
LOAD C:/VSD/FreedomStudio-3-1-1-x86_64-w64-mingw32/FreedomStudio-3-1-1/SiFive/riscv64-unknown-elf-toolsuite-2.0.3/bin/../lib/gcc/riscv64-unknown-elf/13.2.0/../../../../riscv64-unknown-elf/lib/rv32imac/ilp32\libc_nano.a
LOAD C:/VSD/FreedomStudio-3-1-1-x86_64-w64-mingw32/FreedomStudio-3-1-1/SiFive/riscv64-unknown-elf-toolsuite-2.0.3/bin/../lib/gcc/riscv64-unknown-elf/13.2.0/rv32imac/ilp32\libgcc.a
LOAD C:/VSD/FreedomStudio-3-1-1-x86_64-w64-mingw32/FreedomStudio-3-1-1/SiFive/riscv64-unknown-elf-toolsuite-2.0.3/bin/../lib/gcc/riscv64-unknown-elf/13.2.0/../../../../riscv64-unknown-elf/lib/rv32imac/ilp32\libm_nano.a
LOAD C:/VSD_Sqd_Project/sifive_hifive1_BitNet_MNIST_App/bsp/install/lib/debug/\libmetal.a
LOAD C:/VSD_Sqd_Project/sifive_hifive1_BitNet_MNIST_App/bsp/install/lib/debug/\libmetal-gloss.a
END GROUP
                0x00000400                        __stack_size = DEFINED (__stack_size)?__stack_size:0x400
                [!provide]                        PROVIDE (__stack_size = __stack_size)
                0x00000800                        __heap_size = DEFINED (__heap_size)?__heap_size:0x800
                0x00000000                        PROVIDE (__metal_boot_hart = 0x0)
                0x00000001                        PROVIDE (__metal_chicken_bit = 0x1)
                0x00000000                        PROVIDE (__metal_eccscrub_bit = 0x0)
                [!provide]                        PROVIDE (metal_dtim_0_memory_start = 0x80000000)
                [!provide]                        PROVIDE (metal_dtim_0_memory_end = 0x80004000)

.init           0x20100000      0x2c4
 *(.text.metal.init.enter)
 .text.metal.init.enter
                0x20100000       0x88 C:/VSD_Sqd_Project/sifive_hifive1_BitNet_MNIST_App/bsp/install/lib/debug/\libmetal.a(entry.o)
                0x20100000                _enter
 *(.text.metal.init.*)
 .text.metal.init.__register_frame_info
                0x20100088        0x2 C:/VSD_Sqd_Project/sifive_hifive1_BitNet_MNIST_App/bsp/install/lib/debug/\libmetal.a(entry.o)
                0x20100088                __register_frame_info
 .text.metal.init.scrub
                0x2010008a       0xa8 C:/VSD_Sqd_Project/sifive_hifive1_BitNet_MNIST_App/bsp/install/lib/debug/\libmetal.a(scrub.o)
                0x2010008a                metal_mem_scrub
                0x201000cc                __metal_before_start
 *fill*         0x20100132        0x2 
 .text.metal.init.trapvec
                0x20100134        0xe C:/VSD_Sqd_Project/sifive_hifive1_BitNet_MNIST_App/bsp/install/lib/debug/\libmetal.a(trap.o)
                0x20100134                early_trap_vector
 *(SORT_NONE(.init))
 .init          0x20100142        0xe C:/VSD_Sqd_Project/sifive_hifive1_BitNet_MNIST_App/bsp/install/lib/debug/\libmetal.a(synchronize_harts.o)
                0x20100142                __metal_synchronize_harts
 *(.text.libgloss.start)
 .text.libgloss.start
                0x20100150      0x174 C:/VSD_Sqd_Project/sifive_hifive1_BitNet_MNIST_App/bsp/install/lib/debug/\libmetal-gloss.a(crt0.o)
                0x20100150                _start
                0x201002a2                _fini
                0x201002a2                _init
                0x201002a4                secondary_main

.fini
 *(SORT_NONE(.fini))

.preinit_array  0x201002c8        0x0
                0x201002c8                        PROVIDE (__preinit_array_start = .)
 *(.preinit_array)
                0x201002c8                        PROVIDE (__preinit_array_end = .)

.init_array     0x201002c8        0xc
                0x201002c8                        PROVIDE (__init_array_start = .)
 *(SORT_BY_INIT_PRIORITY(.init_array.*) SORT_BY_INIT_PRIORITY(.ctors.*))
 *(.init_array EXCLUDE_FILE(*crtend?.o *crtend.o *crtbegin?.o *crtbegin.o) .ctors)
                0x201002c8                        PROVIDE (__init_array_end = .)
                0x201002c8                        PROVIDE (metal_constructors_start = .)
 *(SORT_BY_INIT_PRIORITY(.metal.init_array.*))
 .metal.init_array.5000
                0x201002c8        0x4 C:/VSD_Sqd_Project/sifive_hifive1_BitNet_MNIST_App/bsp/install/lib/debug/\libmetal.a(tty.o)
                0x201002c8                _metal_tty_init_ptr
 .metal.init_array.5000
                0x201002cc        0x8 C:/VSD_Sqd_Project/sifive_hifive1_BitNet_MNIST_App/bsp/install/lib/debug/\libmetal.a(sifive_fe310-g000_pll.o)
                0x201002cc                _metal_sifive_fe310_g000_pll_init_ptr
                0x201002d0                _use_hfxosc_ptr
 *(.metal.init_array)
                0x201002d4                        PROVIDE (metal_constructors_end = .)

.fini_array     0x201002d8        0x0
                0x201002d8                        PROVIDE (__fini_array_start = .)
 *(SORT_BY_INIT_PRIORITY(.fini_array.*) SORT_BY_INIT_PRIORITY(.dtors.*))
 *(.fini_array EXCLUDE_FILE(*crtend?.o *crtend.o *crtbegin?.o *crtbegin.o) .dtors)
                0x201002d8                        PROVIDE (__fini_array_end = .)
                0x201002d8                        PROVIDE (metal_destructors_start = .)
 *(SORT_BY_INIT_PRIORITY(.metal.fini_array.*))
 *(.metal.fini_array)
                0x201002d8                        PROVIDE (metal_destructors_end = .)

.ctors          0x201002d4       0x7a
 *crtbegin.o(.ctors)
 *crtbegin?.o(.ctors)
 *(EXCLUDE_FILE(*crtend?.o *crtend.o) .ctors)
 *(SORT_BY_NAME(.ctors.*))
 *(.ctors)
 *(.metal.ctors .metal.ctors.*)
 .metal.ctors   0x201002d4       0x24 C:/VSD_Sqd_Project/sifive_hifive1_BitNet_MNIST_App/bsp/install/lib/debug/\libmetal.a(tty.o)
                0x201002d4                metal_tty_init
 .metal.ctors   0x201002f8       0x56 C:/VSD_Sqd_Project/sifive_hifive1_BitNet_MNIST_App/bsp/install/lib/debug/\libmetal.a(sifive_fe310-g000_pll.o)
                0x201002f8                metal_sifive_fe310_g000_pll_init
                0x20100324                use_hfxosc

.dtors
 *crtbegin.o(.dtors)
 *crtbegin?.o(.dtors)
 *(EXCLUDE_FILE(*crtend?.o *crtend.o) .dtors)
 *(SORT_BY_NAME(.dtors.*))
 *(.dtors)
 *(.metal.dtors .metal.dtors.*)

.rodata         0x20100350     0x4e34
 *(.rdata)
 *(.rodata .rodata.*)
 .rodata        0x20100350      0x274 C:\Users\shwet\AppData\Local\Temp\cc0xpuk6.o
 .rodata.L1_weights
                0x201005c4     0x2400 C:\Users\shwet\AppData\Local\Temp\ccLRDGic.o
                0x201005c4                L1_weights
 .rodata.L1_biases
                0x201029c4      0x100 C:\Users\shwet\AppData\Local\Temp\ccLRDGic.o
                0x201029c4                L1_biases
 .rodata.L2_weights
                0x20102ac4     0x1000 C:\Users\shwet\AppData\Local\Temp\ccLRDGic.o
                0x20102ac4                L2_weights
 .rodata.L2_biases
                0x20103ac4      0x100 C:\Users\shwet\AppData\Local\Temp\ccLRDGic.o
                0x20103ac4                L2_biases
 .rodata.L3_weights
                0x20103bc4      0x280 C:\Users\shwet\AppData\Local\Temp\ccLRDGic.o
                0x20103bc4                L3_weights
 .rodata.L3_biases
                0x20103e44       0x28 C:\Users\shwet\AppData\Local\Temp\ccLRDGic.o
                0x20103e44                L3_biases
 .rodata.input_data_0
                0x20103e6c       0x90 C:\Users\shwet\AppData\Local\Temp\ccLRDGic.o
                0x20103e6c                input_data_0
 .rodata.input_data_1
                0x20103efc       0x90 C:\Users\shwet\AppData\Local\Temp\ccLRDGic.o
                0x20103efc                input_data_1
 .rodata.input_data_2
                0x20103f8c       0x90 C:\Users\shwet\AppData\Local\Temp\ccLRDGic.o
                0x20103f8c                input_data_2
 .rodata.input_data_3
                0x2010401c       0x90 C:\Users\shwet\AppData\Local\Temp\ccLRDGic.o
                0x2010401c                input_data_3
 .rodata.input_data_4
                0x201040ac       0x90 C:\Users\shwet\AppData\Local\Temp\ccLRDGic.o
                0x201040ac                input_data_4
 .rodata.input_data_5
                0x2010413c       0x90 C:\Users\shwet\AppData\Local\Temp\ccLRDGic.o
                0x2010413c                input_data_5
 .rodata.input_data_6
                0x201041cc       0x90 C:\Users\shwet\AppData\Local\Temp\ccLRDGic.o
                0x201041cc                input_data_6
 .rodata.input_data_7
                0x2010425c       0x90 C:\Users\shwet\AppData\Local\Temp\ccLRDGic.o
                0x2010425c                input_data_7
 .rodata.input_data_8
                0x201042ec       0x90 C:\Users\shwet\AppData\Local\Temp\ccLRDGic.o
                0x201042ec                input_data_8
 .rodata.input_data_9
                0x2010437c       0x90 C:\Users\shwet\AppData\Local\Temp\ccLRDGic.o
                0x2010437c                input_data_9
 .rodata._vfprintf_r.str1.4
                0x2010440c       0x39 C:/VSD/FreedomStudio-3-1-1-x86_64-w64-mingw32/FreedomStudio-3-1-1/SiFive/riscv64-unknown-elf-toolsuite-2.0.3/bin/../lib/gcc/riscv64-unknown-elf/13.2.0/../../../../riscv64-unknown-elf/lib/rv32imac/ilp32\libc_nano.a(libc_a-nano-vfprintf.o)
                                 0x13 (size before relaxing)
 .rodata._printf_i.str1.4
                0x20104445       0x25 C:/VSD/FreedomStudio-3-1-1-x86_64-w64-mingw32/FreedomStudio-3-1-1/SiFive/riscv64-unknown-elf-toolsuite-2.0.3/bin/../lib/gcc/riscv64-unknown-elf/13.2.0/../../../../riscv64-unknown-elf/lib/rv32imac/ilp32\libc_nano.a(libc_a-nano-vfprintf_i.o)
 *fill*         0x20104445        0x3 
 .rodata._printf_i
                0x20104448       0x58 C:/VSD/FreedomStudio-3-1-1-x86_64-w64-mingw32/FreedomStudio-3-1-1/SiFive/riscv64-unknown-elf-toolsuite-2.0.3/bin/../lib/gcc/riscv64-unknown-elf/13.2.0/../../../../riscv64-unknown-elf/lib/rv32imac/ilp32\libc_nano.a(libc_a-nano-vfprintf_i.o)
 .rodata        0x201044a0       0x3c C:/VSD/FreedomStudio-3-1-1-x86_64-w64-mingw32/FreedomStudio-3-1-1/SiFive/riscv64-unknown-elf-toolsuite-2.0.3/bin/../lib/gcc/riscv64-unknown-elf/13.2.0/rv32imac/ilp32\libgcc.a(divsf3.o)
 .rodata        0x201044dc      0x100 C:/VSD/FreedomStudio-3-1-1-x86_64-w64-mingw32/FreedomStudio-3-1-1/SiFive/riscv64-unknown-elf-toolsuite-2.0.3/bin/../lib/gcc/riscv64-unknown-elf/13.2.0/rv32imac/ilp32\libgcc.a(_clz.o)
                0x201044dc                __clz_tab
 *fill*         0x201045dc        0x4 
 .rodata.libgloss.start
                0x201045e0       0x11 C:/VSD_Sqd_Project/sifive_hifive1_BitNet_MNIST_App/bsp/install/lib/debug/\libmetal-gloss.a(crt0.o)
 *fill*         0x201045f1        0x3 
 .rodata.__metal_driver_vtable_riscv_clint0
                0x201045f4       0x64 C:/VSD_Sqd_Project/sifive_hifive1_BitNet_MNIST_App/bsp/install/lib/debug/\libmetal.a(riscv_clint0.o)
                0x201045f4                __metal_driver_vtable_riscv_clint0
 .rodata.__metal_local_interrupt_enable
                0x20104658       0x80 C:/VSD_Sqd_Project/sifive_hifive1_BitNet_MNIST_App/bsp/install/lib/debug/\libmetal.a(riscv_cpu.o)
 .rodata.__metal_driver_vtable_riscv_cpu_intc
                0x201046d8       0x64 C:/VSD_Sqd_Project/sifive_hifive1_BitNet_MNIST_App/bsp/install/lib/debug/\libmetal.a(riscv_cpu.o)
                0x201046d8                __metal_driver_vtable_riscv_cpu_intc
 .rodata.__metal_driver_vtable_cpu
                0x2010473c       0x44 C:/VSD_Sqd_Project/sifive_hifive1_BitNet_MNIST_App/bsp/install/lib/debug/\libmetal.a(riscv_cpu.o)
                0x2010473c                __metal_driver_vtable_cpu
 .rodata.__metal_driver_vtable_riscv_plic0
                0x20104780       0x64 C:/VSD_Sqd_Project/sifive_hifive1_BitNet_MNIST_App/bsp/install/lib/debug/\libmetal.a(riscv_plic0.o)
                0x20104780                __metal_driver_vtable_riscv_plic0
 .rodata.pll_configs
                0x201047e4      0x880 C:/VSD_Sqd_Project/sifive_hifive1_BitNet_MNIST_App/bsp/install/lib/debug/\libmetal.a(sifive_fe310-g000_pll.o)
 .rodata.__metal_driver_vtable_sifive_fe310_g000_pll
                0x20105064        0xc C:/VSD_Sqd_Project/sifive_hifive1_BitNet_MNIST_App/bsp/install/lib/debug/\libmetal.a(sifive_fe310-g000_pll.o)
                0x20105064                __metal_driver_vtable_sifive_fe310_g000_pll
 .rodata.__metal_driver_sifive_gpio0_config_int
                0x20105070       0x20 C:/VSD_Sqd_Project/sifive_hifive1_BitNet_MNIST_App/bsp/install/lib/debug/\libmetal.a(sifive_gpio0.o)
 .rodata.__metal_driver_sifive_gpio0_clear_int
                0x20105090       0x20 C:/VSD_Sqd_Project/sifive_hifive1_BitNet_MNIST_App/bsp/install/lib/debug/\libmetal.a(sifive_gpio0.o)
 .rodata.__metal_driver_vtable_sifive_gpio0
                0x201050b0       0x3c C:/VSD_Sqd_Project/sifive_hifive1_BitNet_MNIST_App/bsp/install/lib/debug/\libmetal.a(sifive_gpio0.o)
                0x201050b0                __metal_driver_vtable_sifive_gpio0
 .rodata.__metal_driver_vtable_sifive_uart0
                0x201050ec       0x40 C:/VSD_Sqd_Project/sifive_hifive1_BitNet_MNIST_App/bsp/install/lib/debug/\libmetal.a(sifive_uart0.o)
                0x201050ec                __metal_driver_vtable_sifive_uart0
 *(.gnu.linkonce.r.*)
                0x20105130                        . = ALIGN (0x8)
 *fill*         0x2010512c        0x4 
 *(.srodata.cst16)
 *(.srodata.cst8)
 *(.srodata.cst4)
 *(.srodata.cst2)
 *(.srodata .srodata.*)
 .srodata.L1_input_zero_point
                0x20105130        0x4 C:\Users\shwet\AppData\Local\Temp\ccLRDGic.o
                0x20105130                L1_input_zero_point
 .srodata.L1_output_scale
                0x20105134        0x4 C:\Users\shwet\AppData\Local\Temp\ccLRDGic.o
                0x20105134                L1_output_scale
 .srodata.L1_weights_zero_point
                0x20105138        0x4 C:\Users\shwet\AppData\Local\Temp\ccLRDGic.o
                0x20105138                L1_weights_zero_point
 .srodata.L2_input_scale
                0x2010513c        0x4 C:\Users\shwet\AppData\Local\Temp\ccLRDGic.o
                0x2010513c                L2_input_scale
 .srodata.L2_input_zero_point
                0x20105140        0x4 C:\Users\shwet\AppData\Local\Temp\ccLRDGic.o
                0x20105140                L2_input_zero_point
 .srodata.L2_output_scale
                0x20105144        0x4 C:\Users\shwet\AppData\Local\Temp\ccLRDGic.o
                0x20105144                L2_output_scale
 .srodata.L2_weights_zero_point
                0x20105148        0x4 C:\Users\shwet\AppData\Local\Temp\ccLRDGic.o
                0x20105148                L2_weights_zero_point
 .srodata.L3_input_scale
                0x2010514c        0x4 C:\Users\shwet\AppData\Local\Temp\ccLRDGic.o
                0x2010514c                L3_input_scale
 .srodata.L3_input_zero_point
                0x20105150        0x4 C:\Users\shwet\AppData\Local\Temp\ccLRDGic.o
                0x20105150                L3_input_zero_point
 .srodata.L3_weights_zero_point
                0x20105154        0x4 C:\Users\shwet\AppData\Local\Temp\ccLRDGic.o
                0x20105154                L3_weights_zero_point
 .srodata.label_0
                0x20105158        0x1 C:\Users\shwet\AppData\Local\Temp\ccLRDGic.o
                0x20105158                label_0
 .srodata.label_1
                0x20105159        0x1 C:\Users\shwet\AppData\Local\Temp\ccLRDGic.o
                0x20105159                label_1
 .srodata.label_2
                0x2010515a        0x1 C:\Users\shwet\AppData\Local\Temp\ccLRDGic.o
                0x2010515a                label_2
 .srodata.label_3
                0x2010515b        0x1 C:\Users\shwet\AppData\Local\Temp\ccLRDGic.o
                0x2010515b                label_3
 .srodata.label_4
                0x2010515c        0x1 C:\Users\shwet\AppData\Local\Temp\ccLRDGic.o
                0x2010515c                label_4
 .srodata.label_5
                0x2010515d        0x1 C:\Users\shwet\AppData\Local\Temp\ccLRDGic.o
                0x2010515d                label_5
 .srodata.label_6
                0x2010515e        0x1 C:\Users\shwet\AppData\Local\Temp\ccLRDGic.o
                0x2010515e                label_6
 .srodata.label_7
                0x2010515f        0x1 C:\Users\shwet\AppData\Local\Temp\ccLRDGic.o
                0x2010515f                label_7
 .srodata.label_8
                0x20105160        0x1 C:\Users\shwet\AppData\Local\Temp\ccLRDGic.o
                0x20105160                label_8
 .srodata.label_9
                0x20105161        0x1 C:\Users\shwet\AppData\Local\Temp\ccLRDGic.o
                0x20105161                label_9
 *fill*         0x20105162        0x2 
 .srodata.__metal_driver_vtable_sifive_fe310_g000_hfrosc
                0x20105164        0x8 C:/VSD_Sqd_Project/sifive_hifive1_BitNet_MNIST_App/bsp/install/lib/debug/\libmetal.a(sifive_fe310-g000_hfrosc.o)
                0x20105164                __metal_driver_vtable_sifive_fe310_g000_hfrosc
 .srodata.__metal_driver_vtable_sifive_fe310_g000_hfxosc
                0x2010516c        0x8 C:/VSD_Sqd_Project/sifive_hifive1_BitNet_MNIST_App/bsp/install/lib/debug/\libmetal.a(sifive_fe310-g000_hfxosc.o)
                0x2010516c                __metal_driver_vtable_sifive_fe310_g000_hfxosc
 .srodata.__metal_driver_vtable_sifive_fe310_g000_prci
                0x20105174        0x8 C:/VSD_Sqd_Project/sifive_hifive1_BitNet_MNIST_App/bsp/install/lib/debug/\libmetal.a(sifive_fe310-g000_prci.o)
                0x20105174                __metal_driver_vtable_sifive_fe310_g000_prci
 .srodata.__metal_driver_vtable_fixed_clock
                0x2010517c        0x8 C:/VSD_Sqd_Project/sifive_hifive1_BitNet_MNIST_App/bsp/install/lib/debug/\libmetal.a(fixed-clock.o)
                0x2010517c                __metal_driver_vtable_fixed_clock

.itim           0x80000000        0x0 load address 0x20105188
 *(.itim .itim.*)
                0x20105188                        PROVIDE (metal_segment_itim_source_start = LOADADDR (.itim))
                0x80000000                        PROVIDE (metal_segment_itim_target_start = ADDR (.itim))
                0x80000000                        PROVIDE (metal_segment_itim_target_end = (ADDR (.itim) + SIZEOF (.itim)))

.lim            0x80000000        0x0 load address 0x20105188
 *(.lim .lim.*)
                0x20105188                        PROVIDE (metal_segment_lim_source_start = LOADADDR (.lim))
                0x80000000                        PROVIDE (metal_segment_lim_target_start = ADDR (.lim))
                0x80000000                        PROVIDE (metal_segment_lim_target_end = (ADDR (.lim) + SIZEOF (.lim)))

.text           0x20105200     0x723a
 *(.text.unlikely .text.unlikely.*)
 *(.text.startup .text.startup.*)
 *(.text .text.*)
 .text.quantized_relu_requantize
                0x20105200      0x10e C:\Users\shwet\AppData\Local\Temp\cc0xpuk6.o
                0x20105200                quantized_relu_requantize
 .text.processfclayer
                0x2010530e      0x100 C:\Users\shwet\AppData\Local\Temp\cc0xpuk6.o
                0x2010530e                processfclayer
 .text.software_delay
                0x2010540e       0x3a C:\Users\shwet\AppData\Local\Temp\cc0xpuk6.o
                0x2010540e                software_delay
 .text.display_banner
                0x20105448       0x3e C:\Users\shwet\AppData\Local\Temp\cc0xpuk6.o
                0x20105448                display_banner
 .text.QInt8Inference
                0x20105486      0x43a C:\Users\shwet\AppData\Local\Temp\cc0xpuk6.o
                0x20105486                QInt8Inference
 .text.main     0x201058c0       0xfc C:\Users\shwet\AppData\Local\Temp\cc0xpuk6.o
                0x201058c0                main
 .text.printf   0x201059bc       0x2c C:/VSD/FreedomStudio-3-1-1-x86_64-w64-mingw32/FreedomStudio-3-1-1/SiFive/riscv64-unknown-elf-toolsuite-2.0.3/bin/../lib/gcc/riscv64-unknown-elf/13.2.0/../../../../riscv64-unknown-elf/lib/rv32imac/ilp32\libc_nano.a(libc_a-printf.o)
                0x201059bc                iprintf
                0x201059bc                printf
 .text.putchar  0x201059e8       0x10 C:/VSD/FreedomStudio-3-1-1-x86_64-w64-mingw32/FreedomStudio-3-1-1/SiFive/riscv64-unknown-elf-toolsuite-2.0.3/bin/../lib/gcc/riscv64-unknown-elf/13.2.0/../../../../riscv64-unknown-elf/lib/rv32imac/ilp32\libc_nano.a(libc_a-putchar.o)
                0x201059e8                putchar
 .text._puts_r  0x201059f8       0xa4 C:/VSD/FreedomStudio-3-1-1-x86_64-w64-mingw32/FreedomStudio-3-1-1/SiFive/riscv64-unknown-elf-toolsuite-2.0.3/bin/../lib/gcc/riscv64-unknown-elf/13.2.0/../../../../riscv64-unknown-elf/lib/rv32imac/ilp32\libc_nano.a(libc_a-puts.o)
                0x201059f8                _puts_r
 .text.puts     0x20105a9c        0xc C:/VSD/FreedomStudio-3-1-1-x86_64-w64-mingw32/FreedomStudio-3-1-1/SiFive/riscv64-unknown-elf-toolsuite-2.0.3/bin/../lib/gcc/riscv64-unknown-elf/13.2.0/../../../../riscv64-unknown-elf/lib/rv32imac/ilp32\libc_nano.a(libc_a-puts.o)
                0x20105a9c                puts
 .text.__swbuf_r
                0x20105aa8       0x9c C:/VSD/FreedomStudio-3-1-1-x86_64-w64-mingw32/FreedomStudio-3-1-1/SiFive/riscv64-unknown-elf-toolsuite-2.0.3/bin/../lib/gcc/riscv64-unknown-elf/13.2.0/../../../../riscv64-unknown-elf/lib/rv32imac/ilp32\libc_nano.a(libc_a-wbuf.o)
                0x20105aa8                __swbuf_r
 .text.__swsetup_r
                0x20105b44       0xcc C:/VSD/FreedomStudio-3-1-1-x86_64-w64-mingw32/FreedomStudio-3-1-1/SiFive/riscv64-unknown-elf-toolsuite-2.0.3/bin/../lib/gcc/riscv64-unknown-elf/13.2.0/../../../../riscv64-unknown-elf/lib/rv32imac/ilp32\libc_nano.a(libc_a-wsetup.o)
                0x20105b44                __swsetup_r
 .text          0x20105c10       0xa8 C:/VSD/FreedomStudio-3-1-1-x86_64-w64-mingw32/FreedomStudio-3-1-1/SiFive/riscv64-unknown-elf-toolsuite-2.0.3/bin/../lib/gcc/riscv64-unknown-elf/13.2.0/../../../../riscv64-unknown-elf/lib/rv32imac/ilp32\libc_nano.a(libc_a-memset.o)
                0x20105c10                memset
 .text._free_r  0x20105cb8       0xa2 C:/VSD/FreedomStudio-3-1-1-x86_64-w64-mingw32/FreedomStudio-3-1-1/SiFive/riscv64-unknown-elf-toolsuite-2.0.3/bin/../lib/gcc/riscv64-unknown-elf/13.2.0/../../../../riscv64-unknown-elf/lib/rv32imac/ilp32\libc_nano.a(libc_a-freer.o)
                0x20105cb8                _free_r
 .text.sbrk_aligned
                0x20105d5a       0x5e C:/VSD/FreedomStudio-3-1-1-x86_64-w64-mingw32/FreedomStudio-3-1-1/SiFive/riscv64-unknown-elf-toolsuite-2.0.3/bin/../lib/gcc/riscv64-unknown-elf/13.2.0/../../../../riscv64-unknown-elf/lib/rv32imac/ilp32\libc_nano.a(libc_a-mallocr.o)
 .text._malloc_r
                0x20105db8      0x124 C:/VSD/FreedomStudio-3-1-1-x86_64-w64-mingw32/FreedomStudio-3-1-1/SiFive/riscv64-unknown-elf-toolsuite-2.0.3/bin/../lib/gcc/riscv64-unknown-elf/13.2.0/../../../../riscv64-unknown-elf/lib/rv32imac/ilp32\libc_nano.a(libc_a-mallocr.o)
                0x20105db8                _malloc_r
 .text.__malloc_lock
                0x20105edc        0x2 C:/VSD/FreedomStudio-3-1-1-x86_64-w64-mingw32/FreedomStudio-3-1-1/SiFive/riscv64-unknown-elf-toolsuite-2.0.3/bin/../lib/gcc/riscv64-unknown-elf/13.2.0/../../../../riscv64-unknown-elf/lib/rv32imac/ilp32\libc_nano.a(libc_a-mlock.o)
                0x20105edc                __malloc_lock
 .text.__malloc_unlock
                0x20105ede        0x2 C:/VSD/FreedomStudio-3-1-1-x86_64-w64-mingw32/FreedomStudio-3-1-1/SiFive/riscv64-unknown-elf-toolsuite-2.0.3/bin/../lib/gcc/riscv64-unknown-elf/13.2.0/../../../../riscv64-unknown-elf/lib/rv32imac/ilp32\libc_nano.a(libc_a-mlock.o)
                0x20105ede                __malloc_unlock
 .text.__sfputc_r
                0x20105ee0       0x28 C:/VSD/FreedomStudio-3-1-1-x86_64-w64-mingw32/FreedomStudio-3-1-1/SiFive/riscv64-unknown-elf-toolsuite-2.0.3/bin/../lib/gcc/riscv64-unknown-elf/13.2.0/../../../../riscv64-unknown-elf/lib/rv32imac/ilp32\libc_nano.a(libc_a-nano-vfprintf.o)
 .text.__sfputs_r
                0x20105f08       0x42 C:/VSD/FreedomStudio-3-1-1-x86_64-w64-mingw32/FreedomStudio-3-1-1/SiFive/riscv64-unknown-elf-toolsuite-2.0.3/bin/../lib/gcc/riscv64-unknown-elf/13.2.0/../../../../riscv64-unknown-elf/lib/rv32imac/ilp32\libc_nano.a(libc_a-nano-vfprintf.o)
                0x20105f08                __sfputs_r
 .text._vfprintf_r
                0x20105f4a      0x266 C:/VSD/FreedomStudio-3-1-1-x86_64-w64-mingw32/FreedomStudio-3-1-1/SiFive/riscv64-unknown-elf-toolsuite-2.0.3/bin/../lib/gcc/riscv64-unknown-elf/13.2.0/../../../../riscv64-unknown-elf/lib/rv32imac/ilp32\libc_nano.a(libc_a-nano-vfprintf.o)
                0x20105f4a                _vfprintf_r
                0x20105f4a                _vfiprintf_r
 .text._printf_common
                0x201061b0      0x110 C:/VSD/FreedomStudio-3-1-1-x86_64-w64-mingw32/FreedomStudio-3-1-1/SiFive/riscv64-unknown-elf-toolsuite-2.0.3/bin/../lib/gcc/riscv64-unknown-elf/13.2.0/../../../../riscv64-unknown-elf/lib/rv32imac/ilp32\libc_nano.a(libc_a-nano-vfprintf_i.o)
                0x201061b0                _printf_common
 .text._printf_i
                0x201062c0      0x262 C:/VSD/FreedomStudio-3-1-1-x86_64-w64-mingw32/FreedomStudio-3-1-1/SiFive/riscv64-unknown-elf-toolsuite-2.0.3/bin/../lib/gcc/riscv64-unknown-elf/13.2.0/../../../../riscv64-unknown-elf/lib/rv32imac/ilp32\libc_nano.a(libc_a-nano-vfprintf_i.o)
                0x201062c0                _printf_i
 .text.__sflush_r
                0x20106522      0x13c C:/VSD/FreedomStudio-3-1-1-x86_64-w64-mingw32/FreedomStudio-3-1-1/SiFive/riscv64-unknown-elf-toolsuite-2.0.3/bin/../lib/gcc/riscv64-unknown-elf/13.2.0/../../../../riscv64-unknown-elf/lib/rv32imac/ilp32\libc_nano.a(libc_a-fflush.o)
                0x20106522                __sflush_r
 .text._fflush_r
                0x2010665e       0x36 C:/VSD/FreedomStudio-3-1-1-x86_64-w64-mingw32/FreedomStudio-3-1-1/SiFive/riscv64-unknown-elf-toolsuite-2.0.3/bin/../lib/gcc/riscv64-unknown-elf/13.2.0/../../../../riscv64-unknown-elf/lib/rv32imac/ilp32\libc_nano.a(libc_a-fflush.o)
                0x2010665e                _fflush_r
 .text.std      0x20106694       0x6a C:/VSD/FreedomStudio-3-1-1-x86_64-w64-mingw32/FreedomStudio-3-1-1/SiFive/riscv64-unknown-elf-toolsuite-2.0.3/bin/../lib/gcc/riscv64-unknown-elf/13.2.0/../../../../riscv64-unknown-elf/lib/rv32imac/ilp32\libc_nano.a(libc_a-findfp.o)
 .text.stdio_exit_handler
                0x201066fe       0x1a C:/VSD/FreedomStudio-3-1-1-x86_64-w64-mingw32/FreedomStudio-3-1-1/SiFive/riscv64-unknown-elf-toolsuite-2.0.3/bin/../lib/gcc/riscv64-unknown-elf/13.2.0/../../../../riscv64-unknown-elf/lib/rv32imac/ilp32\libc_nano.a(libc_a-findfp.o)
 .text.cleanup_stdio
                0x20106718       0x3e C:/VSD/FreedomStudio-3-1-1-x86_64-w64-mingw32/FreedomStudio-3-1-1/SiFive/riscv64-unknown-elf-toolsuite-2.0.3/bin/../lib/gcc/riscv64-unknown-elf/13.2.0/../../../../riscv64-unknown-elf/lib/rv32imac/ilp32\libc_nano.a(libc_a-findfp.o)
 .text.global_stdio_init.part.0
                0x20106756       0x36 C:/VSD/FreedomStudio-3-1-1-x86_64-w64-mingw32/FreedomStudio-3-1-1/SiFive/riscv64-unknown-elf-toolsuite-2.0.3/bin/../lib/gcc/riscv64-unknown-elf/13.2.0/../../../../riscv64-unknown-elf/lib/rv32imac/ilp32\libc_nano.a(libc_a-findfp.o)
 .text.__sinit  0x2010678c       0x1c C:/VSD/FreedomStudio-3-1-1-x86_64-w64-mingw32/FreedomStudio-3-1-1/SiFive/riscv64-unknown-elf-toolsuite-2.0.3/bin/../lib/gcc/riscv64-unknown-elf/13.2.0/../../../../riscv64-unknown-elf/lib/rv32imac/ilp32\libc_nano.a(libc_a-findfp.o)
                0x2010678c                __sinit
 .text._fwalk_sglue
                0x201067a8       0x68 C:/VSD/FreedomStudio-3-1-1-x86_64-w64-mingw32/FreedomStudio-3-1-1/SiFive/riscv64-unknown-elf-toolsuite-2.0.3/bin/../lib/gcc/riscv64-unknown-elf/13.2.0/../../../../riscv64-unknown-elf/lib/rv32imac/ilp32\libc_nano.a(libc_a-fwalk.o)
                0x201067a8                _fwalk_sglue
 .text.__swhatbuf_r
                0x20106810       0x5a C:/VSD/FreedomStudio-3-1-1-x86_64-w64-mingw32/FreedomStudio-3-1-1/SiFive/riscv64-unknown-elf-toolsuite-2.0.3/bin/../lib/gcc/riscv64-unknown-elf/13.2.0/../../../../riscv64-unknown-elf/lib/rv32imac/ilp32\libc_nano.a(libc_a-makebuf.o)
                0x20106810                __swhatbuf_r
 .text.__smakebuf_r
                0x2010686a       0x9a C:/VSD/FreedomStudio-3-1-1-x86_64-w64-mingw32/FreedomStudio-3-1-1/SiFive/riscv64-unknown-elf-toolsuite-2.0.3/bin/../lib/gcc/riscv64-unknown-elf/13.2.0/../../../../riscv64-unknown-elf/lib/rv32imac/ilp32\libc_nano.a(libc_a-makebuf.o)
                0x2010686a                __smakebuf_r
 .text._putc_r  0x20106904       0x56 C:/VSD/FreedomStudio-3-1-1-x86_64-w64-mingw32/FreedomStudio-3-1-1/SiFive/riscv64-unknown-elf-toolsuite-2.0.3/bin/../lib/gcc/riscv64-unknown-elf/13.2.0/../../../../riscv64-unknown-elf/lib/rv32imac/ilp32\libc_nano.a(libc_a-putc.o)
                0x20106904                _putc_r
 .text.__sread  0x2010695a       0x30 C:/VSD/FreedomStudio-3-1-1-x86_64-w64-mingw32/FreedomStudio-3-1-1/SiFive/riscv64-unknown-elf-toolsuite-2.0.3/bin/../lib/gcc/riscv64-unknown-elf/13.2.0/../../../../riscv64-unknown-elf/lib/rv32imac/ilp32\libc_nano.a(libc_a-stdio.o)
                0x2010695a                __sread
 .text.__swrite
                0x2010698a       0x4e C:/VSD/FreedomStudio-3-1-1-x86_64-w64-mingw32/FreedomStudio-3-1-1/SiFive/riscv64-unknown-elf-toolsuite-2.0.3/bin/../lib/gcc/riscv64-unknown-elf/13.2.0/../../../../riscv64-unknown-elf/lib/rv32imac/ilp32\libc_nano.a(libc_a-stdio.o)
                0x2010698a                __swrite
 .text.__sseek  0x201069d8       0x36 C:/VSD/FreedomStudio-3-1-1-x86_64-w64-mingw32/FreedomStudio-3-1-1/SiFive/riscv64-unknown-elf-toolsuite-2.0.3/bin/../lib/gcc/riscv64-unknown-elf/13.2.0/../../../../riscv64-unknown-elf/lib/rv32imac/ilp32\libc_nano.a(libc_a-stdio.o)
                0x201069d8                __sseek
 .text.__sclose
                0x20106a0e        0x6 C:/VSD/FreedomStudio-3-1-1-x86_64-w64-mingw32/FreedomStudio-3-1-1/SiFive/riscv64-unknown-elf-toolsuite-2.0.3/bin/../lib/gcc/riscv64-unknown-elf/13.2.0/../../../../riscv64-unknown-elf/lib/rv32imac/ilp32\libc_nano.a(libc_a-stdio.o)
                0x20106a0e                __sclose
 .text.memchr   0x20106a14       0x1a C:/VSD/FreedomStudio-3-1-1-x86_64-w64-mingw32/FreedomStudio-3-1-1/SiFive/riscv64-unknown-elf-toolsuite-2.0.3/bin/../lib/gcc/riscv64-unknown-elf/13.2.0/../../../../riscv64-unknown-elf/lib/rv32imac/ilp32\libc_nano.a(libc_a-memchr.o)
                0x20106a14                memchr
 .text._close_r
                0x20106a2e       0x30 C:/VSD/FreedomStudio-3-1-1-x86_64-w64-mingw32/FreedomStudio-3-1-1/SiFive/riscv64-unknown-elf-toolsuite-2.0.3/bin/../lib/gcc/riscv64-unknown-elf/13.2.0/../../../../riscv64-unknown-elf/lib/rv32imac/ilp32\libc_nano.a(libc_a-closer.o)
                0x20106a2e                _close_r
 .text._fstat_r
                0x20106a5e       0x32 C:/VSD/FreedomStudio-3-1-1-x86_64-w64-mingw32/FreedomStudio-3-1-1/SiFive/riscv64-unknown-elf-toolsuite-2.0.3/bin/../lib/gcc/riscv64-unknown-elf/13.2.0/../../../../riscv64-unknown-elf/lib/rv32imac/ilp32\libc_nano.a(libc_a-fstatr.o)
                0x20106a5e                _fstat_r
 .text._isatty_r
                0x20106a90       0x30 C:/VSD/FreedomStudio-3-1-1-x86_64-w64-mingw32/FreedomStudio-3-1-1/SiFive/riscv64-unknown-elf-toolsuite-2.0.3/bin/../lib/gcc/riscv64-unknown-elf/13.2.0/../../../../riscv64-unknown-elf/lib/rv32imac/ilp32\libc_nano.a(libc_a-isattyr.o)
                0x20106a90                _isatty_r
 .text._lseek_r
                0x20106ac0       0x34 C:/VSD/FreedomStudio-3-1-1-x86_64-w64-mingw32/FreedomStudio-3-1-1/SiFive/riscv64-unknown-elf-toolsuite-2.0.3/bin/../lib/gcc/riscv64-unknown-elf/13.2.0/../../../../riscv64-unknown-elf/lib/rv32imac/ilp32\libc_nano.a(libc_a-lseekr.o)
                0x20106ac0                _lseek_r
 .text._read_r  0x20106af4       0x34 C:/VSD/FreedomStudio-3-1-1-x86_64-w64-mingw32/FreedomStudio-3-1-1/SiFive/riscv64-unknown-elf-toolsuite-2.0.3/bin/../lib/gcc/riscv64-unknown-elf/13.2.0/../../../../riscv64-unknown-elf/lib/rv32imac/ilp32\libc_nano.a(libc_a-readr.o)
                0x20106af4                _read_r
 .text._sbrk_r  0x20106b28       0x30 C:/VSD/FreedomStudio-3-1-1-x86_64-w64-mingw32/FreedomStudio-3-1-1/SiFive/riscv64-unknown-elf-toolsuite-2.0.3/bin/../lib/gcc/riscv64-unknown-elf/13.2.0/../../../../riscv64-unknown-elf/lib/rv32imac/ilp32\libc_nano.a(libc_a-sbrkr.o)
                0x20106b28                _sbrk_r
 .text._write_r
                0x20106b58       0x34 C:/VSD/FreedomStudio-3-1-1-x86_64-w64-mingw32/FreedomStudio-3-1-1/SiFive/riscv64-unknown-elf-toolsuite-2.0.3/bin/../lib/gcc/riscv64-unknown-elf/13.2.0/../../../../riscv64-unknown-elf/lib/rv32imac/ilp32\libc_nano.a(libc_a-writer.o)
                0x20106b58                _write_r
 .text          0x20106b8c       0x64 C:/VSD/FreedomStudio-3-1-1-x86_64-w64-mingw32/FreedomStudio-3-1-1/SiFive/riscv64-unknown-elf-toolsuite-2.0.3/bin/../lib/gcc/riscv64-unknown-elf/13.2.0/rv32imac/ilp32\libgcc.a(fixdfsi.o)
                0x20106b8c                __fixdfsi
 .text          0x20106bf0      0x24a C:/VSD/FreedomStudio-3-1-1-x86_64-w64-mingw32/FreedomStudio-3-1-1/SiFive/riscv64-unknown-elf-toolsuite-2.0.3/bin/../lib/gcc/riscv64-unknown-elf/13.2.0/rv32imac/ilp32\libgcc.a(divsf3.o)
                0x20106bf0                __divsf3
 .text          0x20106e3a      0x236 C:/VSD/FreedomStudio-3-1-1-x86_64-w64-mingw32/FreedomStudio-3-1-1/SiFive/riscv64-unknown-elf-toolsuite-2.0.3/bin/../lib/gcc/riscv64-unknown-elf/13.2.0/rv32imac/ilp32\libgcc.a(mulsf3.o)
                0x20106e3a                __mulsf3
 .text          0x20107070       0xb6 C:/VSD/FreedomStudio-3-1-1-x86_64-w64-mingw32/FreedomStudio-3-1-1/SiFive/riscv64-unknown-elf-toolsuite-2.0.3/bin/../lib/gcc/riscv64-unknown-elf/13.2.0/rv32imac/ilp32\libgcc.a(floatsisf.o)
                0x20107070                __floatsisf
 .text          0x20107126       0x96 C:/VSD/FreedomStudio-3-1-1-x86_64-w64-mingw32/FreedomStudio-3-1-1/SiFive/riscv64-unknown-elf-toolsuite-2.0.3/bin/../lib/gcc/riscv64-unknown-elf/13.2.0/rv32imac/ilp32\libgcc.a(extendsfdf2.o)
                0x20107126                __extendsfdf2
 .text          0x201071bc       0x3c C:/VSD/FreedomStudio-3-1-1-x86_64-w64-mingw32/FreedomStudio-3-1-1/SiFive/riscv64-unknown-elf-toolsuite-2.0.3/bin/../lib/gcc/riscv64-unknown-elf/13.2.0/rv32imac/ilp32\libgcc.a(_clzsi2.o)
                0x201071bc                __clzsi2
 .text.round    0x201071f8       0xae C:/VSD/FreedomStudio-3-1-1-x86_64-w64-mingw32/FreedomStudio-3-1-1/SiFive/riscv64-unknown-elf-toolsuite-2.0.3/bin/../lib/gcc/riscv64-unknown-elf/13.2.0/../../../../riscv64-unknown-elf/lib/rv32imac/ilp32\libm_nano.a(libm_a-s_round.o)
                0x201071f8                round
 .text._close   0x201072a6       0x22 C:/VSD_Sqd_Project/sifive_hifive1_BitNet_MNIST_App/bsp/install/lib/debug/\libmetal-gloss.a(sys_close.o)
                0x201072a6                _close
 .text._fstat   0x201072c8       0x26 C:/VSD_Sqd_Project/sifive_hifive1_BitNet_MNIST_App/bsp/install/lib/debug/\libmetal-gloss.a(sys_fstat.o)
                0x201072c8                _fstat
 .text._isatty  0x201072ee       0x20 C:/VSD_Sqd_Project/sifive_hifive1_BitNet_MNIST_App/bsp/install/lib/debug/\libmetal-gloss.a(sys_isatty.o)
                0x201072ee                _isatty
 .text._lseek   0x2010730e       0x2a C:/VSD_Sqd_Project/sifive_hifive1_BitNet_MNIST_App/bsp/install/lib/debug/\libmetal-gloss.a(sys_lseek.o)
                0x2010730e                _lseek
 .text._read    0x20107338       0x2a C:/VSD_Sqd_Project/sifive_hifive1_BitNet_MNIST_App/bsp/install/lib/debug/\libmetal-gloss.a(sys_read.o)
                0x20107338                _read
 .text._sbrk    0x20107362       0x8a C:/VSD_Sqd_Project/sifive_hifive1_BitNet_MNIST_App/bsp/install/lib/debug/\libmetal-gloss.a(sys_sbrk.o)
                0x20107362                _sbrk
 .text._write   0x201073ec       0x70 C:/VSD_Sqd_Project/sifive_hifive1_BitNet_MNIST_App/bsp/install/lib/debug/\libmetal-gloss.a(sys_write.o)
                0x201073ec                _write
                0x201073ec                write
 .text.atexit   0x2010745c        0xa C:/VSD/FreedomStudio-3-1-1-x86_64-w64-mingw32/FreedomStudio-3-1-1/SiFive/riscv64-unknown-elf-toolsuite-2.0.3/bin/../lib/gcc/riscv64-unknown-elf/13.2.0/../../../../riscv64-unknown-elf/lib/rv32imac/ilp32\libc_nano.a(libc_a-atexit.o)
                0x2010745c                atexit
 .text.exit     0x20107466       0x28 C:/VSD/FreedomStudio-3-1-1-x86_64-w64-mingw32/FreedomStudio-3-1-1/SiFive/riscv64-unknown-elf-toolsuite-2.0.3/bin/../lib/gcc/riscv64-unknown-elf/13.2.0/../../../../riscv64-unknown-elf/lib/rv32imac/ilp32\libc_nano.a(libc_a-exit.o)
                0x20107466                exit
 .text.__errno  0x2010748e        0xa C:/VSD/FreedomStudio-3-1-1-x86_64-w64-mingw32/FreedomStudio-3-1-1/SiFive/riscv64-unknown-elf-toolsuite-2.0.3/bin/../lib/gcc/riscv64-unknown-elf/13.2.0/../../../../riscv64-unknown-elf/lib/rv32imac/ilp32\libc_nano.a(libc_a-errno.o)
                0x2010748e                __errno
 .text.__libc_init_array
                0x20107498       0x5e C:/VSD/FreedomStudio-3-1-1-x86_64-w64-mingw32/FreedomStudio-3-1-1/SiFive/riscv64-unknown-elf-toolsuite-2.0.3/bin/../lib/gcc/riscv64-unknown-elf/13.2.0/../../../../riscv64-unknown-elf/lib/rv32imac/ilp32\libc_nano.a(libc_a-init.o)
                0x20107498                __libc_init_array
 .text.__libc_fini_array
                0x201074f6       0x36 C:/VSD/FreedomStudio-3-1-1-x86_64-w64-mingw32/FreedomStudio-3-1-1/SiFive/riscv64-unknown-elf-toolsuite-2.0.3/bin/../lib/gcc/riscv64-unknown-elf/13.2.0/../../../../riscv64-unknown-elf/lib/rv32imac/ilp32\libc_nano.a(libc_a-fini.o)
                0x201074f6                __libc_fini_array
 .text.__register_exitproc
                0x2010752c       0x78 C:/VSD/FreedomStudio-3-1-1-x86_64-w64-mingw32/FreedomStudio-3-1-1/SiFive/riscv64-unknown-elf-toolsuite-2.0.3/bin/../lib/gcc/riscv64-unknown-elf/13.2.0/../../../../riscv64-unknown-elf/lib/rv32imac/ilp32\libc_nano.a(libc_a-__atexit.o)
                0x2010752c                __register_exitproc
 .text.__call_exitprocs
                0x201075a4       0xc8 C:/VSD/FreedomStudio-3-1-1-x86_64-w64-mingw32/FreedomStudio-3-1-1/SiFive/riscv64-unknown-elf-toolsuite-2.0.3/bin/../lib/gcc/riscv64-unknown-elf/13.2.0/../../../../riscv64-unknown-elf/lib/rv32imac/ilp32\libc_nano.a(libc_a-__call_atexit.o)
                0x201075a4                __call_exitprocs
 .text          0x2010766c      0x5f2 C:/VSD/FreedomStudio-3-1-1-x86_64-w64-mingw32/FreedomStudio-3-1-1/SiFive/riscv64-unknown-elf-toolsuite-2.0.3/bin/../lib/gcc/riscv64-unknown-elf/13.2.0/rv32imac/ilp32\libgcc.a(adddf3.o)
                0x2010766c                __adddf3
 .text.metal_init
                0x20107c5e       0x78 C:/VSD_Sqd_Project/sifive_hifive1_BitNet_MNIST_App/bsp/install/lib/debug/\libmetal.a(init.o)
                0x20107c5e                metal_init
 .text.metal_fini
                0x20107cd6       0x78 C:/VSD_Sqd_Project/sifive_hifive1_BitNet_MNIST_App/bsp/install/lib/debug/\libmetal.a(init.o)
                0x20107cd6                metal_fini
 .text.metal_init_run
                0x20107d4e       0x14 C:/VSD_Sqd_Project/sifive_hifive1_BitNet_MNIST_App/bsp/install/lib/debug/\libmetal.a(init.o)
                0x20107d4e                metal_init_run
 .text.metal_fini_run
                0x20107d62       0x14 C:/VSD_Sqd_Project/sifive_hifive1_BitNet_MNIST_App/bsp/install/lib/debug/\libmetal.a(init.o)
                0x20107d62                metal_fini_run
 .text.metal_tty_putc
                0x20107d76       0x26 C:/VSD_Sqd_Project/sifive_hifive1_BitNet_MNIST_App/bsp/install/lib/debug/\libmetal.a(tty.o)
                0x20107d76                metal_tty_putc
 .text.metal_uart_init
                0x20107d9c       0x2c C:/VSD_Sqd_Project/sifive_hifive1_BitNet_MNIST_App/bsp/install/lib/debug/\libmetal.a(uart.o)
                0x20107d9c                metal_uart_init
 .text.metal_uart_putc
                0x20107dc8       0x2e C:/VSD_Sqd_Project/sifive_hifive1_BitNet_MNIST_App/bsp/install/lib/debug/\libmetal.a(uart.o)
                0x20107dc8                metal_uart_putc
 .text.metal_uart_set_baud_rate
                0x20107df6       0x2e C:/VSD_Sqd_Project/sifive_hifive1_BitNet_MNIST_App/bsp/install/lib/debug/\libmetal.a(uart.o)
                0x20107df6                metal_uart_set_baud_rate
 .text.__metal_driver_sifive_clint0_control_base
                0x20107e24       0x2a C:/VSD_Sqd_Project/sifive_hifive1_BitNet_MNIST_App/bsp/install/lib/debug/\libmetal.a(riscv_clint0.o)
 .text.__metal_driver_sifive_clint0_num_interrupts
                0x20107e4e       0x28 C:/VSD_Sqd_Project/sifive_hifive1_BitNet_MNIST_App/bsp/install/lib/debug/\libmetal.a(riscv_clint0.o)
 .text.__metal_driver_sifive_clint0_interrupt_parents
                0x20107e76       0x3c C:/VSD_Sqd_Project/sifive_hifive1_BitNet_MNIST_App/bsp/install/lib/debug/\libmetal.a(riscv_clint0.o)
 .text.__metal_driver_sifive_clint0_interrupt_lines
                0x20107eb2       0x30 C:/VSD_Sqd_Project/sifive_hifive1_BitNet_MNIST_App/bsp/install/lib/debug/\libmetal.a(riscv_clint0.o)
 .text.__metal_clint0_mtime_get
                0x20107ee2       0x9a C:/VSD_Sqd_Project/sifive_hifive1_BitNet_MNIST_App/bsp/install/lib/debug/\libmetal.a(riscv_clint0.o)
                0x20107ee2                __metal_clint0_mtime_get
 .text.__metal_driver_riscv_clint0_mtimecmp_set
                0x20107f7c       0x96 C:/VSD_Sqd_Project/sifive_hifive1_BitNet_MNIST_App/bsp/install/lib/debug/\libmetal.a(riscv_clint0.o)
                0x20107f7c                __metal_driver_riscv_clint0_mtimecmp_set
 .text._get_cpu_intc
                0x20108012       0x36 C:/VSD_Sqd_Project/sifive_hifive1_BitNet_MNIST_App/bsp/install/lib/debug/\libmetal.a(riscv_clint0.o)
 .text.__metal_driver_riscv_clint0_init
                0x20108048       0x88 C:/VSD_Sqd_Project/sifive_hifive1_BitNet_MNIST_App/bsp/install/lib/debug/\libmetal.a(riscv_clint0.o)
                0x20108048                __metal_driver_riscv_clint0_init
 .text.__metal_driver_riscv_clint0_register
                0x201080d0       0xda C:/VSD_Sqd_Project/sifive_hifive1_BitNet_MNIST_App/bsp/install/lib/debug/\libmetal.a(riscv_clint0.o)
                0x201080d0                __metal_driver_riscv_clint0_register
 .text.__metal_driver_riscv_clint0_vector_register
                0x201081aa       0x28 C:/VSD_Sqd_Project/sifive_hifive1_BitNet_MNIST_App/bsp/install/lib/debug/\libmetal.a(riscv_clint0.o)
                0x201081aa                __metal_driver_riscv_clint0_vector_register
 .text.__metal_driver_riscv_clint0_get_vector_mode
                0x201081d2       0x1c C:/VSD_Sqd_Project/sifive_hifive1_BitNet_MNIST_App/bsp/install/lib/debug/\libmetal.a(riscv_clint0.o)
                0x201081d2                __metal_driver_riscv_clint0_get_vector_mode
 .text.__metal_driver_riscv_clint0_set_vector_mode
                0x201081ee       0x54 C:/VSD_Sqd_Project/sifive_hifive1_BitNet_MNIST_App/bsp/install/lib/debug/\libmetal.a(riscv_clint0.o)
                0x201081ee                __metal_driver_riscv_clint0_set_vector_mode
 .text.__metal_driver_riscv_clint0_enable
                0x20108242       0xb8 C:/VSD_Sqd_Project/sifive_hifive1_BitNet_MNIST_App/bsp/install/lib/debug/\libmetal.a(riscv_clint0.o)
                0x20108242                __metal_driver_riscv_clint0_enable
 .text.__metal_driver_riscv_clint0_disable
                0x201082fa       0xb8 C:/VSD_Sqd_Project/sifive_hifive1_BitNet_MNIST_App/bsp/install/lib/debug/\libmetal.a(riscv_clint0.o)
                0x201082fa                __metal_driver_riscv_clint0_disable
 .text.__metal_driver_riscv_clint0_command_request
                0x201083b2      0x140 C:/VSD_Sqd_Project/sifive_hifive1_BitNet_MNIST_App/bsp/install/lib/debug/\libmetal.a(riscv_clint0.o)
                0x201083b2                __metal_driver_riscv_clint0_command_request
 .text.__metal_driver_riscv_clint0_clear_interrupt
                0x201084f2       0x34 C:/VSD_Sqd_Project/sifive_hifive1_BitNet_MNIST_App/bsp/install/lib/debug/\libmetal.a(riscv_clint0.o)
                0x201084f2                __metal_driver_riscv_clint0_clear_interrupt
 .text.__metal_driver_riscv_clint0_set_interrupt
                0x20108526       0x34 C:/VSD_Sqd_Project/sifive_hifive1_BitNet_MNIST_App/bsp/install/lib/debug/\libmetal.a(riscv_clint0.o)
                0x20108526                __metal_driver_riscv_clint0_set_interrupt
 .text.__metal_driver_cpu_hartid
                0x2010855a       0x24 C:/VSD_Sqd_Project/sifive_hifive1_BitNet_MNIST_App/bsp/install/lib/debug/\libmetal.a(riscv_cpu.o)
 .text.__metal_driver_cpu_timebase
                0x2010857e       0x2a C:/VSD_Sqd_Project/sifive_hifive1_BitNet_MNIST_App/bsp/install/lib/debug/\libmetal.a(riscv_cpu.o)
 .text.__metal_driver_cpu_interrupt_controller
                0x201085a8       0x2a C:/VSD_Sqd_Project/sifive_hifive1_BitNet_MNIST_App/bsp/install/lib/debug/\libmetal.a(riscv_cpu.o)
 .text.__metal_driver_cpu_buserror
                0x201085d2       0x24 C:/VSD_Sqd_Project/sifive_hifive1_BitNet_MNIST_App/bsp/install/lib/debug/\libmetal.a(riscv_cpu.o)
 .text.__metal_driver_cpu_get
                0x201085f6       0x30 C:/VSD_Sqd_Project/sifive_hifive1_BitNet_MNIST_App/bsp/install/lib/debug/\libmetal.a(riscv_cpu.o)
                0x201085f6                __metal_driver_cpu_get
 .text.__metal_myhart_id
                0x20108626       0x1a C:/VSD_Sqd_Project/sifive_hifive1_BitNet_MNIST_App/bsp/install/lib/debug/\libmetal.a(riscv_cpu.o)
                0x20108626                __metal_myhart_id
 .text.__metal_interrupt_global_enable
                0x20108640       0x18 C:/VSD_Sqd_Project/sifive_hifive1_BitNet_MNIST_App/bsp/install/lib/debug/\libmetal.a(riscv_cpu.o)
                0x20108640                __metal_interrupt_global_enable
 .text.__metal_interrupt_global_disable
                0x20108658       0x18 C:/VSD_Sqd_Project/sifive_hifive1_BitNet_MNIST_App/bsp/install/lib/debug/\libmetal.a(riscv_cpu.o)
                0x20108658                __metal_interrupt_global_disable
 .text.__metal_interrupt_software_enable
                0x20108670       0x18 C:/VSD_Sqd_Project/sifive_hifive1_BitNet_MNIST_App/bsp/install/lib/debug/\libmetal.a(riscv_cpu.o)
                0x20108670                __metal_interrupt_software_enable
 .text.__metal_interrupt_software_disable
                0x20108688       0x18 C:/VSD_Sqd_Project/sifive_hifive1_BitNet_MNIST_App/bsp/install/lib/debug/\libmetal.a(riscv_cpu.o)
                0x20108688                __metal_interrupt_software_disable
 .text.__metal_interrupt_timer_enable
                0x201086a0       0x1a C:/VSD_Sqd_Project/sifive_hifive1_BitNet_MNIST_App/bsp/install/lib/debug/\libmetal.a(riscv_cpu.o)
                0x201086a0                __metal_interrupt_timer_enable
 .text.__metal_interrupt_timer_disable
                0x201086ba       0x1a C:/VSD_Sqd_Project/sifive_hifive1_BitNet_MNIST_App/bsp/install/lib/debug/\libmetal.a(riscv_cpu.o)
                0x201086ba                __metal_interrupt_timer_disable
 .text.__metal_interrupt_external_enable
                0x201086d4       0x1c C:/VSD_Sqd_Project/sifive_hifive1_BitNet_MNIST_App/bsp/install/lib/debug/\libmetal.a(riscv_cpu.o)
                0x201086d4                __metal_interrupt_external_enable
 .text.__metal_interrupt_external_disable
                0x201086f0       0x1c C:/VSD_Sqd_Project/sifive_hifive1_BitNet_MNIST_App/bsp/install/lib/debug/\libmetal.a(riscv_cpu.o)
                0x201086f0                __metal_interrupt_external_disable
 .text.__metal_interrupt_local_enable
                0x2010870c       0x2c C:/VSD_Sqd_Project/sifive_hifive1_BitNet_MNIST_App/bsp/install/lib/debug/\libmetal.a(riscv_cpu.o)
                0x2010870c                __metal_interrupt_local_enable
 .text.__metal_interrupt_local_disable
                0x20108738       0x2c C:/VSD_Sqd_Project/sifive_hifive1_BitNet_MNIST_App/bsp/install/lib/debug/\libmetal.a(riscv_cpu.o)
                0x20108738                __metal_interrupt_local_disable
 .text.__metal_default_exception_handler
                0x20108764       0x18 C:/VSD_Sqd_Project/sifive_hifive1_BitNet_MNIST_App/bsp/install/lib/debug/\libmetal.a(riscv_cpu.o)
                0x20108764                __metal_default_exception_handler
 .text.__metal_default_interrupt_handler
                0x2010877c       0x18 C:/VSD_Sqd_Project/sifive_hifive1_BitNet_MNIST_App/bsp/install/lib/debug/\libmetal.a(riscv_cpu.o)
                0x2010877c                __metal_default_interrupt_handler
 .text.metal_interrupt_vector_handler
                0x20108794       0x2e C:/VSD_Sqd_Project/sifive_hifive1_BitNet_MNIST_App/bsp/install/lib/debug/\libmetal.a(riscv_cpu.o)
                0x20108794                metal_interrupt_vector_handler
 .text.metal_software_interrupt_vector_handler
                0x201087c2       0x92 C:/VSD_Sqd_Project/sifive_hifive1_BitNet_MNIST_App/bsp/install/lib/debug/\libmetal.a(riscv_cpu.o)
                0x201087c2                metal_software_interrupt_vector_handler
 .text.__metal_default_sw_handler
                0x20108854       0x68 C:/VSD_Sqd_Project/sifive_hifive1_BitNet_MNIST_App/bsp/install/lib/debug/\libmetal.a(riscv_cpu.o)
                0x20108854                __metal_default_sw_handler
 .text.metal_timer_interrupt_vector_handler
                0x201088bc       0x94 C:/VSD_Sqd_Project/sifive_hifive1_BitNet_MNIST_App/bsp/install/lib/debug/\libmetal.a(riscv_cpu.o)
                0x201088bc                metal_timer_interrupt_vector_handler
 .text.__metal_default_beu_handler
                0x20108950       0x16 C:/VSD_Sqd_Project/sifive_hifive1_BitNet_MNIST_App/bsp/install/lib/debug/\libmetal.a(riscv_cpu.o)
                0x20108950                __metal_default_beu_handler
 .text.__metal_default_timer_handler
                0x20108966       0x6a C:/VSD_Sqd_Project/sifive_hifive1_BitNet_MNIST_App/bsp/install/lib/debug/\libmetal.a(riscv_cpu.o)
                0x20108966                __metal_default_timer_handler
 *fill*         0x201089d0       0x30 
 .text.__metal_exception_handler
                0x20108a00      0x1fa C:/VSD_Sqd_Project/sifive_hifive1_BitNet_MNIST_App/bsp/install/lib/debug/\libmetal.a(riscv_cpu.o)
                0x20108a00                __metal_exception_handler
 .text.metal_lc0_interrupt_vector_handler
                0x20108bfa       0x96 C:/VSD_Sqd_Project/sifive_hifive1_BitNet_MNIST_App/bsp/install/lib/debug/\libmetal.a(riscv_cpu.o)
                0x20108bfa                metal_lc0_interrupt_vector_handler
 .text.metal_lc1_interrupt_vector_handler
                0x20108c90       0x96 C:/VSD_Sqd_Project/sifive_hifive1_BitNet_MNIST_App/bsp/install/lib/debug/\libmetal.a(riscv_cpu.o)
                0x20108c90                metal_lc1_interrupt_vector_handler
 .text.metal_lc2_interrupt_vector_handler
                0x20108d26       0x96 C:/VSD_Sqd_Project/sifive_hifive1_BitNet_MNIST_App/bsp/install/lib/debug/\libmetal.a(riscv_cpu.o)
                0x20108d26                metal_lc2_interrupt_vector_handler
 .text.metal_lc3_interrupt_vector_handler
                0x20108dbc       0x96 C:/VSD_Sqd_Project/sifive_hifive1_BitNet_MNIST_App/bsp/install/lib/debug/\libmetal.a(riscv_cpu.o)
                0x20108dbc                metal_lc3_interrupt_vector_handler
 .text.metal_lc4_interrupt_vector_handler
                0x20108e52       0x96 C:/VSD_Sqd_Project/sifive_hifive1_BitNet_MNIST_App/bsp/install/lib/debug/\libmetal.a(riscv_cpu.o)
                0x20108e52                metal_lc4_interrupt_vector_handler
 .text.metal_lc5_interrupt_vector_handler
                0x20108ee8       0x96 C:/VSD_Sqd_Project/sifive_hifive1_BitNet_MNIST_App/bsp/install/lib/debug/\libmetal.a(riscv_cpu.o)
                0x20108ee8                metal_lc5_interrupt_vector_handler
 .text.metal_lc6_interrupt_vector_handler
                0x20108f7e       0x96 C:/VSD_Sqd_Project/sifive_hifive1_BitNet_MNIST_App/bsp/install/lib/debug/\libmetal.a(riscv_cpu.o)
                0x20108f7e                metal_lc6_interrupt_vector_handler
 .text.metal_lc7_interrupt_vector_handler
                0x20109014       0x96 C:/VSD_Sqd_Project/sifive_hifive1_BitNet_MNIST_App/bsp/install/lib/debug/\libmetal.a(riscv_cpu.o)
                0x20109014                metal_lc7_interrupt_vector_handler
 .text.metal_lc8_interrupt_vector_handler
                0x201090aa       0x96 C:/VSD_Sqd_Project/sifive_hifive1_BitNet_MNIST_App/bsp/install/lib/debug/\libmetal.a(riscv_cpu.o)
                0x201090aa                metal_lc8_interrupt_vector_handler
 .text.metal_lc9_interrupt_vector_handler
                0x20109140       0x96 C:/VSD_Sqd_Project/sifive_hifive1_BitNet_MNIST_App/bsp/install/lib/debug/\libmetal.a(riscv_cpu.o)
                0x20109140                metal_lc9_interrupt_vector_handler
 .text.metal_lc10_interrupt_vector_handler
                0x201091d6       0x96 C:/VSD_Sqd_Project/sifive_hifive1_BitNet_MNIST_App/bsp/install/lib/debug/\libmetal.a(riscv_cpu.o)
                0x201091d6                metal_lc10_interrupt_vector_handler
 .text.metal_lc11_interrupt_vector_handler
                0x2010926c       0x96 C:/VSD_Sqd_Project/sifive_hifive1_BitNet_MNIST_App/bsp/install/lib/debug/\libmetal.a(riscv_cpu.o)
                0x2010926c                metal_lc11_interrupt_vector_handler
 .text.metal_lc12_interrupt_vector_handler
                0x20109302       0x96 C:/VSD_Sqd_Project/sifive_hifive1_BitNet_MNIST_App/bsp/install/lib/debug/\libmetal.a(riscv_cpu.o)
                0x20109302                metal_lc12_interrupt_vector_handler
 .text.metal_lc13_interrupt_vector_handler
                0x20109398       0x96 C:/VSD_Sqd_Project/sifive_hifive1_BitNet_MNIST_App/bsp/install/lib/debug/\libmetal.a(riscv_cpu.o)
                0x20109398                metal_lc13_interrupt_vector_handler
 .text.metal_lc14_interrupt_vector_handler
                0x2010942e       0x96 C:/VSD_Sqd_Project/sifive_hifive1_BitNet_MNIST_App/bsp/install/lib/debug/\libmetal.a(riscv_cpu.o)
                0x2010942e                metal_lc14_interrupt_vector_handler
 .text.metal_lc15_interrupt_vector_handler
                0x201094c4       0x96 C:/VSD_Sqd_Project/sifive_hifive1_BitNet_MNIST_App/bsp/install/lib/debug/\libmetal.a(riscv_cpu.o)
                0x201094c4                metal_lc15_interrupt_vector_handler
 .text.__metal_controller_interrupt_vector_mode
                0x2010955a       0x58 C:/VSD_Sqd_Project/sifive_hifive1_BitNet_MNIST_App/bsp/install/lib/debug/\libmetal.a(riscv_cpu.o)
                0x2010955a                __metal_controller_interrupt_vector_mode
 .text.__metal_controller_interrupt_vector
                0x201095b2       0xb2 C:/VSD_Sqd_Project/sifive_hifive1_BitNet_MNIST_App/bsp/install/lib/debug/\libmetal.a(riscv_cpu.o)
                0x201095b2                __metal_controller_interrupt_vector
 .text.__metal_valid_interrupt_id
                0x20109664       0x56 C:/VSD_Sqd_Project/sifive_hifive1_BitNet_MNIST_App/bsp/install/lib/debug/\libmetal.a(riscv_cpu.o)
                0x20109664                __metal_valid_interrupt_id
 .text.__metal_local_interrupt_enable
                0x201096ba       0xbc C:/VSD_Sqd_Project/sifive_hifive1_BitNet_MNIST_App/bsp/install/lib/debug/\libmetal.a(riscv_cpu.o)
                0x201096ba                __metal_local_interrupt_enable
 .text.__metal_exception_register
                0x20109776       0x4e C:/VSD_Sqd_Project/sifive_hifive1_BitNet_MNIST_App/bsp/install/lib/debug/\libmetal.a(riscv_cpu.o)
                0x20109776                __metal_exception_register
 .text.__metal_driver_riscv_cpu_controller_interrupt_init
                0x201097c4       0xe4 C:/VSD_Sqd_Project/sifive_hifive1_BitNet_MNIST_App/bsp/install/lib/debug/\libmetal.a(riscv_cpu.o)
                0x201097c4                __metal_driver_riscv_cpu_controller_interrupt_init
 .text.__metal_driver_riscv_cpu_controller_interrupt_register
                0x201098a8      0x1e4 C:/VSD_Sqd_Project/sifive_hifive1_BitNet_MNIST_App/bsp/install/lib/debug/\libmetal.a(riscv_cpu.o)
                0x201098a8                __metal_driver_riscv_cpu_controller_interrupt_register
 .text.__metal_driver_riscv_cpu_controller_interrupt_enable
                0x20109a8c       0x2c C:/VSD_Sqd_Project/sifive_hifive1_BitNet_MNIST_App/bsp/install/lib/debug/\libmetal.a(riscv_cpu.o)
                0x20109a8c                __metal_driver_riscv_cpu_controller_interrupt_enable
 .text.__metal_driver_riscv_cpu_controller_interrupt_disable
                0x20109ab8       0x2c C:/VSD_Sqd_Project/sifive_hifive1_BitNet_MNIST_App/bsp/install/lib/debug/\libmetal.a(riscv_cpu.o)
                0x20109ab8                __metal_driver_riscv_cpu_controller_interrupt_disable
 .text.__metal_driver_riscv_cpu_controller_get_vector_mode
                0x20109ae4       0x1c C:/VSD_Sqd_Project/sifive_hifive1_BitNet_MNIST_App/bsp/install/lib/debug/\libmetal.a(riscv_cpu.o)
                0x20109ae4                __metal_driver_riscv_cpu_controller_get_vector_mode
 .text.__metal_driver_riscv_cpu_controller_set_vector_mode
                0x20109b00       0x54 C:/VSD_Sqd_Project/sifive_hifive1_BitNet_MNIST_App/bsp/install/lib/debug/\libmetal.a(riscv_cpu.o)
                0x20109b00                __metal_driver_riscv_cpu_controller_set_vector_mode
 .text.__metal_driver_riscv_cpu_controller_command_request
                0x20109b54       0x1c C:/VSD_Sqd_Project/sifive_hifive1_BitNet_MNIST_App/bsp/install/lib/debug/\libmetal.a(riscv_cpu.o)
                0x20109b54                __metal_driver_riscv_cpu_controller_command_request
 .text.__metal_driver_cpu_mcycle_get
                0x20109b70       0x70 C:/VSD_Sqd_Project/sifive_hifive1_BitNet_MNIST_App/bsp/install/lib/debug/\libmetal.a(riscv_cpu.o)
                0x20109b70                __metal_driver_cpu_mcycle_get
 .text.__metal_driver_cpu_timebase_get
                0x20109be0       0x46 C:/VSD_Sqd_Project/sifive_hifive1_BitNet_MNIST_App/bsp/install/lib/debug/\libmetal.a(riscv_cpu.o)
                0x20109be0                __metal_driver_cpu_timebase_get
 .text.__metal_driver_cpu_mtime_get
                0x20109c26       0x66 C:/VSD_Sqd_Project/sifive_hifive1_BitNet_MNIST_App/bsp/install/lib/debug/\libmetal.a(riscv_cpu.o)
                0x20109c26                __metal_driver_cpu_mtime_get
 .text.__metal_driver_cpu_mtimecmp_set
                0x20109c8c       0x76 C:/VSD_Sqd_Project/sifive_hifive1_BitNet_MNIST_App/bsp/install/lib/debug/\libmetal.a(riscv_cpu.o)
                0x20109c8c                __metal_driver_cpu_mtimecmp_set
 .text.__metal_driver_cpu_timer_controller_interrupt
                0x20109d02       0x1a C:/VSD_Sqd_Project/sifive_hifive1_BitNet_MNIST_App/bsp/install/lib/debug/\libmetal.a(riscv_cpu.o)
                0x20109d02                __metal_driver_cpu_timer_controller_interrupt
 .text.__metal_driver_cpu_get_timer_interrupt_id
                0x20109d1c       0x14 C:/VSD_Sqd_Project/sifive_hifive1_BitNet_MNIST_App/bsp/install/lib/debug/\libmetal.a(riscv_cpu.o)
                0x20109d1c                __metal_driver_cpu_get_timer_interrupt_id
 .text.__metal_driver_cpu_sw_controller_interrupt
                0x20109d30       0x1a C:/VSD_Sqd_Project/sifive_hifive1_BitNet_MNIST_App/bsp/install/lib/debug/\libmetal.a(riscv_cpu.o)
                0x20109d30                __metal_driver_cpu_sw_controller_interrupt
 .text.__metal_driver_cpu_get_sw_interrupt_id
                0x20109d4a       0x14 C:/VSD_Sqd_Project/sifive_hifive1_BitNet_MNIST_App/bsp/install/lib/debug/\libmetal.a(riscv_cpu.o)
                0x20109d4a                __metal_driver_cpu_get_sw_interrupt_id
 .text.__metal_driver_cpu_set_sw_ipi
                0x20109d5e       0x62 C:/VSD_Sqd_Project/sifive_hifive1_BitNet_MNIST_App/bsp/install/lib/debug/\libmetal.a(riscv_cpu.o)
                0x20109d5e                __metal_driver_cpu_set_sw_ipi
 .text.__metal_driver_cpu_clear_sw_ipi
                0x20109dc0       0x62 C:/VSD_Sqd_Project/sifive_hifive1_BitNet_MNIST_App/bsp/install/lib/debug/\libmetal.a(riscv_cpu.o)
                0x20109dc0                __metal_driver_cpu_clear_sw_ipi
 .text.__metal_driver_cpu_get_msip
                0x20109e22       0x60 C:/VSD_Sqd_Project/sifive_hifive1_BitNet_MNIST_App/bsp/install/lib/debug/\libmetal.a(riscv_cpu.o)
                0x20109e22                __metal_driver_cpu_get_msip
 .text.__metal_driver_cpu_controller_interrupt
                0x20109e82       0x20 C:/VSD_Sqd_Project/sifive_hifive1_BitNet_MNIST_App/bsp/install/lib/debug/\libmetal.a(riscv_cpu.o)
                0x20109e82                __metal_driver_cpu_controller_interrupt
 .text.__metal_driver_cpu_exception_register
                0x20109ea2       0x46 C:/VSD_Sqd_Project/sifive_hifive1_BitNet_MNIST_App/bsp/install/lib/debug/\libmetal.a(riscv_cpu.o)
                0x20109ea2                __metal_driver_cpu_exception_register
 .text.__metal_driver_cpu_get_instruction_length
                0x20109ee8       0x2e C:/VSD_Sqd_Project/sifive_hifive1_BitNet_MNIST_App/bsp/install/lib/debug/\libmetal.a(riscv_cpu.o)
                0x20109ee8                __metal_driver_cpu_get_instruction_length
 .text.__metal_driver_cpu_get_exception_pc
                0x20109f16       0x1e C:/VSD_Sqd_Project/sifive_hifive1_BitNet_MNIST_App/bsp/install/lib/debug/\libmetal.a(riscv_cpu.o)
                0x20109f16                __metal_driver_cpu_get_exception_pc
 .text.__metal_driver_cpu_set_exception_pc
                0x20109f34       0x20 C:/VSD_Sqd_Project/sifive_hifive1_BitNet_MNIST_App/bsp/install/lib/debug/\libmetal.a(riscv_cpu.o)
                0x20109f34                __metal_driver_cpu_set_exception_pc
 .text.__metal_driver_cpu_get_buserror
                0x20109f54       0x20 C:/VSD_Sqd_Project/sifive_hifive1_BitNet_MNIST_App/bsp/install/lib/debug/\libmetal.a(riscv_cpu.o)
                0x20109f54                __metal_driver_cpu_get_buserror
 .text.__metal_driver_sifive_plic0_control_base
                0x20109f74       0x2a C:/VSD_Sqd_Project/sifive_hifive1_BitNet_MNIST_App/bsp/install/lib/debug/\libmetal.a(riscv_plic0.o)
 .text.__metal_driver_sifive_plic0_num_interrupts
                0x20109f9e       0x2a C:/VSD_Sqd_Project/sifive_hifive1_BitNet_MNIST_App/bsp/install/lib/debug/\libmetal.a(riscv_plic0.o)
 .text.__metal_driver_sifive_plic0_max_priority
                0x20109fc8       0x28 C:/VSD_Sqd_Project/sifive_hifive1_BitNet_MNIST_App/bsp/install/lib/debug/\libmetal.a(riscv_plic0.o)
 .text.__metal_driver_sifive_plic0_interrupt_parents
                0x20109ff0       0x28 C:/VSD_Sqd_Project/sifive_hifive1_BitNet_MNIST_App/bsp/install/lib/debug/\libmetal.a(riscv_plic0.o)
 .text.__metal_driver_sifive_plic0_interrupt_lines
                0x2010a018       0x22 C:/VSD_Sqd_Project/sifive_hifive1_BitNet_MNIST_App/bsp/install/lib/debug/\libmetal.a(riscv_plic0.o)
 .text.__metal_driver_sifive_plic0_context_ids
                0x2010a03a       0x1e C:/VSD_Sqd_Project/sifive_hifive1_BitNet_MNIST_App/bsp/install/lib/debug/\libmetal.a(riscv_plic0.o)
 .text.__metal_plic0_claim_interrupt
                0x2010a058       0x3c C:/VSD_Sqd_Project/sifive_hifive1_BitNet_MNIST_App/bsp/install/lib/debug/\libmetal.a(riscv_plic0.o)
                0x2010a058                __metal_plic0_claim_interrupt
 .text.__metal_plic0_complete_interrupt
                0x2010a094       0x46 C:/VSD_Sqd_Project/sifive_hifive1_BitNet_MNIST_App/bsp/install/lib/debug/\libmetal.a(riscv_plic0.o)
                0x2010a094                __metal_plic0_complete_interrupt
 .text.__metal_plic0_set_threshold
                0x2010a0da       0x46 C:/VSD_Sqd_Project/sifive_hifive1_BitNet_MNIST_App/bsp/install/lib/debug/\libmetal.a(riscv_plic0.o)
                0x2010a0da                __metal_plic0_set_threshold
 .text.__metal_plic0_get_threshold
                0x2010a120       0x3a C:/VSD_Sqd_Project/sifive_hifive1_BitNet_MNIST_App/bsp/install/lib/debug/\libmetal.a(riscv_plic0.o)
                0x2010a120                __metal_plic0_get_threshold
 .text.__metal_driver_riscv_plic0_set_priority
                0x2010a15a       0x64 C:/VSD_Sqd_Project/sifive_hifive1_BitNet_MNIST_App/bsp/install/lib/debug/\libmetal.a(riscv_plic0.o)
                0x2010a15a                __metal_driver_riscv_plic0_set_priority
 .text.__metal_driver_riscv_plic0_get_priority
                0x2010a1be       0x36 C:/VSD_Sqd_Project/sifive_hifive1_BitNet_MNIST_App/bsp/install/lib/debug/\libmetal.a(riscv_plic0.o)
                0x2010a1be                __metal_driver_riscv_plic0_get_priority
 .text.__metal_plic0_enable
                0x2010a1f4       0xa4 C:/VSD_Sqd_Project/sifive_hifive1_BitNet_MNIST_App/bsp/install/lib/debug/\libmetal.a(riscv_plic0.o)
                0x2010a1f4                __metal_plic0_enable
 .text.__metal_plic0_default_handler
                0x2010a298       0x18 C:/VSD_Sqd_Project/sifive_hifive1_BitNet_MNIST_App/bsp/install/lib/debug/\libmetal.a(riscv_plic0.o)
                0x2010a298                __metal_plic0_default_handler
 .text.__metal_plic0_handler
                0x2010a2b0       0xa8 C:/VSD_Sqd_Project/sifive_hifive1_BitNet_MNIST_App/bsp/install/lib/debug/\libmetal.a(riscv_plic0.o)
                0x2010a2b0                __metal_plic0_handler
 .text.__metal_driver_riscv_plic0_init
                0x2010a358      0x15c C:/VSD_Sqd_Project/sifive_hifive1_BitNet_MNIST_App/bsp/install/lib/debug/\libmetal.a(riscv_plic0.o)
                0x2010a358                __metal_driver_riscv_plic0_init
 .text.__metal_driver_riscv_plic0_register
                0x2010a4b4       0xc2 C:/VSD_Sqd_Project/sifive_hifive1_BitNet_MNIST_App/bsp/install/lib/debug/\libmetal.a(riscv_plic0.o)
                0x2010a4b4                __metal_driver_riscv_plic0_register
 .text.__metal_driver_riscv_plic0_enable
                0x2010a576       0x50 C:/VSD_Sqd_Project/sifive_hifive1_BitNet_MNIST_App/bsp/install/lib/debug/\libmetal.a(riscv_plic0.o)
                0x2010a576                __metal_driver_riscv_plic0_enable
 .text.__metal_driver_riscv_plic0_disable
                0x2010a5c6       0x50 C:/VSD_Sqd_Project/sifive_hifive1_BitNet_MNIST_App/bsp/install/lib/debug/\libmetal.a(riscv_plic0.o)
                0x2010a5c6                __metal_driver_riscv_plic0_disable
 .text.__metal_driver_riscv_plic0_set_threshold
                0x2010a616       0x30 C:/VSD_Sqd_Project/sifive_hifive1_BitNet_MNIST_App/bsp/install/lib/debug/\libmetal.a(riscv_plic0.o)
                0x2010a616                __metal_driver_riscv_plic0_set_threshold
 .text.__metal_driver_riscv_plic0_get_threshold
                0x2010a646       0x28 C:/VSD_Sqd_Project/sifive_hifive1_BitNet_MNIST_App/bsp/install/lib/debug/\libmetal.a(riscv_plic0.o)
                0x2010a646                __metal_driver_riscv_plic0_get_threshold
 .text.__metal_driver_riscv_plic0_affinity_enable
                0x2010a66e       0x9c C:/VSD_Sqd_Project/sifive_hifive1_BitNet_MNIST_App/bsp/install/lib/debug/\libmetal.a(riscv_plic0.o)
                0x2010a66e                __metal_driver_riscv_plic0_affinity_enable
 .text.__metal_driver_riscv_plic0_affinity_disable
                0x2010a70a       0x9c C:/VSD_Sqd_Project/sifive_hifive1_BitNet_MNIST_App/bsp/install/lib/debug/\libmetal.a(riscv_plic0.o)
                0x2010a70a                __metal_driver_riscv_plic0_affinity_disable
 .text.__metal_driver_riscv_plic0_affinity_set_threshold
                0x2010a7a6       0x74 C:/VSD_Sqd_Project/sifive_hifive1_BitNet_MNIST_App/bsp/install/lib/debug/\libmetal.a(riscv_plic0.o)
                0x2010a7a6                __metal_driver_riscv_plic0_affinity_set_threshold
 .text.__metal_driver_riscv_plic0_affinity_get_threshold
                0x2010a81a       0x28 C:/VSD_Sqd_Project/sifive_hifive1_BitNet_MNIST_App/bsp/install/lib/debug/\libmetal.a(riscv_plic0.o)
                0x2010a81a                __metal_driver_riscv_plic0_affinity_get_threshold
 .text.__metal_driver_sifive_fe310_g000_hfrosc_ref
                0x2010a842       0x1a C:/VSD_Sqd_Project/sifive_hifive1_BitNet_MNIST_App/bsp/install/lib/debug/\libmetal.a(sifive_fe310-g000_hfrosc.o)
 .text.__metal_driver_sifive_fe310_g000_hfrosc_config_base
                0x2010a85c       0x16 C:/VSD_Sqd_Project/sifive_hifive1_BitNet_MNIST_App/bsp/install/lib/debug/\libmetal.a(sifive_fe310-g000_hfrosc.o)
 .text.__metal_driver_sifive_fe310_g000_hfrosc_config_offset
                0x2010a872       0x14 C:/VSD_Sqd_Project/sifive_hifive1_BitNet_MNIST_App/bsp/install/lib/debug/\libmetal.a(sifive_fe310-g000_hfrosc.o)
 .text.__metal_driver_sifive_fe310_g000_prci_vtable
                0x2010a886       0x16 C:/VSD_Sqd_Project/sifive_hifive1_BitNet_MNIST_App/bsp/install/lib/debug/\libmetal.a(sifive_fe310-g000_hfrosc.o)
 .text.__metal_driver_sifive_fe310_g000_hfrosc_get_rate_hz
                0x2010a89c       0x84 C:/VSD_Sqd_Project/sifive_hifive1_BitNet_MNIST_App/bsp/install/lib/debug/\libmetal.a(sifive_fe310-g000_hfrosc.o)
                0x2010a89c                __metal_driver_sifive_fe310_g000_hfrosc_get_rate_hz
 .text.__metal_driver_sifive_fe310_g000_hfrosc_set_rate_hz
                0x2010a920       0x22 C:/VSD_Sqd_Project/sifive_hifive1_BitNet_MNIST_App/bsp/install/lib/debug/\libmetal.a(sifive_fe310-g000_hfrosc.o)
                0x2010a920                __metal_driver_sifive_fe310_g000_hfrosc_set_rate_hz
 .text.__metal_driver_sifive_fe310_g000_hfxosc_ref
                0x2010a942       0x1a C:/VSD_Sqd_Project/sifive_hifive1_BitNet_MNIST_App/bsp/install/lib/debug/\libmetal.a(sifive_fe310-g000_hfxosc.o)
 .text.__metal_driver_sifive_fe310_g000_hfxosc_config_base
                0x2010a95c       0x16 C:/VSD_Sqd_Project/sifive_hifive1_BitNet_MNIST_App/bsp/install/lib/debug/\libmetal.a(sifive_fe310-g000_hfxosc.o)
 .text.__metal_driver_sifive_fe310_g000_hfxosc_config_offset
                0x2010a972       0x14 C:/VSD_Sqd_Project/sifive_hifive1_BitNet_MNIST_App/bsp/install/lib/debug/\libmetal.a(sifive_fe310-g000_hfxosc.o)
 .text.__metal_driver_sifive_fe310_g000_prci_vtable
                0x2010a986       0x16 C:/VSD_Sqd_Project/sifive_hifive1_BitNet_MNIST_App/bsp/install/lib/debug/\libmetal.a(sifive_fe310-g000_hfxosc.o)
 .text.__metal_driver_sifive_fe310_g000_hfxosc_get_rate_hz
                0x2010a99c       0x74 C:/VSD_Sqd_Project/sifive_hifive1_BitNet_MNIST_App/bsp/install/lib/debug/\libmetal.a(sifive_fe310-g000_hfxosc.o)
                0x2010a99c                __metal_driver_sifive_fe310_g000_hfxosc_get_rate_hz
 .text.__metal_driver_sifive_fe310_g000_hfxosc_set_rate_hz
                0x2010aa10       0x22 C:/VSD_Sqd_Project/sifive_hifive1_BitNet_MNIST_App/bsp/install/lib/debug/\libmetal.a(sifive_fe310-g000_hfxosc.o)
                0x2010aa10                __metal_driver_sifive_fe310_g000_hfxosc_set_rate_hz
 .text.__metal_driver_sifive_fe310_g000_pll_pllsel0
                0x2010aa32       0x1a C:/VSD_Sqd_Project/sifive_hifive1_BitNet_MNIST_App/bsp/install/lib/debug/\libmetal.a(sifive_fe310-g000_pll.o)
 .text.__metal_driver_sifive_fe310_g000_pll_pllref
                0x2010aa4c       0x1a C:/VSD_Sqd_Project/sifive_hifive1_BitNet_MNIST_App/bsp/install/lib/debug/\libmetal.a(sifive_fe310-g000_pll.o)
 .text.__metal_driver_sifive_fe310_g000_pll_divider_base
                0x2010aa66       0x16 C:/VSD_Sqd_Project/sifive_hifive1_BitNet_MNIST_App/bsp/install/lib/debug/\libmetal.a(sifive_fe310-g000_pll.o)
 .text.__metal_driver_sifive_fe310_g000_pll_divider_offset
                0x2010aa7c       0x14 C:/VSD_Sqd_Project/sifive_hifive1_BitNet_MNIST_App/bsp/install/lib/debug/\libmetal.a(sifive_fe310-g000_pll.o)
 .text.__metal_driver_sifive_fe310_g000_pll_config_base
                0x2010aa90       0x12 C:/VSD_Sqd_Project/sifive_hifive1_BitNet_MNIST_App/bsp/install/lib/debug/\libmetal.a(sifive_fe310-g000_pll.o)
 .text.__metal_driver_sifive_fe310_g000_pll_config_offset
                0x2010aaa2       0x10 C:/VSD_Sqd_Project/sifive_hifive1_BitNet_MNIST_App/bsp/install/lib/debug/\libmetal.a(sifive_fe310-g000_pll.o)
 .text.__metal_driver_sifive_fe310_g000_pll_init_rate
                0x2010aab2       0x16 C:/VSD_Sqd_Project/sifive_hifive1_BitNet_MNIST_App/bsp/install/lib/debug/\libmetal.a(sifive_fe310-g000_pll.o)
 .text.__metal_driver_sifive_fe310_g000_prci_base
                0x2010aac8       0x12 C:/VSD_Sqd_Project/sifive_hifive1_BitNet_MNIST_App/bsp/install/lib/debug/\libmetal.a(sifive_fe310-g000_pll.o)
 .text.__metal_driver_sifive_fe310_g000_prci_vtable
                0x2010aada       0x16 C:/VSD_Sqd_Project/sifive_hifive1_BitNet_MNIST_App/bsp/install/lib/debug/\libmetal.a(sifive_fe310-g000_pll.o)
 .text.get_pll_config_freq
                0x2010aaf0       0x4e C:/VSD_Sqd_Project/sifive_hifive1_BitNet_MNIST_App/bsp/install/lib/debug/\libmetal.a(sifive_fe310-g000_pll.o)
 .text.__metal_driver_sifive_fe310_g000_pll_init
                0x2010ab3e       0xa4 C:/VSD_Sqd_Project/sifive_hifive1_BitNet_MNIST_App/bsp/install/lib/debug/\libmetal.a(sifive_fe310-g000_pll.o)
                0x2010ab3e                __metal_driver_sifive_fe310_g000_pll_init
 .text.__metal_driver_sifive_fe310_g000_pll_get_rate_hz
                0x2010abe2      0x17e C:/VSD_Sqd_Project/sifive_hifive1_BitNet_MNIST_App/bsp/install/lib/debug/\libmetal.a(sifive_fe310-g000_pll.o)
                0x2010abe2                __metal_driver_sifive_fe310_g000_pll_get_rate_hz
 .text.find_closest_config
                0x2010ad60       0xaa C:/VSD_Sqd_Project/sifive_hifive1_BitNet_MNIST_App/bsp/install/lib/debug/\libmetal.a(sifive_fe310-g000_pll.o)
 .text.configure_pll
                0x2010ae0a      0x1b0 C:/VSD_Sqd_Project/sifive_hifive1_BitNet_MNIST_App/bsp/install/lib/debug/\libmetal.a(sifive_fe310-g000_pll.o)
 .text.__metal_driver_sifive_fe310_g000_pll_set_rate_hz
                0x2010afba      0x166 C:/VSD_Sqd_Project/sifive_hifive1_BitNet_MNIST_App/bsp/install/lib/debug/\libmetal.a(sifive_fe310-g000_pll.o)
                0x2010afba                __metal_driver_sifive_fe310_g000_pll_set_rate_hz
 .text.__metal_driver_sifive_fe310_g000_prci_base
                0x2010b120       0x12 C:/VSD_Sqd_Project/sifive_hifive1_BitNet_MNIST_App/bsp/install/lib/debug/\libmetal.a(sifive_fe310-g000_prci.o)
 .text.__metal_driver_sifive_fe310_g000_prci_get_reg
                0x2010b132       0x2e C:/VSD_Sqd_Project/sifive_hifive1_BitNet_MNIST_App/bsp/install/lib/debug/\libmetal.a(sifive_fe310-g000_prci.o)
                0x2010b132                __metal_driver_sifive_fe310_g000_prci_get_reg
 .text.__metal_driver_sifive_fe310_g000_prci_set_reg
                0x2010b160       0x38 C:/VSD_Sqd_Project/sifive_hifive1_BitNet_MNIST_App/bsp/install/lib/debug/\libmetal.a(sifive_fe310-g000_prci.o)
                0x2010b160                __metal_driver_sifive_fe310_g000_prci_set_reg
 .text.__metal_driver_sifive_gpio0_base
                0x2010b198       0x26 C:/VSD_Sqd_Project/sifive_hifive1_BitNet_MNIST_App/bsp/install/lib/debug/\libmetal.a(sifive_gpio0.o)
 .text.__metal_driver_sifive_gpio0_interrupt_parent
                0x2010b1be       0x2a C:/VSD_Sqd_Project/sifive_hifive1_BitNet_MNIST_App/bsp/install/lib/debug/\libmetal.a(sifive_gpio0.o)
 .text.__metal_driver_sifive_gpio0_interrupt_lines
                0x2010b1e8      0x1b4 C:/VSD_Sqd_Project/sifive_hifive1_BitNet_MNIST_App/bsp/install/lib/debug/\libmetal.a(sifive_gpio0.o)
 .text.__metal_driver_sifive_gpio0_enable_input
                0x2010b39c       0x40 C:/VSD_Sqd_Project/sifive_hifive1_BitNet_MNIST_App/bsp/install/lib/debug/\libmetal.a(sifive_gpio0.o)
                0x2010b39c                __metal_driver_sifive_gpio0_enable_input
 .text.__metal_driver_sifive_gpio0_disable_input
                0x2010b3dc       0x46 C:/VSD_Sqd_Project/sifive_hifive1_BitNet_MNIST_App/bsp/install/lib/debug/\libmetal.a(sifive_gpio0.o)
                0x2010b3dc                __metal_driver_sifive_gpio0_disable_input
 .text.__metal_driver_sifive_gpio0_input
                0x2010b422       0x2a C:/VSD_Sqd_Project/sifive_hifive1_BitNet_MNIST_App/bsp/install/lib/debug/\libmetal.a(sifive_gpio0.o)
                0x2010b422                __metal_driver_sifive_gpio0_input
 .text.__metal_driver_sifive_gpio0_output
                0x2010b44c       0x2c C:/VSD_Sqd_Project/sifive_hifive1_BitNet_MNIST_App/bsp/install/lib/debug/\libmetal.a(sifive_gpio0.o)
                0x2010b44c                __metal_driver_sifive_gpio0_output
 .text.__metal_driver_sifive_gpio0_disable_output
                0x2010b478       0x46 C:/VSD_Sqd_Project/sifive_hifive1_BitNet_MNIST_App/bsp/install/lib/debug/\libmetal.a(sifive_gpio0.o)
                0x2010b478                __metal_driver_sifive_gpio0_disable_output
 .text.__metal_driver_sifive_gpio0_enable_output
                0x2010b4be       0x40 C:/VSD_Sqd_Project/sifive_hifive1_BitNet_MNIST_App/bsp/install/lib/debug/\libmetal.a(sifive_gpio0.o)
                0x2010b4be                __metal_driver_sifive_gpio0_enable_output
 .text.__metal_driver_sifive_gpio0_output_set
                0x2010b4fe       0x40 C:/VSD_Sqd_Project/sifive_hifive1_BitNet_MNIST_App/bsp/install/lib/debug/\libmetal.a(sifive_gpio0.o)
                0x2010b4fe                __metal_driver_sifive_gpio0_output_set
 .text.__metal_driver_sifive_gpio0_output_clear
                0x2010b53e       0x46 C:/VSD_Sqd_Project/sifive_hifive1_BitNet_MNIST_App/bsp/install/lib/debug/\libmetal.a(sifive_gpio0.o)
                0x2010b53e                __metal_driver_sifive_gpio0_output_clear
 .text.__metal_driver_sifive_gpio0_output_toggle
                0x2010b584       0x40 C:/VSD_Sqd_Project/sifive_hifive1_BitNet_MNIST_App/bsp/install/lib/debug/\libmetal.a(sifive_gpio0.o)
                0x2010b584                __metal_driver_sifive_gpio0_output_toggle
 .text.__metal_driver_sifive_gpio0_enable_io
                0x2010b5c4       0x62 C:/VSD_Sqd_Project/sifive_hifive1_BitNet_MNIST_App/bsp/install/lib/debug/\libmetal.a(sifive_gpio0.o)
                0x2010b5c4                __metal_driver_sifive_gpio0_enable_io
 .text.__metal_driver_sifive_gpio0_disable_io
                0x2010b626       0x4a C:/VSD_Sqd_Project/sifive_hifive1_BitNet_MNIST_App/bsp/install/lib/debug/\libmetal.a(sifive_gpio0.o)
                0x2010b626                __metal_driver_sifive_gpio0_disable_io
 .text.__metal_driver_sifive_gpio0_config_int
                0x2010b670      0x206 C:/VSD_Sqd_Project/sifive_hifive1_BitNet_MNIST_App/bsp/install/lib/debug/\libmetal.a(sifive_gpio0.o)
                0x2010b670                __metal_driver_sifive_gpio0_config_int
 .text.__metal_driver_sifive_gpio0_clear_int
                0x2010b876      0x188 C:/VSD_Sqd_Project/sifive_hifive1_BitNet_MNIST_App/bsp/install/lib/debug/\libmetal.a(sifive_gpio0.o)
                0x2010b876                __metal_driver_sifive_gpio0_clear_int
 .text.__metal_driver_gpio_interrupt_controller
                0x2010b9fe       0x20 C:/VSD_Sqd_Project/sifive_hifive1_BitNet_MNIST_App/bsp/install/lib/debug/\libmetal.a(sifive_gpio0.o)
                0x2010b9fe                __metal_driver_gpio_interrupt_controller
 .text.__metal_driver_gpio_get_interrupt_id
                0x2010ba1e       0x2e C:/VSD_Sqd_Project/sifive_hifive1_BitNet_MNIST_App/bsp/install/lib/debug/\libmetal.a(sifive_gpio0.o)
                0x2010ba1e                __metal_driver_gpio_get_interrupt_id
 .text.__metal_driver_sifive_uart0_control_base
                0x2010ba4c       0x2a C:/VSD_Sqd_Project/sifive_hifive1_BitNet_MNIST_App/bsp/install/lib/debug/\libmetal.a(sifive_uart0.o)
 .text.__metal_driver_sifive_uart0_interrupt_parent
                0x2010ba76       0x2e C:/VSD_Sqd_Project/sifive_hifive1_BitNet_MNIST_App/bsp/install/lib/debug/\libmetal.a(sifive_uart0.o)
 .text.__metal_driver_sifive_uart0_interrupt_line
                0x2010baa4       0x28 C:/VSD_Sqd_Project/sifive_hifive1_BitNet_MNIST_App/bsp/install/lib/debug/\libmetal.a(sifive_uart0.o)
 .text.__metal_driver_sifive_uart0_clock
                0x2010bacc       0x2e C:/VSD_Sqd_Project/sifive_hifive1_BitNet_MNIST_App/bsp/install/lib/debug/\libmetal.a(sifive_uart0.o)
 .text.__metal_driver_sifive_uart0_pinmux
                0x2010bafa       0x2a C:/VSD_Sqd_Project/sifive_hifive1_BitNet_MNIST_App/bsp/install/lib/debug/\libmetal.a(sifive_uart0.o)
 .text.__metal_driver_sifive_uart0_pinmux_output_selector
                0x2010bb24       0x28 C:/VSD_Sqd_Project/sifive_hifive1_BitNet_MNIST_App/bsp/install/lib/debug/\libmetal.a(sifive_uart0.o)
 .text.__metal_driver_sifive_uart0_pinmux_source_selector
                0x2010bb4c       0x2a C:/VSD_Sqd_Project/sifive_hifive1_BitNet_MNIST_App/bsp/install/lib/debug/\libmetal.a(sifive_uart0.o)
 .text.__metal_driver_sifive_uart0_interrupt_controller
                0x2010bb76       0x20 C:/VSD_Sqd_Project/sifive_hifive1_BitNet_MNIST_App/bsp/install/lib/debug/\libmetal.a(sifive_uart0.o)
                0x2010bb76                __metal_driver_sifive_uart0_interrupt_controller
 .text.__metal_driver_sifive_uart0_get_interrupt_id
                0x2010bb96       0x20 C:/VSD_Sqd_Project/sifive_hifive1_BitNet_MNIST_App/bsp/install/lib/debug/\libmetal.a(sifive_uart0.o)
                0x2010bb96                __metal_driver_sifive_uart0_get_interrupt_id
 .text.__metal_driver_sifive_uart0_tx_interrupt_enable
                0x2010bbb6       0x3a C:/VSD_Sqd_Project/sifive_hifive1_BitNet_MNIST_App/bsp/install/lib/debug/\libmetal.a(sifive_uart0.o)
                0x2010bbb6                __metal_driver_sifive_uart0_tx_interrupt_enable
 .text.__metal_driver_sifive_uart0_tx_interrupt_disable
                0x2010bbf0       0x38 C:/VSD_Sqd_Project/sifive_hifive1_BitNet_MNIST_App/bsp/install/lib/debug/\libmetal.a(sifive_uart0.o)
                0x2010bbf0                __metal_driver_sifive_uart0_tx_interrupt_disable
 .text.__metal_driver_sifive_uart0_rx_interrupt_enable
                0x2010bc28       0x3a C:/VSD_Sqd_Project/sifive_hifive1_BitNet_MNIST_App/bsp/install/lib/debug/\libmetal.a(sifive_uart0.o)
                0x2010bc28                __metal_driver_sifive_uart0_rx_interrupt_enable
 .text.__metal_driver_sifive_uart0_rx_interrupt_disable
                0x2010bc62       0x38 C:/VSD_Sqd_Project/sifive_hifive1_BitNet_MNIST_App/bsp/install/lib/debug/\libmetal.a(sifive_uart0.o)
                0x2010bc62                __metal_driver_sifive_uart0_rx_interrupt_disable
 .text.__metal_driver_sifive_uart0_txready
                0x2010bc9a       0x30 C:/VSD_Sqd_Project/sifive_hifive1_BitNet_MNIST_App/bsp/install/lib/debug/\libmetal.a(sifive_uart0.o)
                0x2010bc9a                __metal_driver_sifive_uart0_txready
 .text.__metal_driver_sifive_uart0_set_tx_watermark
                0x2010bcca       0x4a C:/VSD_Sqd_Project/sifive_hifive1_BitNet_MNIST_App/bsp/install/lib/debug/\libmetal.a(sifive_uart0.o)
                0x2010bcca                __metal_driver_sifive_uart0_set_tx_watermark
 .text.__metal_driver_sifive_uart0_get_tx_watermark
                0x2010bd14       0x30 C:/VSD_Sqd_Project/sifive_hifive1_BitNet_MNIST_App/bsp/install/lib/debug/\libmetal.a(sifive_uart0.o)
                0x2010bd14                __metal_driver_sifive_uart0_get_tx_watermark
 .text.__metal_driver_sifive_uart0_set_rx_watermark
                0x2010bd44       0x4a C:/VSD_Sqd_Project/sifive_hifive1_BitNet_MNIST_App/bsp/install/lib/debug/\libmetal.a(sifive_uart0.o)
                0x2010bd44                __metal_driver_sifive_uart0_set_rx_watermark
 .text.__metal_driver_sifive_uart0_get_rx_watermark
                0x2010bd8e       0x30 C:/VSD_Sqd_Project/sifive_hifive1_BitNet_MNIST_App/bsp/install/lib/debug/\libmetal.a(sifive_uart0.o)
                0x2010bd8e                __metal_driver_sifive_uart0_get_rx_watermark
 .text.__metal_driver_sifive_uart0_putc
                0x2010bdbe       0x42 C:/VSD_Sqd_Project/sifive_hifive1_BitNet_MNIST_App/bsp/install/lib/debug/\libmetal.a(sifive_uart0.o)
                0x2010bdbe                __metal_driver_sifive_uart0_putc
 .text.__metal_driver_sifive_uart0_getc
                0x2010be00       0x56 C:/VSD_Sqd_Project/sifive_hifive1_BitNet_MNIST_App/bsp/install/lib/debug/\libmetal.a(sifive_uart0.o)
                0x2010be00                __metal_driver_sifive_uart0_getc
 .text.__metal_driver_sifive_uart0_get_baud_rate
                0x2010be56       0x20 C:/VSD_Sqd_Project/sifive_hifive1_BitNet_MNIST_App/bsp/install/lib/debug/\libmetal.a(sifive_uart0.o)
                0x2010be56                __metal_driver_sifive_uart0_get_baud_rate
 .text.__metal_driver_sifive_uart0_set_baud_rate
                0x2010be76       0xa0 C:/VSD_Sqd_Project/sifive_hifive1_BitNet_MNIST_App/bsp/install/lib/debug/\libmetal.a(sifive_uart0.o)
                0x2010be76                __metal_driver_sifive_uart0_set_baud_rate
 .text.pre_rate_change_callback_func
                0x2010bf16       0xda C:/VSD_Sqd_Project/sifive_hifive1_BitNet_MNIST_App/bsp/install/lib/debug/\libmetal.a(sifive_uart0.o)
 .text.post_rate_change_callback_func
                0x2010bff0       0x30 C:/VSD_Sqd_Project/sifive_hifive1_BitNet_MNIST_App/bsp/install/lib/debug/\libmetal.a(sifive_uart0.o)
 .text.__metal_driver_sifive_uart0_init
                0x2010c020       0xd2 C:/VSD_Sqd_Project/sifive_hifive1_BitNet_MNIST_App/bsp/install/lib/debug/\libmetal.a(sifive_uart0.o)
                0x2010c020                __metal_driver_sifive_uart0_init
 .text._metal_clock_call_all_callbacks
                0x2010c0f2       0x42 C:/VSD_Sqd_Project/sifive_hifive1_BitNet_MNIST_App/bsp/install/lib/debug/\libmetal.a(clock.o)
                0x2010c0f2                _metal_clock_call_all_callbacks
 .text._metal_clock_append_to_callbacks
                0x2010c134       0x54 C:/VSD_Sqd_Project/sifive_hifive1_BitNet_MNIST_App/bsp/install/lib/debug/\libmetal.a(clock.o)
                0x2010c134                _metal_clock_append_to_callbacks
 .text.metal_clock_get_rate_hz
                0x2010c188       0x26 C:/VSD_Sqd_Project/sifive_hifive1_BitNet_MNIST_App/bsp/install/lib/debug/\libmetal.a(clock.o)
                0x2010c188                metal_clock_get_rate_hz
 .text.metal_clock_set_rate_hz
                0x2010c1ae       0x4c C:/VSD_Sqd_Project/sifive_hifive1_BitNet_MNIST_App/bsp/install/lib/debug/\libmetal.a(clock.o)
                0x2010c1ae                metal_clock_set_rate_hz
 .text.metal_clock_register_pre_rate_change_callback
                0x2010c1fa       0x32 C:/VSD_Sqd_Project/sifive_hifive1_BitNet_MNIST_App/bsp/install/lib/debug/\libmetal.a(clock.o)
                0x2010c1fa                metal_clock_register_pre_rate_change_callback
 .text.metal_clock_register_post_rate_change_callback
                0x2010c22c       0x32 C:/VSD_Sqd_Project/sifive_hifive1_BitNet_MNIST_App/bsp/install/lib/debug/\libmetal.a(clock.o)
                0x2010c22c                metal_clock_register_post_rate_change_callback
 .text.metal_cpu_interrupt_controller
                0x2010c25e       0x26 C:/VSD_Sqd_Project/sifive_hifive1_BitNet_MNIST_App/bsp/install/lib/debug/\libmetal.a(cpu.o)
                0x2010c25e                metal_cpu_interrupt_controller
 .text.metal_cpu_get
                0x2010c284       0x2e C:/VSD_Sqd_Project/sifive_hifive1_BitNet_MNIST_App/bsp/install/lib/debug/\libmetal.a(cpu.o)
                0x2010c284                metal_cpu_get
 .text.metal_cpu_get_current_hartid
                0x2010c2b2       0x1a C:/VSD_Sqd_Project/sifive_hifive1_BitNet_MNIST_App/bsp/install/lib/debug/\libmetal.a(cpu.o)
                0x2010c2b2                metal_cpu_get_current_hartid
 .text.metal_shutdown
                0x2010c2cc        0xe C:/VSD_Sqd_Project/sifive_hifive1_BitNet_MNIST_App/bsp/install/lib/debug/\libmetal.a(shutdown.o)
                0x2010c2cc                metal_shutdown
 *fill*         0x2010c2da       0x26 
 .text          0x2010c300       0x80 C:/VSD_Sqd_Project/sifive_hifive1_BitNet_MNIST_App/bsp/install/lib/debug/\libmetal.a(vector.o)
                0x2010c300                __metal_vector_table
 .text.__metal_driver_fixed_clock_rate
                0x2010c380       0x62 C:/VSD_Sqd_Project/sifive_hifive1_BitNet_MNIST_App/bsp/install/lib/debug/\libmetal.a(fixed-clock.o)
 .text.__metal_driver_fixed_clock_get_rate_hz
                0x2010c3e2       0x20 C:/VSD_Sqd_Project/sifive_hifive1_BitNet_MNIST_App/bsp/install/lib/debug/\libmetal.a(fixed-clock.o)
                0x2010c3e2                __metal_driver_fixed_clock_get_rate_hz
 .text.__metal_driver_fixed_clock_set_rate_hz
                0x2010c402       0x24 C:/VSD_Sqd_Project/sifive_hifive1_BitNet_MNIST_App/bsp/install/lib/debug/\libmetal.a(fixed-clock.o)
                0x2010c402                __metal_driver_fixed_clock_set_rate_hz
 .text._exit    0x2010c426       0x14 C:/VSD_Sqd_Project/sifive_hifive1_BitNet_MNIST_App/bsp/install/lib/debug/\libmetal-gloss.a(sys_exit.o)
                0x2010c426                _exit
 *(.gnu.linkonce.t.*)

.rela.dyn       0x2010c43c        0x0
 .rela.text._vfprintf_r
                0x2010c43c        0x0 C:\Users\shwet\AppData\Local\Temp\cc0xpuk6.o
 .rela.text.metal.init.enter
                0x2010c43c        0x0 C:\Users\shwet\AppData\Local\Temp\cc0xpuk6.o
 .rela.text.metal.init.scrub
                0x2010c43c        0x0 C:\Users\shwet\AppData\Local\Temp\cc0xpuk6.o
 .rela.text.libgloss.start
                0x2010c43c        0x0 C:\Users\shwet\AppData\Local\Temp\cc0xpuk6.o
 .rela.sdata.__brk
                0x2010c43c        0x0 C:\Users\shwet\AppData\Local\Temp\cc0xpuk6.o
 .rela.text._sbrk
                0x2010c43c        0x0 C:\Users\shwet\AppData\Local\Temp\cc0xpuk6.o
 .rela.text.__libc_init_array
                0x2010c43c        0x0 C:\Users\shwet\AppData\Local\Temp\cc0xpuk6.o
 .rela.text.__libc_fini_array
                0x2010c43c        0x0 C:\Users\shwet\AppData\Local\Temp\cc0xpuk6.o
 .rela.text.__register_exitproc
                0x2010c43c        0x0 C:\Users\shwet\AppData\Local\Temp\cc0xpuk6.o
 .rela.text.metal_init
                0x2010c43c        0x0 C:\Users\shwet\AppData\Local\Temp\cc0xpuk6.o
 .rela.text.metal_fini
                0x2010c43c        0x0 C:\Users\shwet\AppData\Local\Temp\cc0xpuk6.o
 .rela.text.__metal_driver_cpu_get
                0x2010c43c        0x0 C:\Users\shwet\AppData\Local\Temp\cc0xpuk6.o
 .rela.text.metal_software_interrupt_vector_handler
                0x2010c43c        0x0 C:\Users\shwet\AppData\Local\Temp\cc0xpuk6.o
 .rela.text.__metal_default_sw_handler
                0x2010c43c        0x0 C:\Users\shwet\AppData\Local\Temp\cc0xpuk6.o
 .rela.text.metal_timer_interrupt_vector_handler
                0x2010c43c        0x0 C:\Users\shwet\AppData\Local\Temp\cc0xpuk6.o
 .rela.text.__metal_exception_handler
                0x2010c43c        0x0 C:\Users\shwet\AppData\Local\Temp\cc0xpuk6.o
 .rela.text.metal_lc0_interrupt_vector_handler
                0x2010c43c        0x0 C:\Users\shwet\AppData\Local\Temp\cc0xpuk6.o
 .rela.text.metal_lc1_interrupt_vector_handler
                0x2010c43c        0x0 C:\Users\shwet\AppData\Local\Temp\cc0xpuk6.o
 .rela.text.metal_lc2_interrupt_vector_handler
                0x2010c43c        0x0 C:\Users\shwet\AppData\Local\Temp\cc0xpuk6.o
 .rela.text.metal_lc3_interrupt_vector_handler
                0x2010c43c        0x0 C:\Users\shwet\AppData\Local\Temp\cc0xpuk6.o
 .rela.text.metal_lc4_interrupt_vector_handler
                0x2010c43c        0x0 C:\Users\shwet\AppData\Local\Temp\cc0xpuk6.o
 .rela.text.metal_lc5_interrupt_vector_handler
                0x2010c43c        0x0 C:\Users\shwet\AppData\Local\Temp\cc0xpuk6.o
 .rela.text.metal_lc6_interrupt_vector_handler
                0x2010c43c        0x0 C:\Users\shwet\AppData\Local\Temp\cc0xpuk6.o
 .rela.text.metal_lc7_interrupt_vector_handler
                0x2010c43c        0x0 C:\Users\shwet\AppData\Local\Temp\cc0xpuk6.o
 .rela.text.metal_lc8_interrupt_vector_handler
                0x2010c43c        0x0 C:\Users\shwet\AppData\Local\Temp\cc0xpuk6.o
 .rela.text.metal_lc9_interrupt_vector_handler
                0x2010c43c        0x0 C:\Users\shwet\AppData\Local\Temp\cc0xpuk6.o
 .rela.text.metal_lc10_interrupt_vector_handler
                0x2010c43c        0x0 C:\Users\shwet\AppData\Local\Temp\cc0xpuk6.o
 .rela.text.metal_lc11_interrupt_vector_handler
                0x2010c43c        0x0 C:\Users\shwet\AppData\Local\Temp\cc0xpuk6.o
 .rela.text.metal_lc12_interrupt_vector_handler
                0x2010c43c        0x0 C:\Users\shwet\AppData\Local\Temp\cc0xpuk6.o
 .rela.text.metal_lc13_interrupt_vector_handler
                0x2010c43c        0x0 C:\Users\shwet\AppData\Local\Temp\cc0xpuk6.o
 .rela.text.metal_lc14_interrupt_vector_handler
                0x2010c43c        0x0 C:\Users\shwet\AppData\Local\Temp\cc0xpuk6.o
 .rela.text.metal_lc15_interrupt_vector_handler
                0x2010c43c        0x0 C:\Users\shwet\AppData\Local\Temp\cc0xpuk6.o
 .rela.text.metal_cpu_get
                0x2010c43c        0x0 C:\Users\shwet\AppData\Local\Temp\cc0xpuk6.o
 .rela.text     0x2010c43c        0x0 C:\Users\shwet\AppData\Local\Temp\cc0xpuk6.o

.data           0x80000000      0xa94 load address 0x2010c440
 *(.data .data.*)
 .data._impure_data
                0x80000000       0x4c C:/VSD/FreedomStudio-3-1-1-x86_64-w64-mingw32/FreedomStudio-3-1-1/SiFive/riscv64-unknown-elf-toolsuite-2.0.3/bin/../lib/gcc/riscv64-unknown-elf/13.2.0/../../../../riscv64-unknown-elf/lib/rv32imac/ilp32\libc_nano.a(libc_a-impure.o)
                0x80000000                _impure_data
 .data.__sglue  0x8000004c        0xc C:/VSD/FreedomStudio-3-1-1-x86_64-w64-mingw32/FreedomStudio-3-1-1/SiFive/riscv64-unknown-elf-toolsuite-2.0.3/bin/../lib/gcc/riscv64-unknown-elf/13.2.0/../../../../riscv64-unknown-elf/lib/rv32imac/ilp32\libc_nano.a(libc_a-findfp.o)
                0x8000004c                __sglue
 .data.__metal_dt_clock_0
                0x80000058        0xc C:/VSD_Sqd_Project/sifive_hifive1_BitNet_MNIST_App/bsp/install/lib/debug/\libmetal.a(inline.o)
                0x80000058                __metal_dt_clock_0
 .data.__metal_dt_clock_2
                0x80000064        0xc C:/VSD_Sqd_Project/sifive_hifive1_BitNet_MNIST_App/bsp/install/lib/debug/\libmetal.a(inline.o)