Archive member included to satisfy reference by file (symbol)

C:/VSD/FreedomStudio-3-1-1-x86_64-w64-mingw32/FreedomStudio-3-1-1/SiFive/riscv64-unknown-elf-toolsuite-2.0.3/bin/../lib/gcc/riscv64-unknown-elf/13.2.0/../../../../riscv64-unknown-elf/lib/rv32imac/ilp32\libc_nano.a(libc_a-printf.o)
                              C:\Users\shwet\AppData\Local\Temp\ccY6hDk1.o (printf)
C:/VSD/FreedomStudio-3-1-1-x86_64-w64-mingw32/FreedomStudio-3-1-1/SiFive/riscv64-unknown-elf-toolsuite-2.0.3/bin/../lib/gcc/riscv64-unknown-elf/13.2.0/../../../../riscv64-unknown-elf/lib/rv32imac/ilp32\libc_nano.a(libc_a-putchar.o)
                              C:\Users\shwet\AppData\Local\Temp\ccY6hDk1.o (putchar)
C:/VSD/FreedomStudio-3-1-1-x86_64-w64-mingw32/FreedomStudio-3-1-1/SiFive/riscv64-unknown-elf-toolsuite-2.0.3/bin/../lib/gcc/riscv64-unknown-elf/13.2.0/../../../../riscv64-unknown-elf/lib/rv32imac/ilp32\libc_nano.a(libc_a-puts.o)
                              C:\Users\shwet\AppData\Local\Temp\ccY6hDk1.o (puts)
C:/VSD/FreedomStudio-3-1-1-x86_64-w64-mingw32/FreedomStudio-3-1-1/SiFive/riscv64-unknown-elf-toolsuite-2.0.3/bin/../lib/gcc/riscv64-unknown-elf/13.2.0/../../../../riscv64-unknown-elf/lib/rv32imac/ilp32\libc_nano.a(libc_a-wbuf.o)
                              C:/VSD/FreedomStudio-3-1-1-x86_64-w64-mingw32/FreedomStudio-3-1-1/SiFive/riscv64-unknown-elf-toolsuite-2.0.3/bin/../lib/gcc/riscv64-unknown-elf/13.2.0/../../../../riscv64-unknown-elf/lib/rv32imac/ilp32\libc_nano.a(libc_a-puts.o) (__swbuf_r)
C:/VSD/FreedomStudio-3-1-1-x86_64-w64-mingw32/FreedomStudio-3-1-1/SiFive/riscv64-unknown-elf-toolsuite-2.0.3/bin/../lib/gcc/riscv64-unknown-elf/13.2.0/../../../../riscv64-unknown-elf/lib/rv32imac/ilp32\libc_nano.a(libc_a-wsetup.o)
                              C:/VSD/FreedomStudio-3-1-1-x86_64-w64-mingw32/FreedomStudio-3-1-1/SiFive/riscv64-unknown-elf-toolsuite-2.0.3/bin/../lib/gcc/riscv64-unknown-elf/13.2.0/../../../../riscv64-unknown-elf/lib/rv32imac/ilp32\libc_nano.a(libc_a-puts.o) (__swsetup_r)
C:/VSD/FreedomStudio-3-1-1-x86_64-w64-mingw32/FreedomStudio-3-1-1/SiFive/riscv64-unknown-elf-toolsuite-2.0.3/bin/../lib/gcc/riscv64-unknown-elf/13.2.0/../../../../riscv64-unknown-elf/lib/rv32imac/ilp32\libc_nano.a(libc_a-impure.o)
                              C:/VSD/FreedomStudio-3-1-1-x86_64-w64-mingw32/FreedomStudio-3-1-1/SiFive/riscv64-unknown-elf-toolsuite-2.0.3/bin/../lib/gcc/riscv64-unknown-elf/13.2.0/../../../../riscv64-unknown-elf/lib/rv32imac/ilp32\libc_nano.a(libc_a-printf.o) (_impure_ptr)
C:/VSD/FreedomStudio-3-1-1-x86_64-w64-mingw32/FreedomStudio-3-1-1/SiFive/riscv64-unknown-elf-toolsuite-2.0.3/bin/../lib/gcc/riscv64-unknown-elf/13.2.0/../../../../riscv64-unknown-elf/lib/rv32imac/ilp32\libc_nano.a(libc_a-freer.o)
                              C:/VSD/FreedomStudio-3-1-1-x86_64-w64-mingw32/FreedomStudio-3-1-1/SiFive/riscv64-unknown-elf-toolsuite-2.0.3/bin/../lib/gcc/riscv64-unknown-elf/13.2.0/../../../../riscv64-unknown-elf/lib/rv32imac/ilp32\libc_nano.a(libc_a-wsetup.o) (_free_r)
C:/VSD/FreedomStudio-3-1-1-x86_64-w64-mingw32/FreedomStudio-3-1-1/SiFive/riscv64-unknown-elf-toolsuite-2.0.3/bin/../lib/gcc/riscv64-unknown-elf/13.2.0/../../../../riscv64-unknown-elf/lib/rv32imac/ilp32\libc_nano.a(libc_a-mallocr.o)
                              C:/VSD/FreedomStudio-3-1-1-x86_64-w64-mingw32/FreedomStudio-3-1-1/SiFive/riscv64-unknown-elf-toolsuite-2.0.3/bin/../lib/gcc/riscv64-unknown-elf/13.2.0/../../../../riscv64-unknown-elf/lib/rv32imac/ilp32\libc_nano.a(libc_a-freer.o) (__malloc_free_list)
C:/VSD/FreedomStudio-3-1-1-x86_64-w64-mingw32/FreedomStudio-3-1-1/SiFive/riscv64-unknown-elf-toolsuite-2.0.3/bin/../lib/gcc/riscv64-unknown-elf/13.2.0/../../../../riscv64-unknown-elf/lib/rv32imac/ilp32\libc_nano.a(libc_a-mlock.o)
                              C:/VSD/FreedomStudio-3-1-1-x86_64-w64-mingw32/FreedomStudio-3-1-1/SiFive/riscv64-unknown-elf-toolsuite-2.0.3/bin/../lib/gcc/riscv64-unknown-elf/13.2.0/../../../../riscv64-unknown-elf/lib/rv32imac/ilp32\libc_nano.a(libc_a-freer.o) (__malloc_lock)
C:/VSD/FreedomStudio-3-1-1-x86_64-w64-mingw32/FreedomStudio-3-1-1/SiFive/riscv64-unknown-elf-toolsuite-2.0.3/bin/../lib/gcc/riscv64-unknown-elf/13.2.0/../../../../riscv64-unknown-elf/lib/rv32imac/ilp32\libc_nano.a(libc_a-nano-vfprintf.o)
                              C:/VSD/FreedomStudio-3-1-1-x86_64-w64-mingw32/FreedomStudio-3-1-1/SiFive/riscv64-unknown-elf-toolsuite-2.0.3/bin/../lib/gcc/riscv64-unknown-elf/13.2.0/../../../../riscv64-unknown-elf/lib/rv32imac/ilp32\libc_nano.a(libc_a-printf.o) (_vfprintf_r)
C:/VSD/FreedomStudio-3-1-1-x86_64-w64-mingw32/FreedomStudio-3-1-1/SiFive/riscv64-unknown-elf-toolsuite-2.0.3/bin/../lib/gcc/riscv64-unknown-elf/13.2.0/../../../../riscv64-unknown-elf/lib/rv32imac/ilp32\libc_nano.a(libc_a-nano-vfprintf_i.o)
[...]
Memory Configuration

Name             Origin             Length             Attributes
ram              0x80000000         0x00004000         axrwl
rom              0x20100000         0x1fc00000         xrl!aw
*default*        0x00000000         0xffffffff

Linker script and memory map

LOAD C:\Users\shwet\AppData\Local\Temp\ccY6hDk1.o
LOAD C:\Users\shwet\AppData\Local\Temp\ccHbvBfA.o
START GROUP
LOAD C:/VSD/FreedomStudio-3-1-1-x86_64-w64-mingw32/FreedomStudio-3-1-1/SiFive/riscv64-unknown-elf-toolsuite-2.0.3/bin/../lib/gcc/riscv64-unknown-elf/13.2.0/../../../../riscv64-unknown-elf/lib/rv32imac/ilp32\libc_nano.a
LOAD C:/VSD/FreedomStudio-3-1-1-x86_64-w64-mingw32/FreedomStudio-3-1-1/SiFive/riscv64-unknown-elf-toolsuite-2.0.3/bin/../lib/gcc/riscv64-unknown-elf/13.2.0/rv32imac/ilp32\libgcc.a
LOAD C:/VSD/FreedomStudio-3-1-1-x86_64-w64-mingw32/FreedomStudio-3-1-1/SiFive/riscv64-unknown-elf-toolsuite-2.0.3/bin/../lib/gcc/riscv64-unknown-elf/13.2.0/../../../../riscv64-unknown-elf/lib/rv32imac/ilp32\libm_nano.a
LOAD C:/VSD_Sqd_Project/sifive_hifive1_BitNet_MNIST_App/bsp/install/lib/debug/\libmetal.a
LOAD C:/VSD_Sqd_Project/sifive_hifive1_BitNet_MNIST_App/bsp/install/lib/debug/\libmetal-gloss.a
END GROUP
                0x00000400                        __stack_size = DEFINED (__stack_size)?__stack_size:0x400
                [!provide]                        PROVIDE (__stack_size = __stack_size)
                0x00000800                        __heap_size = DEFINED (__heap_size)?__heap_size:0x800
                0x00000000                        PROVIDE (__metal_boot_hart = 0x0)
                0x00000001                        PROVIDE (__metal_chicken_bit = 0x1)
                0x00000000                        PROVIDE (__metal_eccscrub_bit = 0x0)
                [!provide]                        PROVIDE (metal_dtim_0_memory_start = 0x80000000)
                [!provide]                        PROVIDE (metal_dtim_0_memory_end = 0x80004000)

.init           0x20100000      0x2c4
 *(.text.metal.init.enter)
 .text.metal.init.enter
                0x20100000       0x88 C:/VSD_Sqd_Project/sifive_hifive1_BitNet_MNIST_App/bsp/install/lib/debug/\libmetal.a(entry.o)
                0x20100000                _enter
 *(.text.metal.init.*)
 .text.metal.init.__register_frame_info
                0x20100088        0x2 C:/VSD_Sqd_Project/sifive_hifive1_BitNet_MNIST_App/bsp/install/lib/debug/\libmetal.a(entry.o)
                0x20100088                __register_frame_info
 .text.metal.init.scrub
                0x2010008a       0xa8 C:/VSD_Sqd_Project/sifive_hifive1_BitNet_MNIST_App/bsp/install/lib/debug/\libmetal.a(scrub.o)
                0x2010008a                metal_mem_scrub
                0x201000cc                __metal_before_start
 *fill*         0x20100132        0x2 
 .text.metal.init.trapvec
                0x20100134        0xe C:/VSD_Sqd_Project/sifive_hifive1_BitNet_MNIST_App/bsp/install/lib/debug/\libmetal.a(trap.o)
                0x20100134                early_trap_vector
 *(SORT_NONE(.init))
 .init          0x20100142        0xe C:/VSD_Sqd_Project/sifive_hifive1_BitNet_MNIST_App/bsp/install/lib/debug/\libmetal.a(synchronize_harts.o)
                0x20100142                __metal_synchronize_harts
 *(.text.libgloss.start)
 .text.libgloss.start
                0x20100150      0x174 C:/VSD_Sqd_Project/sifive_hifive1_BitNet_MNIST_App/bsp/install/lib/debug/\libmetal-gloss.a(crt0.o)
                0x20100150                _start
                0x201002a2                _fini
                0x201002a2                _init
                0x201002a4                secondary_main

.fini
 *(SORT_NONE(.fini))

.preinit_array  0x201002c8        0x0
                0x201002c8                        PROVIDE (__preinit_array_start = .)
 *(.preinit_array)
                0x201002c8                        PROVIDE (__preinit_array_end = .)

.init_array     0x201002c8        0xc
                0x201002c8                        PROVIDE (__init_array_start = .)
 *(SORT_BY_INIT_PRIORITY(.init_array.*) SORT_BY_INIT_PRIORITY(.ctors.*))
 *(.init_array EXCLUDE_FILE(*crtend?.o *crtend.o *crtbegin?.o *crtbegin.o) .ctors)
                0x201002c8                        PROVIDE (__init_array_end = .)
                0x201002c8                        PROVIDE (metal_constructors_start = .)
 *(SORT_BY_INIT_PRIORITY(.metal.init_array.*))
 .metal.init_array.5000
                0x201002c8        0x8 C:/VSD_Sqd_Project/sifive_hifive1_BitNet_MNIST_App/bsp/install/lib/debug/\libmetal.a(sifive_fe310-g000_pll.o)
                0x201002c8                _metal_sifive_fe310_g000_pll_init_ptr
                0x201002cc                _use_hfxosc_ptr
 .metal.init_array.5000
                0x201002d0        0x4 C:/VSD_Sqd_Project/sifive_hifive1_BitNet_MNIST_App/bsp/install/lib/debug/\libmetal.a(tty.o)
                0x201002d0                _metal_tty_init_ptr
 *(.metal.init_array)
                0x201002d4                        PROVIDE (metal_constructors_end = .)

.fini_array     0x201002d8        0x0
                0x201002d8                        PROVIDE (__fini_array_start = .)
 *(SORT_BY_INIT_PRIORITY(.fini_array.*) SORT_BY_INIT_PRIORITY(.dtors.*))
 *(.fini_array EXCLUDE_FILE(*crtend?.o *crtend.o *crtbegin?.o *crtbegin.o) .dtors)
                0x201002d8                        PROVIDE (__fini_array_end = .)
                0x201002d8                        PROVIDE (metal_destructors_start = .)
 *(SORT_BY_INIT_PRIORITY(.metal.fini_array.*))
 *(.metal.fini_array)
                0x201002d8                        PROVIDE (metal_destructors_end = .)

.ctors          0x201002d4       0x7a
 *crtbegin.o(.ctors)
 *crtbegin?.o(.ctors)
 *(EXCLUDE_FILE(*crtend?.o *crtend.o) .ctors)
 *(SORT_BY_NAME(.ctors.*))
 *(.ctors)
 *(.metal.ctors .metal.ctors.*)
 .metal.ctors   0x201002d4       0x56 C:/VSD_Sqd_Project/sifive_hifive1_BitNet_MNIST_App/bsp/install/lib/debug/\libmetal.a(sifive_fe310-g000_pll.o)
                0x201002d4                metal_sifive_fe310_g000_pll_init
                0x20100300                use_hfxosc
 .metal.ctors   0x2010032a       0x24 C:/VSD_Sqd_Project/sifive_hifive1_BitNet_MNIST_App/bsp/install/lib/debug/\libmetal.a(tty.o)
                0x2010032a                metal_tty_init

.dtors
 *crtbegin.o(.dtors)
 *crtbegin?.o(.dtors)
 *(EXCLUDE_FILE(*crtend?.o *crtend.o) .dtors)
 *(SORT_BY_NAME(.dtors.*))
 *(.dtors)
 *(.metal.dtors .metal.dtors.*)

.rodata         0x20100350     0x32ec
 *(.rdata)
 *(.rodata .rodata.*)
 .rodata        0x20100350      0x188 C:\Users\shwet\AppData\Local\Temp\ccY6hDk1.o
 .rodata.L1_weights
                0x201004d8     0x1880 C:\Users\shwet\AppData\Local\Temp\ccHbvBfA.o
                0x201004d8                L1_weights
 .rodata.L2_weights
                0x20101d58       0x50 C:\Users\shwet\AppData\Local\Temp\ccHbvBfA.o
                0x20101d58                L2_weights
 .rodata.input_data_0
                0x20101da8      0x310 C:\Users\shwet\AppData\Local\Temp\ccHbvBfA.o
                0x20101da8                input_data_0
 .rodata.input_data_1
                0x201020b8      0x310 C:\Users\shwet\AppData\Local\Temp\ccHbvBfA.o
                0x201020b8                input_data_1
 .rodata.input_data_2
                0x201023c8      0x310 C:\Users\shwet\AppData\Local\Temp\ccHbvBfA.o
                0x201023c8                input_data_2
 .rodata.input_data_3
                0x201026d8      0x310 C:\Users\shwet\AppData\Local\Temp\ccHbvBfA.o
                0x201026d8                input_data_3
 .rodata._vfprintf_r.str1.4
                0x201029e8       0x39 C:/VSD/FreedomStudio-3-1-1-x86_64-w64-mingw32/FreedomStudio-3-1-1/SiFive/riscv64-unknown-elf-toolsuite-2.0.3/bin/../lib/gcc/riscv64-unknown-elf/13.2.0/../../../../riscv64-unknown-elf/lib/rv32imac/ilp32\libc_nano.a(libc_a-nano-vfprintf.o)
                                 0x13 (size before relaxing)
 .rodata._printf_i.str1.4
                0x20102a21       0x25 C:/VSD/FreedomStudio-3-1-1-x86_64-w64-mingw32/FreedomStudio-3-1-1/SiFive/riscv64-unknown-elf-toolsuite-2.0.3/bin/../lib/gcc/riscv64-unknown-elf/13.2.0/../../../../riscv64-unknown-elf/lib/rv32imac/ilp32\libc_nano.a(libc_a-nano-vfprintf_i.o)
 *fill*         0x20102a21        0x3 
 .rodata._printf_i
                0x20102a24       0x58 C:/VSD/FreedomStudio-3-1-1-x86_64-w64-mingw32/FreedomStudio-3-1-1/SiFive/riscv64-unknown-elf-toolsuite-2.0.3/bin/../lib/gcc/riscv64-unknown-elf/13.2.0/../../../../riscv64-unknown-elf/lib/rv32imac/ilp32\libc_nano.a(libc_a-nano-vfprintf_i.o)
 .rodata.__metal_driver_vtable_riscv_clint0
                0x20102a7c       0x64 C:/VSD_Sqd_Project/sifive_hifive1_BitNet_MNIST_App/bsp/install/lib/debug/\libmetal.a(riscv_clint0.o)
                0x20102a7c                __metal_driver_vtable_riscv_clint0
 .rodata.__metal_local_interrupt_enable
                0x20102ae0       0x80 C:/VSD_Sqd_Project/sifive_hifive1_BitNet_MNIST_App/bsp/install/lib/debug/\libmetal.a(riscv_cpu.o)
 .rodata.__metal_driver_vtable_riscv_cpu_intc
                0x20102b60       0x64 C:/VSD_Sqd_Project/sifive_hifive1_BitNet_MNIST_App/bsp/install/lib/debug/\libmetal.a(riscv_cpu.o)
                0x20102b60                __metal_driver_vtable_riscv_cpu_intc
 .rodata.__metal_driver_vtable_cpu
                0x20102bc4       0x44 C:/VSD_Sqd_Project/sifive_hifive1_BitNet_MNIST_App/bsp/install/lib/debug/\libmetal.a(riscv_cpu.o)
                0x20102bc4                __metal_driver_vtable_cpu
 .rodata.__metal_driver_vtable_riscv_plic0
                0x20102c08       0x64 C:/VSD_Sqd_Project/sifive_hifive1_BitNet_MNIST_App/bsp/install/lib/debug/\libmetal.a(riscv_plic0.o)
                0x20102c08                __metal_driver_vtable_riscv_plic0
 .rodata.pll_configs
                0x20102c6c      0x880 C:/VSD_Sqd_Project/sifive_hifive1_BitNet_MNIST_App/bsp/install/lib/debug/\libmetal.a(sifive_fe310-g000_pll.o)
 .rodata.__metal_driver_vtable_sifive_fe310_g000_pll
                0x201034ec        0xc C:/VSD_Sqd_Project/sifive_hifive1_BitNet_MNIST_App/bsp/install/lib/debug/\libmetal.a(sifive_fe310-g000_pll.o)
                0x201034ec                __metal_driver_vtable_sifive_fe310_g000_pll
 .rodata        0x201034f8       0x1d C:/VSD_Sqd_Project/sifive_hifive1_BitNet_MNIST_App/bsp/install/lib/debug/\libmetal.a(sifive_gpio-leds.o)
 *fill*         0x20103515        0x3 
 .rodata.__metal_driver_vtable_sifive_led
                0x20103518       0x14 C:/VSD_Sqd_Project/sifive_hifive1_BitNet_MNIST_App/bsp/install/lib/debug/\libmetal.a(sifive_gpio-leds.o)
                0x20103518                __metal_driver_vtable_sifive_led
 .rodata.__metal_driver_sifive_gpio0_config_int
                0x2010352c       0x20 C:/VSD_Sqd_Project/sifive_hifive1_BitNet_MNIST_App/bsp/install/lib/debug/\libmetal.a(sifive_gpio0.o)
 .rodata.__metal_driver_sifive_gpio0_clear_int
                0x2010354c       0x20 C:/VSD_Sqd_Project/sifive_hifive1_BitNet_MNIST_App/bsp/install/lib/debug/\libmetal.a(sifive_gpio0.o)
 .rodata.__metal_driver_vtable_sifive_gpio0
                0x2010356c       0x3c C:/VSD_Sqd_Project/sifive_hifive1_BitNet_MNIST_App/bsp/install/lib/debug/\libmetal.a(sifive_gpio0.o)
                0x2010356c                __metal_driver_vtable_sifive_gpio0
 .rodata.__metal_driver_vtable_sifive_uart0
                0x201035a8       0x40 C:/VSD_Sqd_Project/sifive_hifive1_BitNet_MNIST_App/bsp/install/lib/debug/\libmetal.a(sifive_uart0.o)
                0x201035a8                __metal_driver_vtable_sifive_uart0
 .rodata.libgloss.start
                0x201035e8       0x11 C:/VSD_Sqd_Project/sifive_hifive1_BitNet_MNIST_App/bsp/install/lib/debug/\libmetal-gloss.a(crt0.o)
 *(.gnu.linkonce.r.*)
                0x20103600                        . = ALIGN (0x8)
 *fill*         0x201035f9        0x7 
 *(.srodata.cst16)
 *(.srodata.cst8)
 *(.srodata.cst4)
 *(.srodata.cst2)
 *(.srodata .srodata.*)
 .srodata.L1_bitperweight
                0x20103600        0x4 C:\Users\shwet\AppData\Local\Temp\ccHbvBfA.o
                0x20103600                L1_bitperweight
 .srodata.L1_incoming_weights
                0x20103604        0x4 C:\Users\shwet\AppData\Local\Temp\ccHbvBfA.o
                0x20103604                L1_incoming_weights
 .srodata.L1_outgoing_weights
                0x20103608        0x4 C:\Users\shwet\AppData\Local\Temp\ccHbvBfA.o
                0x20103608                L1_outgoing_weights
 .srodata.L2_bitperweight
                0x2010360c        0x4 C:\Users\shwet\AppData\Local\Temp\ccHbvBfA.o
                0x2010360c                L2_bitperweight
 .srodata.L2_incoming_weights
                0x20103610        0x4 C:\Users\shwet\AppData\Local\Temp\ccHbvBfA.o
                0x20103610                L2_incoming_weights
 .srodata.L2_outgoing_weights
                0x20103614        0x4 C:\Users\shwet\AppData\Local\Temp\ccHbvBfA.o
                0x20103614                L2_outgoing_weights
 .srodata.label_0
                0x20103618        0x1 C:\Users\shwet\AppData\Local\Temp\ccHbvBfA.o
                0x20103618                label_0
 .srodata.label_1
                0x20103619        0x1 C:\Users\shwet\AppData\Local\Temp\ccHbvBfA.o
                0x20103619                label_1
 .srodata.label_2
                0x2010361a        0x1 C:\Users\shwet\AppData\Local\Temp\ccHbvBfA.o
                0x2010361a                label_2
 .srodata.label_3
                0x2010361b        0x1 C:\Users\shwet\AppData\Local\Temp\ccHbvBfA.o
                0x2010361b                label_3
 .srodata.__metal_driver_vtable_sifive_fe310_g000_hfrosc
                0x2010361c        0x8 C:/VSD_Sqd_Project/sifive_hifive1_BitNet_MNIST_App/bsp/install/lib/debug/\libmetal.a(sifive_fe310-g000_hfrosc.o)
                0x2010361c                __metal_driver_vtable_sifive_fe310_g000_hfrosc
 .srodata.__metal_driver_vtable_sifive_fe310_g000_hfxosc
                0x20103624        0x8 C:/VSD_Sqd_Project/sifive_hifive1_BitNet_MNIST_App/bsp/install/lib/debug/\libmetal.a(sifive_fe310-g000_hfxosc.o)
                0x20103624                __metal_driver_vtable_sifive_fe310_g000_hfxosc
 .srodata.__metal_driver_vtable_sifive_fe310_g000_prci
                0x2010362c        0x8 C:/VSD_Sqd_Project/sifive_hifive1_BitNet_MNIST_App/bsp/install/lib/debug/\libmetal.a(sifive_fe310-g000_prci.o)
                0x2010362c                __metal_driver_vtable_sifive_fe310_g000_prci
 .srodata.__metal_driver_vtable_fixed_clock
                0x20103634        0x8 C:/VSD_Sqd_Project/sifive_hifive1_BitNet_MNIST_App/bsp/install/lib/debug/\libmetal.a(fixed-clock.o)
                0x20103634                __metal_driver_vtable_fixed_clock

.itim           0x80000000        0x0 load address 0x20103640
 *(.itim .itim.*)
                0x20103640                        PROVIDE (metal_segment_itim_source_start = LOADADDR (.itim))
                0x80000000                        PROVIDE (metal_segment_itim_target_start = ADDR (.itim))
                0x80000000                        PROVIDE (metal_segment_itim_target_end = (ADDR (.itim) + SIZEOF (.itim)))

.lim            0x80000000        0x0 load address 0x20103640
 *(.lim .lim.*)
                0x20103640                        PROVIDE (metal_segment_lim_source_start = LOADADDR (.lim))
                0x80000000                        PROVIDE (metal_segment_lim_target_start = ADDR (.lim))
                0x80000000                        PROVIDE (metal_segment_lim_target_end = (ADDR (.lim) + SIZEOF (.lim)))

.text           0x20103680     0x6dec
 *(.text.unlikely .text.unlikely.*)
 *(.text.startup .text.startup.*)
 *(.text .text.*)
 .text.ReLUNorm
                0x20103680      0x186 C:\Users\shwet\AppData\Local\Temp\ccY6hDk1.o
                0x20103680                ReLUNorm
 .text.processfclayer
                0x20103806      0x432 C:\Users\shwet\AppData\Local\Temp\ccY6hDk1.o
                0x20103806                processfclayer
 .text.BitMnistInference
                0x20103c38       0xd0 C:\Users\shwet\AppData\Local\Temp\ccY6hDk1.o
                0x20103c38                BitMnistInference
 .text.display_banner
                0x20103d08       0x3a C:\Users\shwet\AppData\Local\Temp\ccY6hDk1.o
                0x20103d08                display_banner
 .text.timer_isr
                0x20103d42       0x30 C:\Users\shwet\AppData\Local\Temp\ccY6hDk1.o
                0x20103d42                timer_isr
 .text.wait_for_timer
                0x20103d72       0x7e C:\Users\shwet\AppData\Local\Temp\ccY6hDk1.o
                0x20103d72                wait_for_timer
 .text.main     0x20103df0      0x212 C:\Users\shwet\AppData\Local\Temp\ccY6hDk1.o
                0x20103df0                main
 .text.printf   0x20104002       0x2c C:/VSD/FreedomStudio-3-1-1-x86_64-w64-mingw32/FreedomStudio-3-1-1/SiFive/riscv64-unknown-elf-toolsuite-2.0.3/bin/../lib/gcc/riscv64-unknown-elf/13.2.0/../../../../riscv64-unknown-elf/lib/rv32imac/ilp32\libc_nano.a(libc_a-printf.o)
                0x20104002                iprintf
                0x20104002                printf
 .text.putchar  0x2010402e       0x10 C:/VSD/FreedomStudio-3-1-1-x86_64-w64-mingw32/FreedomStudio-3-1-1/SiFive/riscv64-unknown-elf-toolsuite-2.0.3/bin/../lib/gcc/riscv64-unknown-elf/13.2.0/../../../../riscv64-unknown-elf/lib/rv32imac/ilp32\libc_nano.a(libc_a-putchar.o)
                0x2010402e                putchar
 .text._puts_r  0x2010403e       0xa4 C:/VSD/FreedomStudio-3-1-1-x86_64-w64-mingw32/FreedomStudio-3-1-1/SiFive/riscv64-unknown-elf-toolsuite-2.0.3/bin/../lib/gcc/riscv64-unknown-elf/13.2.0/../../../../riscv64-unknown-elf/lib/rv32imac/ilp32\libc_nano.a(libc_a-puts.o)
                0x2010403e                _puts_r
 .text.puts     0x201040e2        0xc C:/VSD/FreedomStudio-3-1-1-x86_64-w64-mingw32/FreedomStudio-3-1-1/SiFive/riscv64-unknown-elf-toolsuite-2.0.3/bin/../lib/gcc/riscv64-unknown-elf/13.2.0/../../../../riscv64-unknown-elf/lib/rv32imac/ilp32\libc_nano.a(libc_a-puts.o)
                0x201040e2                puts
 .text.__swbuf_r
                0x201040ee       0x9c C:/VSD/FreedomStudio-3-1-1-x86_64-w64-mingw32/FreedomStudio-3-1-1/SiFive/riscv64-unknown-elf-toolsuite-2.0.3/bin/../lib/gcc/riscv64-unknown-elf/13.2.0/../../../../riscv64-unknown-elf/lib/rv32imac/ilp32\libc_nano.a(libc_a-wbuf.o)
                0x201040ee                __swbuf_r
 .text.__swsetup_r
                0x2010418a       0xcc C:/VSD/FreedomStudio-3-1-1-x86_64-w64-mingw32/FreedomStudio-3-1-1/SiFive/riscv64-unknown-elf-toolsuite-2.0.3/bin/../lib/gcc/riscv64-unknown-elf/13.2.0/../../../../riscv64-unknown-elf/lib/rv32imac/ilp32\libc_nano.a(libc_a-wsetup.o)
                0x2010418a                __swsetup_r
 .text._free_r  0x20104256       0xa2 C:/VSD/FreedomStudio-3-1-1-x86_64-w64-mingw32/FreedomStudio-3-1-1/SiFive/riscv64-unknown-elf-toolsuite-2.0.3/bin/../lib/gcc/riscv64-unknown-elf/13.2.0/../../../../riscv64-unknown-elf/lib/rv32imac/ilp32\libc_nano.a(libc_a-freer.o)
                0x20104256                _free_r
 .text.sbrk_aligned
                0x201042f8       0x5e C:/VSD/FreedomStudio-3-1-1-x86_64-w64-mingw32/FreedomStudio-3-1-1/SiFive/riscv64-unknown-elf-toolsuite-2.0.3/bin/../lib/gcc/riscv64-unknown-elf/13.2.0/../../../../riscv64-unknown-elf/lib/rv32imac/ilp32\libc_nano.a(libc_a-mallocr.o)
 .text._malloc_r
                0x20104356      0x124 C:/VSD/FreedomStudio-3-1-1-x86_64-w64-mingw32/FreedomStudio-3-1-1/SiFive/riscv64-unknown-elf-toolsuite-2.0.3/bin/../lib/gcc/riscv64-unknown-elf/13.2.0/../../../../riscv64-unknown-elf/lib/rv32imac/ilp32\libc_nano.a(libc_a-mallocr.o)
                0x20104356                _malloc_r
 .text.__malloc_lock
                0x2010447a        0x2 C:/VSD/FreedomStudio-3-1-1-x86_64-w64-mingw32/FreedomStudio-3-1-1/SiFive/riscv64-unknown-elf-toolsuite-2.0.3/bin/../lib/gcc/riscv64-unknown-elf/13.2.0/../../../../riscv64-unknown-elf/lib/rv32imac/ilp32\libc_nano.a(libc_a-mlock.o)
                0x2010447a                __malloc_lock
 .text.__malloc_unlock
                0x2010447c        0x2 C:/VSD/FreedomStudio-3-1-1-x86_64-w64-mingw32/FreedomStudio-3-1-1/SiFive/riscv64-unknown-elf-toolsuite-2.0.3/bin/../lib/gcc/riscv64-unknown-elf/13.2.0/../../../../riscv64-unknown-elf/lib/rv32imac/ilp32\libc_nano.a(libc_a-mlock.o)
                0x2010447c                __malloc_unlock
 .text.__sfputc_r
                0x2010447e       0x28 C:/VSD/FreedomStudio-3-1-1-x86_64-w64-mingw32/FreedomStudio-3-1-1/SiFive/riscv64-unknown-elf-toolsuite-2.0.3/bin/../lib/gcc/riscv64-unknown-elf/13.2.0/../../../../riscv64-unknown-elf/lib/rv32imac/ilp32\libc_nano.a(libc_a-nano-vfprintf.o)
 .text.__sfputs_r
                0x201044a6       0x42 C:/VSD/FreedomStudio-3-1-1-x86_64-w64-mingw32/FreedomStudio-3-1-1/SiFive/riscv64-unknown-elf-toolsuite-2.0.3/bin/../lib/gcc/riscv64-unknown-elf/13.2.0/../../../../riscv64-unknown-elf/lib/rv32imac/ilp32\libc_nano.a(libc_a-nano-vfprintf.o)
                0x201044a6                __sfputs_r
 .text._vfprintf_r
                0x201044e8      0x266 C:/VSD/FreedomStudio-3-1-1-x86_64-w64-mingw32/FreedomStudio-3-1-1/SiFive/riscv64-unknown-elf-toolsuite-2.0.3/bin/../lib/gcc/riscv64-unknown-elf/13.2.0/../../../../riscv64-unknown-elf/lib/rv32imac/ilp32\libc_nano.a(libc_a-nano-vfprintf.o)
                0x201044e8                _vfprintf_r
                0x201044e8                _vfiprintf_r
 .text._printf_common
                0x2010474e      0x110 C:/VSD/FreedomStudio-3-1-1-x86_64-w64-mingw32/FreedomStudio-3-1-1/SiFive/riscv64-unknown-elf-toolsuite-2.0.3/bin/../lib/gcc/riscv64-unknown-elf/13.2.0/../../../../riscv64-unknown-elf/lib/rv32imac/ilp32\libc_nano.a(libc_a-nano-vfprintf_i.o)
                0x2010474e                _printf_common
 .text._printf_i
                0x2010485e      0x262 C:/VSD/FreedomStudio-3-1-1-x86_64-w64-mingw32/FreedomStudio-3-1-1/SiFive/riscv64-unknown-elf-toolsuite-2.0.3/bin/../lib/gcc/riscv64-unknown-elf/13.2.0/../../../../riscv64-unknown-elf/lib/rv32imac/ilp32\libc_nano.a(libc_a-nano-vfprintf_i.o)
                0x2010485e                _printf_i
 .text.__sflush_r
                0x20104ac0      0x13c C:/VSD/FreedomStudio-3-1-1-x86_64-w64-mingw32/FreedomStudio-3-1-1/SiFive/riscv64-unknown-elf-toolsuite-2.0.3/bin/../lib/gcc/riscv64-unknown-elf/13.2.0/../../../../riscv64-unknown-elf/lib/rv32imac/ilp32\libc_nano.a(libc_a-fflush.o)
                0x20104ac0                __sflush_r
 .text._fflush_r
                0x20104bfc       0x36 C:/VSD/FreedomStudio-3-1-1-x86_64-w64-mingw32/FreedomStudio-3-1-1/SiFive/riscv64-unknown-elf-toolsuite-2.0.3/bin/../lib/gcc/riscv64-unknown-elf/13.2.0/../../../../riscv64-unknown-elf/lib/rv32imac/ilp32\libc_nano.a(libc_a-fflush.o)
                0x20104bfc                _fflush_r
 .text.std      0x20104c32       0x68 C:/VSD/FreedomStudio-3-1-1-x86_64-w64-mingw32/FreedomStudio-3-1-1/SiFive/riscv64-unknown-elf-toolsuite-2.0.3/bin/../lib/gcc/riscv64-unknown-elf/13.2.0/../../../../riscv64-unknown-elf/lib/rv32imac/ilp32\libc_nano.a(libc_a-findfp.o)
 .text.stdio_exit_handler
                0x20104c9a       0x1a C:/VSD/FreedomStudio-3-1-1-x86_64-w64-mingw32/FreedomStudio-3-1-1/SiFive/riscv64-unknown-elf-toolsuite-2.0.3/bin/../lib/gcc/riscv64-unknown-elf/13.2.0/../../../../riscv64-unknown-elf/lib/rv32imac/ilp32\libc_nano.a(libc_a-findfp.o)
 .text.cleanup_stdio
                0x20104cb4       0x46 C:/VSD/FreedomStudio-3-1-1-x86_64-w64-mingw32/FreedomStudio-3-1-1/SiFive/riscv64-unknown-elf-toolsuite-2.0.3/bin/../lib/gcc/riscv64-unknown-elf/13.2.0/../../../../riscv64-unknown-elf/lib/rv32imac/ilp32\libc_nano.a(libc_a-findfp.o)
 .text.global_stdio_init.part.0
                0x20104cfa       0x3e C:/VSD/FreedomStudio-3-1-1-x86_64-w64-mingw32/FreedomStudio-3-1-1/SiFive/riscv64-unknown-elf-toolsuite-2.0.3/bin/../lib/gcc/riscv64-unknown-elf/13.2.0/../../../../riscv64-unknown-elf/lib/rv32imac/ilp32\libc_nano.a(libc_a-findfp.o)
 .text.__sinit  0x20104d38       0x1c C:/VSD/FreedomStudio-3-1-1-x86_64-w64-mingw32/FreedomStudio-3-1-1/SiFive/riscv64-unknown-elf-toolsuite-2.0.3/bin/../lib/gcc/riscv64-unknown-elf/13.2.0/../../../../riscv64-unknown-elf/lib/rv32imac/ilp32\libc_nano.a(libc_a-findfp.o)
                0x20104d38                __sinit
 .text._fwalk_sglue
                0x20104d54       0x68 C:/VSD/FreedomStudio-3-1-1-x86_64-w64-mingw32/FreedomStudio-3-1-1/SiFive/riscv64-unknown-elf-toolsuite-2.0.3/bin/../lib/gcc/riscv64-unknown-elf/13.2.0/../../../../riscv64-unknown-elf/lib/rv32imac/ilp32\libc_nano.a(libc_a-fwalk.o)
                0x20104d54                _fwalk_sglue
 .text.__swhatbuf_r
                0x20104dbc       0x5a C:/VSD/FreedomStudio-3-1-1-x86_64-w64-mingw32/FreedomStudio-3-1-1/SiFive/riscv64-unknown-elf-toolsuite-2.0.3/bin/../lib/gcc/riscv64-unknown-elf/13.2.0/../../../../riscv64-unknown-elf/lib/rv32imac/ilp32\libc_nano.a(libc_a-makebuf.o)
                0x20104dbc                __swhatbuf_r
 .text.__smakebuf_r
                0x20104e16       0x9a C:/VSD/FreedomStudio-3-1-1-x86_64-w64-mingw32/FreedomStudio-3-1-1/SiFive/riscv64-unknown-elf-toolsuite-2.0.3/bin/../lib/gcc/riscv64-unknown-elf/13.2.0/../../../../riscv64-unknown-elf/lib/rv32imac/ilp32\libc_nano.a(libc_a-makebuf.o)
                0x20104e16                __smakebuf_r
 .text._putc_r  0x20104eb0       0x56 C:/VSD/FreedomStudio-3-1-1-x86_64-w64-mingw32/FreedomStudio-3-1-1/SiFive/riscv64-unknown-elf-toolsuite-2.0.3/bin/../lib/gcc/riscv64-unknown-elf/13.2.0/../../../../riscv64-unknown-elf/lib/rv32imac/ilp32\libc_nano.a(libc_a-putc.o)
                0x20104eb0                _putc_r
 .text.__sread  0x20104f06       0x30 C:/VSD/FreedomStudio-3-1-1-x86_64-w64-mingw32/FreedomStudio-3-1-1/SiFive/riscv64-unknown-elf-toolsuite-2.0.3/bin/../lib/gcc/riscv64-unknown-elf/13.2.0/../../../../riscv64-unknown-elf/lib/rv32imac/ilp32\libc_nano.a(libc_a-stdio.o)
                0x20104f06                __sread
 .text.__swrite
                0x20104f36       0x4e C:/VSD/FreedomStudio-3-1-1-x86_64-w64-mingw32/FreedomStudio-3-1-1/SiFive/riscv64-unknown-elf-toolsuite-2.0.3/bin/../lib/gcc/riscv64-unknown-elf/13.2.0/../../../../riscv64-unknown-elf/lib/rv32imac/ilp32\libc_nano.a(libc_a-stdio.o)
                0x20104f36                __swrite
 .text.__sseek  0x20104f84       0x36 C:/VSD/FreedomStudio-3-1-1-x86_64-w64-mingw32/FreedomStudio-3-1-1/SiFive/riscv64-unknown-elf-toolsuite-2.0.3/bin/../lib/gcc/riscv64-unknown-elf/13.2.0/../../../../riscv64-unknown-elf/lib/rv32imac/ilp32\libc_nano.a(libc_a-stdio.o)
                0x20104f84                __sseek
 .text.__sclose
                0x20104fba        0x6 C:/VSD/FreedomStudio-3-1-1-x86_64-w64-mingw32/FreedomStudio-3-1-1/SiFive/riscv64-unknown-elf-toolsuite-2.0.3/bin/../lib/gcc/riscv64-unknown-elf/13.2.0/../../../../riscv64-unknown-elf/lib/rv32imac/ilp32\libc_nano.a(libc_a-stdio.o)
                0x20104fba                __sclose
 .text.memchr   0x20104fc0       0x1a C:/VSD/FreedomStudio-3-1-1-x86_64-w64-mingw32/FreedomStudio-3-1-1/SiFive/riscv64-unknown-elf-toolsuite-2.0.3/bin/../lib/gcc/riscv64-unknown-elf/13.2.0/../../../../riscv64-unknown-elf/lib/rv32imac/ilp32\libc_nano.a(libc_a-memchr.o)
                0x20104fc0                memchr
 .text._close_r
                0x20104fda       0x30 C:/VSD/FreedomStudio-3-1-1-x86_64-w64-mingw32/FreedomStudio-3-1-1/SiFive/riscv64-unknown-elf-toolsuite-2.0.3/bin/../lib/gcc/riscv64-unknown-elf/13.2.0/../../../../riscv64-unknown-elf/lib/rv32imac/ilp32\libc_nano.a(libc_a-closer.o)
                0x20104fda                _close_r
 .text._fstat_r
                0x2010500a       0x32 C:/VSD/FreedomStudio-3-1-1-x86_64-w64-mingw32/FreedomStudio-3-1-1/SiFive/riscv64-unknown-elf-toolsuite-2.0.3/bin/../lib/gcc/riscv64-unknown-elf/13.2.0/../../../../riscv64-unknown-elf/lib/rv32imac/ilp32\libc_nano.a(libc_a-fstatr.o)
                0x2010500a                _fstat_r
 .text._isatty_r
                0x2010503c       0x30 C:/VSD/FreedomStudio-3-1-1-x86_64-w64-mingw32/FreedomStudio-3-1-1/SiFive/riscv64-unknown-elf-toolsuite-2.0.3/bin/../lib/gcc/riscv64-unknown-elf/13.2.0/../../../../riscv64-unknown-elf/lib/rv32imac/ilp32\libc_nano.a(libc_a-isattyr.o)
                0x2010503c                _isatty_r
 .text._lseek_r
                0x2010506c       0x34 C:/VSD/FreedomStudio-3-1-1-x86_64-w64-mingw32/FreedomStudio-3-1-1/SiFive/riscv64-unknown-elf-toolsuite-2.0.3/bin/../lib/gcc/riscv64-unknown-elf/13.2.0/../../../../riscv64-unknown-elf/lib/rv32imac/ilp32\libc_nano.a(libc_a-lseekr.o)
                0x2010506c                _lseek_r
 .text._read_r  0x201050a0       0x34 C:/VSD/FreedomStudio-3-1-1-x86_64-w64-mingw32/FreedomStudio-3-1-1/SiFive/riscv64-unknown-elf-toolsuite-2.0.3/bin/../lib/gcc/riscv64-unknown-elf/13.2.0/../../../../riscv64-unknown-elf/lib/rv32imac/ilp32\libc_nano.a(libc_a-readr.o)
                0x201050a0                _read_r
 .text._sbrk_r  0x201050d4       0x30 C:/VSD/FreedomStudio-3-1-1-x86_64-w64-mingw32/FreedomStudio-3-1-1/SiFive/riscv64-unknown-elf-toolsuite-2.0.3/bin/../lib/gcc/riscv64-unknown-elf/13.2.0/../../../../riscv64-unknown-elf/lib/rv32imac/ilp32\libc_nano.a(libc_a-sbrkr.o)
                0x201050d4                _sbrk_r
 .text._write_r
                0x20105104       0x34 C:/VSD/FreedomStudio-3-1-1-x86_64-w64-mingw32/FreedomStudio-3-1-1/SiFive/riscv64-unknown-elf-toolsuite-2.0.3/bin/../lib/gcc/riscv64-unknown-elf/13.2.0/../../../../riscv64-unknown-elf/lib/rv32imac/ilp32\libc_nano.a(libc_a-writer.o)
                0x20105104                _write_r
 .text          0x20105138       0xa8 C:/VSD/FreedomStudio-3-1-1-x86_64-w64-mingw32/FreedomStudio-3-1-1/SiFive/riscv64-unknown-elf-toolsuite-2.0.3/bin/../lib/gcc/riscv64-unknown-elf/13.2.0/../../../../riscv64-unknown-elf/lib/rv32imac/ilp32\libc_nano.a(libc_a-memset.o)
                0x20105138                memset
 .text.metal_cpu_get_mtime
                0x201051e0       0x2a C:/VSD_Sqd_Project/sifive_hifive1_BitNet_MNIST_App/bsp/install/lib/debug/\libmetal.a(cpu.o)
                0x201051e0                metal_cpu_get_mtime
 .text.metal_cpu_set_mtimecmp
                0x2010520a       0x36 C:/VSD_Sqd_Project/sifive_hifive1_BitNet_MNIST_App/bsp/install/lib/debug/\libmetal.a(cpu.o)
                0x2010520a                metal_cpu_set_mtimecmp
 .text.metal_cpu_timer_interrupt_controller
                0x20105240       0x26 C:/VSD_Sqd_Project/sifive_hifive1_BitNet_MNIST_App/bsp/install/lib/debug/\libmetal.a(cpu.o)
                0x20105240                metal_cpu_timer_interrupt_controller
 .text.metal_cpu_timer_get_interrupt_id
                0x20105266       0x26 C:/VSD_Sqd_Project/sifive_hifive1_BitNet_MNIST_App/bsp/install/lib/debug/\libmetal.a(cpu.o)
                0x20105266                metal_cpu_timer_get_interrupt_id
 .text.metal_cpu_interrupt_controller
                0x2010528c       0x26 C:/VSD_Sqd_Project/sifive_hifive1_BitNet_MNIST_App/bsp/install/lib/debug/\libmetal.a(cpu.o)
                0x2010528c                metal_cpu_interrupt_controller
 .text.metal_cpu_get
                0x201052b2       0x2e C:/VSD_Sqd_Project/sifive_hifive1_BitNet_MNIST_App/bsp/install/lib/debug/\libmetal.a(cpu.o)
                0x201052b2                metal_cpu_get
 .text.metal_cpu_get_current_hartid
                0x201052e0       0x1a C:/VSD_Sqd_Project/sifive_hifive1_BitNet_MNIST_App/bsp/install/lib/debug/\libmetal.a(cpu.o)
                0x201052e0                metal_cpu_get_current_hartid
 .text.metal_interrupt_init
                0x201052fa       0x24 C:/VSD_Sqd_Project/sifive_hifive1_BitNet_MNIST_App/bsp/install/lib/debug/\libmetal.a(interrupt.o)
                0x201052fa                metal_interrupt_init
 .text.metal_interrupt_register_handler
                0x2010531e       0x3e C:/VSD_Sqd_Project/sifive_hifive1_BitNet_MNIST_App/bsp/install/lib/debug/\libmetal.a(interrupt.o)
                0x2010531e                metal_interrupt_register_handler
 .text.metal_interrupt_enable
                0x2010535c       0x2e C:/VSD_Sqd_Project/sifive_hifive1_BitNet_MNIST_App/bsp/install/lib/debug/\libmetal.a(interrupt.o)
                0x2010535c                metal_interrupt_enable
 .text.metal_interrupt_disable
                0x2010538a       0x2e C:/VSD_Sqd_Project/sifive_hifive1_BitNet_MNIST_App/bsp/install/lib/debug/\libmetal.a(interrupt.o)
                0x2010538a                metal_interrupt_disable
 .text.metal_led_enable
                0x201053b8       0x24 C:/VSD_Sqd_Project/sifive_hifive1_BitNet_MNIST_App/bsp/install/lib/debug/\libmetal.a(led.o)
                0x201053b8                metal_led_enable
 .text.metal_led_on
                0x201053dc       0x24 C:/VSD_Sqd_Project/sifive_hifive1_BitNet_MNIST_App/bsp/install/lib/debug/\libmetal.a(led.o)
                0x201053dc                metal_led_on
 .text.metal_led_off
                0x20105400       0x24 C:/VSD_Sqd_Project/sifive_hifive1_BitNet_MNIST_App/bsp/install/lib/debug/\libmetal.a(led.o)
                0x20105400                metal_led_off
 .text.metal_led_get_rgb
                0x20105424       0x96 C:/VSD_Sqd_Project/sifive_hifive1_BitNet_MNIST_App/bsp/install/lib/debug/\libmetal.a(led.o)
                0x20105424                metal_led_get_rgb
 .text.__metal_driver_sifive_clint0_control_base
                0x201054ba       0x2a C:/VSD_Sqd_Project/sifive_hifive1_BitNet_MNIST_App/bsp/install/lib/debug/\libmetal.a(riscv_clint0.o)
 .text.__metal_driver_sifive_clint0_num_interrupts
                0x201054e4       0x28 C:/VSD_Sqd_Project/sifive_hifive1_BitNet_MNIST_App/bsp/install/lib/debug/\libmetal.a(riscv_clint0.o)
 .text.__metal_driver_sifive_clint0_interrupt_parents
                0x2010550c       0x3c C:/VSD_Sqd_Project/sifive_hifive1_BitNet_MNIST_App/bsp/install/lib/debug/\libmetal.a(riscv_clint0.o)
 .text.__metal_driver_sifive_clint0_interrupt_lines
                0x20105548       0x30 C:/VSD_Sqd_Project/sifive_hifive1_BitNet_MNIST_App/bsp/install/lib/debug/\libmetal.a(riscv_clint0.o)
 .text.__metal_clint0_mtime_get
                0x20105578       0x9a C:/VSD_Sqd_Project/sifive_hifive1_BitNet_MNIST_App/bsp/install/lib/debug/\libmetal.a(riscv_clint0.o)
                0x20105578                __metal_clint0_mtime_get
 .text.__metal_driver_riscv_clint0_mtimecmp_set
                0x20105612       0x96 C:/VSD_Sqd_Project/sifive_hifive1_BitNet_MNIST_App/bsp/install/lib/debug/\libmetal.a(riscv_clint0.o)
                0x20105612                __metal_driver_riscv_clint0_mtimecmp_set
 .text._get_cpu_intc
                0x201056a8       0x32 C:/VSD_Sqd_Project/sifive_hifive1_BitNet_MNIST_App/bsp/install/lib/debug/\libmetal.a(riscv_clint0.o)
 .text.__metal_driver_riscv_clint0_init
                0x201056da       0x88 C:/VSD_Sqd_Project/sifive_hifive1_BitNet_MNIST_App/bsp/install/lib/debug/\libmetal.a(riscv_clint0.o)
                0x201056da                __metal_driver_riscv_clint0_init
 .text.__metal_driver_riscv_clint0_register
                0x20105762       0xda C:/VSD_Sqd_Project/sifive_hifive1_BitNet_MNIST_App/bsp/install/lib/debug/\libmetal.a(riscv_clint0.o)
                0x20105762                __metal_driver_riscv_clint0_register
 .text.__metal_driver_riscv_clint0_vector_register
                0x2010583c       0x28 C:/VSD_Sqd_Project/sifive_hifive1_BitNet_MNIST_App/bsp/install/lib/debug/\libmetal.a(riscv_clint0.o)
                0x2010583c                __metal_driver_riscv_clint0_vector_register
 .text.__metal_driver_riscv_clint0_get_vector_mode
                0x20105864       0x1c C:/VSD_Sqd_Project/sifive_hifive1_BitNet_MNIST_App/bsp/install/lib/debug/\libmetal.a(riscv_clint0.o)
                0x20105864                __metal_driver_riscv_clint0_get_vector_mode
 .text.__metal_driver_riscv_clint0_set_vector_mode
                0x20105880       0x54 C:/VSD_Sqd_Project/sifive_hifive1_BitNet_MNIST_App/bsp/install/lib/debug/\libmetal.a(riscv_clint0.o)
                0x20105880                __metal_driver_riscv_clint0_set_vector_mode
 .text.__metal_driver_riscv_clint0_enable
                0x201058d4       0xb2 C:/VSD_Sqd_Project/sifive_hifive1_BitNet_MNIST_App/bsp/install/lib/debug/\libmetal.a(riscv_clint0.o)
                0x201058d4                __metal_driver_riscv_clint0_enable
 .text.__metal_driver_riscv_clint0_disable
                0x20105986       0xb8 C:/VSD_Sqd_Project/sifive_hifive1_BitNet_MNIST_App/bsp/install/lib/debug/\libmetal.a(riscv_clint0.o)
                0x20105986                __metal_driver_riscv_clint0_disable
 .text.__metal_driver_riscv_clint0_command_request
                0x20105a3e      0x140 C:/VSD_Sqd_Project/sifive_hifive1_BitNet_MNIST_App/bsp/install/lib/debug/\libmetal.a(riscv_clint0.o)
                0x20105a3e                __metal_driver_riscv_clint0_command_request
 .text.__metal_driver_riscv_clint0_clear_interrupt
                0x20105b7e       0x34 C:/VSD_Sqd_Project/sifive_hifive1_BitNet_MNIST_App/bsp/install/lib/debug/\libmetal.a(riscv_clint0.o)
                0x20105b7e                __metal_driver_riscv_clint0_clear_interrupt
 .text.__metal_driver_riscv_clint0_set_interrupt
                0x20105bb2       0x34 C:/VSD_Sqd_Project/sifive_hifive1_BitNet_MNIST_App/bsp/install/lib/debug/\libmetal.a(riscv_clint0.o)
                0x20105bb2                __metal_driver_riscv_clint0_set_interrupt
 .text.__metal_driver_cpu_hartid
                0x20105be6       0x24 C:/VSD_Sqd_Project/sifive_hifive1_BitNet_MNIST_App/bsp/install/lib/debug/\libmetal.a(riscv_cpu.o)
 .text.__metal_driver_cpu_timebase
                0x20105c0a       0x2a C:/VSD_Sqd_Project/sifive_hifive1_BitNet_MNIST_App/bsp/install/lib/debug/\libmetal.a(riscv_cpu.o)
 .text.__metal_driver_cpu_interrupt_controller
                0x20105c34       0x2a C:/VSD_Sqd_Project/sifive_hifive1_BitNet_MNIST_App/bsp/install/lib/debug/\libmetal.a(riscv_cpu.o)
 .text.__metal_driver_cpu_buserror
                0x20105c5e       0x24 C:/VSD_Sqd_Project/sifive_hifive1_BitNet_MNIST_App/bsp/install/lib/debug/\libmetal.a(riscv_cpu.o)
 .text.__metal_driver_cpu_get
                0x20105c82       0x30 C:/VSD_Sqd_Project/sifive_hifive1_BitNet_MNIST_App/bsp/install/lib/debug/\libmetal.a(riscv_cpu.o)
                0x20105c82                __metal_driver_cpu_get
 .text.__metal_myhart_id
                0x20105cb2       0x1a C:/VSD_Sqd_Project/sifive_hifive1_BitNet_MNIST_App/bsp/install/lib/debug/\libmetal.a(riscv_cpu.o)
                0x20105cb2                __metal_myhart_id
 .text.__metal_interrupt_global_enable
                0x20105ccc       0x18 C:/VSD_Sqd_Project/sifive_hifive1_BitNet_MNIST_App/bsp/install/lib/debug/\libmetal.a(riscv_cpu.o)
                0x20105ccc                __metal_interrupt_global_enable
 .text.__metal_interrupt_global_disable
                0x20105ce4       0x18 C:/VSD_Sqd_Project/sifive_hifive1_BitNet_MNIST_App/bsp/install/lib/debug/\libmetal.a(riscv_cpu.o)
                0x20105ce4                __metal_interrupt_global_disable
 .text.__metal_interrupt_software_enable
                0x20105cfc       0x18 C:/VSD_Sqd_Project/sifive_hifive1_BitNet_MNIST_App/bsp/install/lib/debug/\libmetal.a(riscv_cpu.o)
                0x20105cfc                __metal_interrupt_software_enable
 .text.__metal_interrupt_software_disable
                0x20105d14       0x18 C:/VSD_Sqd_Project/sifive_hifive1_BitNet_MNIST_App/bsp/install/lib/debug/\libmetal.a(riscv_cpu.o)
                0x20105d14                __metal_interrupt_software_disable
 .text.__metal_interrupt_timer_enable
                0x20105d2c       0x1a C:/VSD_Sqd_Project/sifive_hifive1_BitNet_MNIST_App/bsp/install/lib/debug/\libmetal.a(riscv_cpu.o)
                0x20105d2c                __metal_interrupt_timer_enable
 .text.__metal_interrupt_timer_disable
                0x20105d46       0x1a C:/VSD_Sqd_Project/sifive_hifive1_BitNet_MNIST_App/bsp/install/lib/debug/\libmetal.a(riscv_cpu.o)
                0x20105d46                __metal_interrupt_timer_disable
 .text.__metal_interrupt_external_enable
                0x20105d60       0x1c C:/VSD_Sqd_Project/sifive_hifive1_BitNet_MNIST_App/bsp/install/lib/debug/\libmetal.a(riscv_cpu.o)
                0x20105d60                __metal_interrupt_external_enable
 .text.__metal_interrupt_external_disable
                0x20105d7c       0x1c C:/VSD_Sqd_Project/sifive_hifive1_BitNet_MNIST_App/bsp/install/lib/debug/\libmetal.a(riscv_cpu.o)
                0x20105d7c                __metal_interrupt_external_disable
 .text.__metal_interrupt_local_enable
                0x20105d98       0x2c C:/VSD_Sqd_Project/sifive_hifive1_BitNet_MNIST_App/bsp/install/lib/debug/\libmetal.a(riscv_cpu.o)
                0x20105d98                __metal_interrupt_local_enable
 .text.__metal_interrupt_local_disable
                0x20105dc4       0x2c C:/VSD_Sqd_Project/sifive_hifive1_BitNet_MNIST_App/bsp/install/lib/debug/\libmetal.a(riscv_cpu.o)
                0x20105dc4                __metal_interrupt_local_disable
 .text.__metal_default_exception_handler
                0x20105df0       0x18 C:/VSD_Sqd_Project/sifive_hifive1_BitNet_MNIST_App/bsp/install/lib/debug/\libmetal.a(riscv_cpu.o)
                0x20105df0                __metal_default_exception_handler
 .text.__metal_default_interrupt_handler
                0x20105e08       0x18 C:/VSD_Sqd_Project/sifive_hifive1_BitNet_MNIST_App/bsp/install/lib/debug/\libmetal.a(riscv_cpu.o)
                0x20105e08                __metal_default_interrupt_handler
 .text.metal_interrupt_vector_handler
                0x20105e20       0x2e C:/VSD_Sqd_Project/sifive_hifive1_BitNet_MNIST_App/bsp/install/lib/debug/\libmetal.a(riscv_cpu.o)
                0x20105e20                metal_interrupt_vector_handler
 .text.metal_software_interrupt_vector_handler
                0x20105e4e       0x92 C:/VSD_Sqd_Project/sifive_hifive1_BitNet_MNIST_App/bsp/install/lib/debug/\libmetal.a(riscv_cpu.o)
                0x20105e4e                metal_software_interrupt_vector_handler
 .text.__metal_default_sw_handler
                0x20105ee0       0x68 C:/VSD_Sqd_Project/sifive_hifive1_BitNet_MNIST_App/bsp/install/lib/debug/\libmetal.a(riscv_cpu.o)
                0x20105ee0                __metal_default_sw_handler
 .text.metal_timer_interrupt_vector_handler
                0x20105f48       0x92 C:/VSD_Sqd_Project/sifive_hifive1_BitNet_MNIST_App/bsp/install/lib/debug/\libmetal.a(riscv_cpu.o)
                0x20105f48                metal_timer_interrupt_vector_handler
 .text.__metal_default_beu_handler
                0x20105fda       0x16 C:/VSD_Sqd_Project/sifive_hifive1_BitNet_MNIST_App/bsp/install/lib/debug/\libmetal.a(riscv_cpu.o)
                0x20105fda                __metal_default_beu_handler
 .text.__metal_default_timer_handler
                0x20105ff0       0x66 C:/VSD_Sqd_Project/sifive_hifive1_BitNet_MNIST_App/bsp/install/lib/debug/\libmetal.a(riscv_cpu.o)
                0x20105ff0                __metal_default_timer_handler
 *fill*         0x20106056       0x2a 
 .text.__metal_exception_handler
                0x20106080      0x1fa C:/VSD_Sqd_Project/sifive_hifive1_BitNet_MNIST_App/bsp/install/lib/debug/\libmetal.a(riscv_cpu.o)
                0x20106080                __metal_exception_handler
 .text.metal_lc0_interrupt_vector_handler
                0x2010627a       0x96 C:/VSD_Sqd_Project/sifive_hifive1_BitNet_MNIST_App/bsp/install/lib/debug/\libmetal.a(riscv_cpu.o)
                0x2010627a                metal_lc0_interrupt_vector_handler
 .text.metal_lc1_interrupt_vector_handler
                0x20106310       0x96 C:/VSD_Sqd_Project/sifive_hifive1_BitNet_MNIST_App/bsp/install/lib/debug/\libmetal.a(riscv_cpu.o)
                0x20106310                metal_lc1_interrupt_vector_handler
 .text.metal_lc2_interrupt_vector_handler
                0x201063a6       0x96 C:/VSD_Sqd_Project/sifive_hifive1_BitNet_MNIST_App/bsp/install/lib/debug/\libmetal.a(riscv_cpu.o)
                0x201063a6                metal_lc2_interrupt_vector_handler
 .text.metal_lc3_interrupt_vector_handler
                0x2010643c       0x96 C:/VSD_Sqd_Project/sifive_hifive1_BitNet_MNIST_App/bsp/install/lib/debug/\libmetal.a(riscv_cpu.o)
                0x2010643c                metal_lc3_interrupt_vector_handler
 .text.metal_lc4_interrupt_vector_handler
                0x201064d2       0x96 C:/VSD_Sqd_Project/sifive_hifive1_BitNet_MNIST_App/bsp/install/lib/debug/\libmetal.a(riscv_cpu.o)
                0x201064d2                metal_lc4_interrupt_vector_handler
 .text.metal_lc5_interrupt_vector_handler
                0x20106568       0x96 C:/VSD_Sqd_Project/sifive_hifive1_BitNet_MNIST_App/bsp/install/lib/debug/\libmetal.a(riscv_cpu.o)
                0x20106568                metal_lc5_interrupt_vector_handler
 .text.metal_lc6_interrupt_vector_handler
                0x201065fe       0x96 C:/VSD_Sqd_Project/sifive_hifive1_BitNet_MNIST_App/bsp/install/lib/debug/\libmetal.a(riscv_cpu.o)
                0x201065fe                metal_lc6_interrupt_vector_handler
 .text.metal_lc7_interrupt_vector_handler
                0x20106694       0x96 C:/VSD_Sqd_Project/sifive_hifive1_BitNet_MNIST_App/bsp/install/lib/debug/\libmetal.a(riscv_cpu.o)
                0x20106694                metal_lc7_interrupt_vector_handler
 .text.metal_lc8_interrupt_vector_handler
                0x2010672a       0x96 C:/VSD_Sqd_Project/sifive_hifive1_BitNet_MNIST_App/bsp/install/lib/debug/\libmetal.a(riscv_cpu.o)
                0x2010672a                metal_lc8_interrupt_vector_handler
 .text.metal_lc9_interrupt_vector_handler
                0x201067c0       0x96 C:/VSD_Sqd_Project/sifive_hifive1_BitNet_MNIST_App/bsp/install/lib/debug/\libmetal.a(riscv_cpu.o)
                0x201067c0                metal_lc9_interrupt_vector_handler
 .text.metal_lc10_interrupt_vector_handler
                0x20106856       0x96 C:/VSD_Sqd_Project/sifive_hifive1_BitNet_MNIST_App/bsp/install/lib/debug/\libmetal.a(riscv_cpu.o)
                0x20106856                metal_lc10_interrupt_vector_handler
 .text.metal_lc11_interrupt_vector_handler
                0x201068ec       0x96 C:/VSD_Sqd_Project/sifive_hifive1_BitNet_MNIST_App/bsp/install/lib/debug/\libmetal.a(riscv_cpu.o)
                0x201068ec                metal_lc11_interrupt_vector_handler
 .text.metal_lc12_interrupt_vector_handler
                0x20106982       0x96 C:/VSD_Sqd_Project/sifive_hifive1_BitNet_MNIST_App/bsp/install/lib/debug/\libmetal.a(riscv_cpu.o)
                0x20106982                metal_lc12_interrupt_vector_handler
 .text.metal_lc13_interrupt_vector_handler
                0x20106a18       0x96 C:/VSD_Sqd_Project/sifive_hifive1_BitNet_MNIST_App/bsp/install/lib/debug/\libmetal.a(riscv_cpu.o)
                0x20106a18                metal_lc13_interrupt_vector_handler
 .text.metal_lc14_interrupt_vector_handler
                0x20106aae       0x96 C:/VSD_Sqd_Project/sifive_hifive1_BitNet_MNIST_App/bsp/install/lib/debug/\libmetal.a(riscv_cpu.o)
                0x20106aae                metal_lc14_interrupt_vector_handler
 .text.metal_lc15_interrupt_vector_handler
                0x20106b44       0x96 C:/VSD_Sqd_Project/sifive_hifive1_BitNet_MNIST_App/bsp/install/lib/debug/\libmetal.a(riscv_cpu.o)
                0x20106b44                metal_lc15_interrupt_vector_handler
 .text.__metal_controller_interrupt_vector_mode
                0x20106bda       0x58 C:/VSD_Sqd_Project/sifive_hifive1_BitNet_MNIST_App/bsp/install/lib/debug/\libmetal.a(riscv_cpu.o)
                0x20106bda                __metal_controller_interrupt_vector_mode
 .text.__metal_controller_interrupt_vector
                0x20106c32       0xb2 C:/VSD_Sqd_Project/sifive_hifive1_BitNet_MNIST_App/bsp/install/lib/debug/\libmetal.a(riscv_cpu.o)
                0x20106c32                __metal_controller_interrupt_vector
 .text.__metal_valid_interrupt_id
                0x20106ce4       0x56 C:/VSD_Sqd_Project/sifive_hifive1_BitNet_MNIST_App/bsp/install/lib/debug/\libmetal.a(riscv_cpu.o)
                0x20106ce4                __metal_valid_interrupt_id
 .text.__metal_local_interrupt_enable
                0x20106d3a       0xbc C:/VSD_Sqd_Project/sifive_hifive1_BitNet_MNIST_App/bsp/install/lib/debug/\libmetal.a(riscv_cpu.o)
                0x20106d3a                __metal_local_interrupt_enable
 .text.__metal_exception_register
                0x20106df6       0x4e C:/VSD_Sqd_Project/sifive_hifive1_BitNet_MNIST_App/bsp/install/lib/debug/\libmetal.a(riscv_cpu.o)
                0x20106df6                __metal_exception_register
 .text.__metal_driver_riscv_cpu_controller_interrupt_init
                0x20106e44       0xe4 C:/VSD_Sqd_Project/sifive_hifive1_BitNet_MNIST_App/bsp/install/lib/debug/\libmetal.a(riscv_cpu.o)
                0x20106e44                __metal_driver_riscv_cpu_controller_interrupt_init
 .text.__metal_driver_riscv_cpu_controller_interrupt_register
                0x20106f28      0x1e2 C:/VSD_Sqd_Project/sifive_hifive1_BitNet_MNIST_App/bsp/install/lib/debug/\libmetal.a(riscv_cpu.o)
                0x20106f28                __metal_driver_riscv_cpu_controller_interrupt_register
 .text.__metal_driver_riscv_cpu_controller_interrupt_enable
                0x2010710a       0x2c C:/VSD_Sqd_Project/sifive_hifive1_BitNet_MNIST_App/bsp/install/lib/debug/\libmetal.a(riscv_cpu.o)
                0x2010710a                __metal_driver_riscv_cpu_controller_interrupt_enable
 .text.__metal_driver_riscv_cpu_controller_interrupt_disable
                0x20107136       0x2c C:/VSD_Sqd_Project/sifive_hifive1_BitNet_MNIST_App/bsp/install/lib/debug/\libmetal.a(riscv_cpu.o)
                0x20107136                __metal_driver_riscv_cpu_controller_interrupt_disable
 .text.__metal_driver_riscv_cpu_controller_get_vector_mode
                0x20107162       0x1c C:/VSD_Sqd_Project/sifive_hifive1_BitNet_MNIST_App/bsp/install/lib/debug/\libmetal.a(riscv_cpu.o)
                0x20107162                __metal_driver_riscv_cpu_controller_get_vector_mode
 .text.__metal_driver_riscv_cpu_controller_set_vector_mode
                0x2010717e       0x54 C:/VSD_Sqd_Project/sifive_hifive1_BitNet_MNIST_App/bsp/install/lib/debug/\libmetal.a(riscv_cpu.o)
                0x2010717e                __metal_driver_riscv_cpu_controller_set_vector_mode
 .text.__metal_driver_riscv_cpu_controller_command_request
                0x201071d2       0x1c C:/VSD_Sqd_Project/sifive_hifive1_BitNet_MNIST_App/bsp/install/lib/debug/\libmetal.a(riscv_cpu.o)
                0x201071d2                __metal_driver_riscv_cpu_controller_command_request
 .text.__metal_driver_cpu_mcycle_get
                0x201071ee       0x70 C:/VSD_Sqd_Project/sifive_hifive1_BitNet_MNIST_App/bsp/install/lib/debug/\libmetal.a(riscv_cpu.o)
                0x201071ee                __metal_driver_cpu_mcycle_get
 .text.__metal_driver_cpu_timebase_get
                0x2010725e       0x46 C:/VSD_Sqd_Project/sifive_hifive1_BitNet_MNIST_App/bsp/install/lib/debug/\libmetal.a(riscv_cpu.o)
                0x2010725e                __metal_driver_cpu_timebase_get
 .text.__metal_driver_cpu_mtime_get
                0x201072a4       0x66 C:/VSD_Sqd_Project/sifive_hifive1_BitNet_MNIST_App/bsp/install/lib/debug/\libmetal.a(riscv_cpu.o)
                0x201072a4                __metal_driver_cpu_mtime_get
 .text.__metal_driver_cpu_mtimecmp_set
                0x2010730a       0x76 C:/VSD_Sqd_Project/sifive_hifive1_BitNet_MNIST_App/bsp/install/lib/debug/\libmetal.a(riscv_cpu.o)
                0x2010730a                __metal_driver_cpu_mtimecmp_set
 .text.__metal_driver_cpu_timer_controller_interrupt
                0x20107380       0x1a C:/VSD_Sqd_Project/sifive_hifive1_BitNet_MNIST_App/bsp/install/lib/debug/\libmetal.a(riscv_cpu.o)
                0x20107380                __metal_driver_cpu_timer_controller_interrupt
 .text.__metal_driver_cpu_get_timer_interrupt_id
                0x2010739a       0x14 C:/VSD_Sqd_Project/sifive_hifive1_BitNet_MNIST_App/bsp/install/lib/debug/\libmetal.a(riscv_cpu.o)
                0x2010739a                __metal_driver_cpu_get_timer_interrupt_id
 .text.__metal_driver_cpu_sw_controller_interrupt
                0x201073ae       0x1a C:/VSD_Sqd_Project/sifive_hifive1_BitNet_MNIST_App/bsp/install/lib/debug/\libmetal.a(riscv_cpu.o)
                0x201073ae                __metal_driver_cpu_sw_controller_interrupt
 .text.__metal_driver_cpu_get_sw_interrupt_id
                0x201073c8       0x14 C:/VSD_Sqd_Project/sifive_hifive1_BitNet_MNIST_App/bsp/install/lib/debug/\libmetal.a(riscv_cpu.o)
                0x201073c8                __metal_driver_cpu_get_sw_interrupt_id
 .text.__metal_driver_cpu_set_sw_ipi
                0x201073dc       0x62 C:/VSD_Sqd_Project/sifive_hifive1_BitNet_MNIST_App/bsp/install/lib/debug/\libmetal.a(riscv_cpu.o)
                0x201073dc                __metal_driver_cpu_set_sw_ipi
 .text.__metal_driver_cpu_clear_sw_ipi
                0x2010743e       0x62 C:/VSD_Sqd_Project/sifive_hifive1_BitNet_MNIST_App/bsp/install/lib/debug/\libmetal.a(riscv_cpu.o)
                0x2010743e                __metal_driver_cpu_clear_sw_ipi
 .text.__metal_driver_cpu_get_msip
                0x201074a0       0x60 C:/VSD_Sqd_Project/sifive_hifive1_BitNet_MNIST_App/bsp/install/lib/debug/\libmetal.a(riscv_cpu.o)
                0x201074a0                __metal_driver_cpu_get_msip
 .text.__metal_driver_cpu_controller_interrupt
                0x20107500       0x20 C:/VSD_Sqd_Project/sifive_hifive1_BitNet_MNIST_App/bsp/install/lib/debug/\libmetal.a(riscv_cpu.o)
                0x20107500                __metal_driver_cpu_controller_interrupt
 .text.__metal_driver_cpu_exception_register
                0x20107520       0x46 C:/VSD_Sqd_Project/sifive_hifive1_BitNet_MNIST_App/bsp/install/lib/debug/\libmetal.a(riscv_cpu.o)
                0x20107520                __metal_driver_cpu_exception_register
 .text.__metal_driver_cpu_get_instruction_length
                0x20107566       0x2e C:/VSD_Sqd_Project/sifive_hifive1_BitNet_MNIST_App/bsp/install/lib/debug/\libmetal.a(riscv_cpu.o)
                0x20107566                __metal_driver_cpu_get_instruction_length
 .text.__metal_driver_cpu_get_exception_pc
                0x20107594       0x1e C:/VSD_Sqd_Project/sifive_hifive1_BitNet_MNIST_App/bsp/install/lib/debug/\libmetal.a(riscv_cpu.o)
                0x20107594                __metal_driver_cpu_get_exception_pc
 .text.__metal_driver_cpu_set_exception_pc
                0x201075b2       0x20 C:/VSD_Sqd_Project/sifive_hifive1_BitNet_MNIST_App/bsp/install/lib/debug/\libmetal.a(riscv_cpu.o)
                0x201075b2                __metal_driver_cpu_set_exception_pc
 .text.__metal_driver_cpu_get_buserror
                0x201075d2       0x20 C:/VSD_Sqd_Project/sifive_hifive1_BitNet_MNIST_App/bsp/install/lib/debug/\libmetal.a(riscv_cpu.o)
                0x201075d2                __metal_driver_cpu_get_buserror
 .text.__metal_driver_sifive_plic0_control_base
                0x201075f2       0x2a C:/VSD_Sqd_Project/sifive_hifive1_BitNet_MNIST_App/bsp/install/lib/debug/\libmetal.a(riscv_plic0.o)
 .text.__metal_driver_sifive_plic0_num_interrupts
                0x2010761c       0x2a C:/VSD_Sqd_Project/sifive_hifive1_BitNet_MNIST_App/bsp/install/lib/debug/\libmetal.a(riscv_plic0.o)
 .text.__metal_driver_sifive_plic0_max_priority
                0x20107646       0x28 C:/VSD_Sqd_Project/sifive_hifive1_BitNet_MNIST_App/bsp/install/lib/debug/\libmetal.a(riscv_plic0.o)
 .text.__metal_driver_sifive_plic0_interrupt_parents
                0x2010766e       0x28 C:/VSD_Sqd_Project/sifive_hifive1_BitNet_MNIST_App/bsp/install/lib/debug/\libmetal.a(riscv_plic0.o)
 .text.__metal_driver_sifive_plic0_interrupt_lines
                0x20107696       0x22 C:/VSD_Sqd_Project/sifive_hifive1_BitNet_MNIST_App/bsp/install/lib/debug/\libmetal.a(riscv_plic0.o)
 .text.__metal_driver_sifive_plic0_context_ids
                0x201076b8       0x1e C:/VSD_Sqd_Project/sifive_hifive1_BitNet_MNIST_App/bsp/install/lib/debug/\libmetal.a(riscv_plic0.o)
 .text.__metal_plic0_claim_interrupt
                0x201076d6       0x3c C:/VSD_Sqd_Project/sifive_hifive1_BitNet_MNIST_App/bsp/install/lib/debug/\libmetal.a(riscv_plic0.o)
                0x201076d6                __metal_plic0_claim_interrupt
 .text.__metal_plic0_complete_interrupt
                0x20107712       0x46 C:/VSD_Sqd_Project/sifive_hifive1_BitNet_MNIST_App/bsp/install/lib/debug/\libmetal.a(riscv_plic0.o)
                0x20107712                __metal_plic0_complete_interrupt
 .text.__metal_plic0_set_threshold
                0x20107758       0x46 C:/VSD_Sqd_Project/sifive_hifive1_BitNet_MNIST_App/bsp/install/lib/debug/\libmetal.a(riscv_plic0.o)
                0x20107758                __metal_plic0_set_threshold
 .text.__metal_plic0_get_threshold
                0x2010779e       0x3a C:/VSD_Sqd_Project/sifive_hifive1_BitNet_MNIST_App/bsp/install/lib/debug/\libmetal.a(riscv_plic0.o)
                0x2010779e                __metal_plic0_get_threshold
 .text.__metal_driver_riscv_plic0_set_priority
                0x201077d8       0x62 C:/VSD_Sqd_Project/sifive_hifive1_BitNet_MNIST_App/bsp/install/lib/debug/\libmetal.a(riscv_plic0.o)
                0x201077d8                __metal_driver_riscv_plic0_set_priority
 .text.__metal_driver_riscv_plic0_get_priority
                0x2010783a       0x34 C:/VSD_Sqd_Project/sifive_hifive1_BitNet_MNIST_App/bsp/install/lib/debug/\libmetal.a(riscv_plic0.o)
                0x2010783a                __metal_driver_riscv_plic0_get_priority
 .text.__metal_plic0_enable
                0x2010786e       0xa4 C:/VSD_Sqd_Project/sifive_hifive1_BitNet_MNIST_App/bsp/install/lib/debug/\libmetal.a(riscv_plic0.o)
                0x2010786e                __metal_plic0_enable
 .text.__metal_plic0_default_handler
                0x20107912       0x18 C:/VSD_Sqd_Project/sifive_hifive1_BitNet_MNIST_App/bsp/install/lib/debug/\libmetal.a(riscv_plic0.o)
                0x20107912                __metal_plic0_default_handler
 .text.__metal_plic0_handler
                0x2010792a       0xa8 C:/VSD_Sqd_Project/sifive_hifive1_BitNet_MNIST_App/bsp/install/lib/debug/\libmetal.a(riscv_plic0.o)
                0x2010792a                __metal_plic0_handler
 .text.__metal_driver_riscv_plic0_init
                0x201079d2      0x15a C:/VSD_Sqd_Project/sifive_hifive1_BitNet_MNIST_App/bsp/install/lib/debug/\libmetal.a(riscv_plic0.o)
                0x201079d2                __metal_driver_riscv_plic0_init
 .text.__metal_driver_riscv_plic0_register
                0x20107b2c       0xc2 C:/VSD_Sqd_Project/sifive_hifive1_BitNet_MNIST_App/bsp/install/lib/debug/\libmetal.a(riscv_plic0.o)
                0x20107b2c                __metal_driver_riscv_plic0_register
 .text.__metal_driver_riscv_plic0_enable
                0x20107bee       0x50 C:/VSD_Sqd_Project/sifive_hifive1_BitNet_MNIST_App/bsp/install/lib/debug/\libmetal.a(riscv_plic0.o)
                0x20107bee                __metal_driver_riscv_plic0_enable
 .text.__metal_driver_riscv_plic0_disable
                0x20107c3e       0x50 C:/VSD_Sqd_Project/sifive_hifive1_BitNet_MNIST_App/bsp/install/lib/debug/\libmetal.a(riscv_plic0.o)
                0x20107c3e                __metal_driver_riscv_plic0_disable
 .text.__metal_driver_riscv_plic0_set_threshold
                0x20107c8e       0x30 C:/VSD_Sqd_Project/sifive_hifive1_BitNet_MNIST_App/bsp/install/lib/debug/\libmetal.a(riscv_plic0.o)
                0x20107c8e                __metal_driver_riscv_plic0_set_threshold
 .text.__metal_driver_riscv_plic0_get_threshold
                0x20107cbe       0x28 C:/VSD_Sqd_Project/sifive_hifive1_BitNet_MNIST_App/bsp/install/lib/debug/\libmetal.a(riscv_plic0.o)
                0x20107cbe                __metal_driver_riscv_plic0_get_threshold
 .text.__metal_driver_riscv_plic0_affinity_enable
                0x20107ce6       0x9c C:/VSD_Sqd_Project/sifive_hifive1_BitNet_MNIST_App/bsp/install/lib/debug/\libmetal.a(riscv_plic0.o)
                0x20107ce6                __metal_driver_riscv_plic0_affinity_enable
 .text.__metal_driver_riscv_plic0_affinity_disable
                0x20107d82       0x9c C:/VSD_Sqd_Project/sifive_hifive1_BitNet_MNIST_App/bsp/install/lib/debug/\libmetal.a(riscv_plic0.o)
                0x20107d82                __metal_driver_riscv_plic0_affinity_disable
 .text.__metal_driver_riscv_plic0_affinity_set_threshold
                0x20107e1e       0x74 C:/VSD_Sqd_Project/sifive_hifive1_BitNet_MNIST_App/bsp/install/lib/debug/\libmetal.a(riscv_plic0.o)
                0x20107e1e                __metal_driver_riscv_plic0_affinity_set_threshold
 .text.__metal_driver_riscv_plic0_affinity_get_threshold
                0x20107e92       0x28 C:/VSD_Sqd_Project/sifive_hifive1_BitNet_MNIST_App/bsp/install/lib/debug/\libmetal.a(riscv_plic0.o)
                0x20107e92                __metal_driver_riscv_plic0_affinity_get_threshold
 .text.__metal_driver_sifive_fe310_g000_hfrosc_ref
                0x20107eba       0x1a C:/VSD_Sqd_Project/sifive_hifive1_BitNet_MNIST_App/bsp/install/lib/debug/\libmetal.a(sifive_fe310-g000_hfrosc.o)
 .text.__metal_driver_sifive_fe310_g000_hfrosc_config_base
                0x20107ed4       0x16 C:/VSD_Sqd_Project/sifive_hifive1_BitNet_MNIST_App/bsp/install/lib/debug/\libmetal.a(sifive_fe310-g000_hfrosc.o)
 .text.__metal_driver_sifive_fe310_g000_hfrosc_config_offset
                0x20107eea       0x14 C:/VSD_Sqd_Project/sifive_hifive1_BitNet_MNIST_App/bsp/install/lib/debug/\libmetal.a(sifive_fe310-g000_hfrosc.o)
 .text.__metal_driver_sifive_fe310_g000_prci_vtable
                0x20107efe       0x16 C:/VSD_Sqd_Project/sifive_hifive1_BitNet_MNIST_App/bsp/install/lib/debug/\libmetal.a(sifive_fe310-g000_hfrosc.o)
 .text.__metal_driver_sifive_fe310_g000_hfrosc_get_rate_hz
                0x20107f14       0x84 C:/VSD_Sqd_Project/sifive_hifive1_BitNet_MNIST_App/bsp/install/lib/debug/\libmetal.a(sifive_fe310-g000_hfrosc.o)
                0x20107f14                __metal_driver_sifive_fe310_g000_hfrosc_get_rate_hz
 .text.__metal_driver_sifive_fe310_g000_hfrosc_set_rate_hz
                0x20107f98       0x22 C:/VSD_Sqd_Project/sifive_hifive1_BitNet_MNIST_App/bsp/install/lib/debug/\libmetal.a(sifive_fe310-g000_hfrosc.o)
                0x20107f98                __metal_driver_sifive_fe310_g000_hfrosc_set_rate_hz
 .text.__metal_driver_sifive_fe310_g000_hfxosc_ref
                0x20107fba       0x1a C:/VSD_Sqd_Project/sifive_hifive1_BitNet_MNIST_App/bsp/install/lib/debug/\libmetal.a(sifive_fe310-g000_hfxosc.o)
 .text.__metal_driver_sifive_fe310_g000_hfxosc_config_base
                0x20107fd4       0x16 C:/VSD_Sqd_Project/sifive_hifive1_BitNet_MNIST_App/bsp/install/lib/debug/\libmetal.a(sifive_fe310-g000_hfxosc.o)
 .text.__metal_driver_sifive_fe310_g000_hfxosc_config_offset
                0x20107fea       0x14 C:/VSD_Sqd_Project/sifive_hifive1_BitNet_MNIST_App/bsp/install/lib/debug/\libmetal.a(sifive_fe310-g000_hfxosc.o)
 .text.__metal_driver_sifive_fe310_g000_prci_vtable
                0x20107ffe       0x16 C:/VSD_Sqd_Project/sifive_hifive1_BitNet_MNIST_App/bsp/install/lib/debug/\libmetal.a(sifive_fe310-g000_hfxosc.o)
 .text.__metal_driver_sifive_fe310_g000_hfxosc_get_rate_hz
                0x20108014       0x74 C:/VSD_Sqd_Project/sifive_hifive1_BitNet_MNIST_App/bsp/install/lib/debug/\libmetal.a(sifive_fe310-g000_hfxosc.o)
                0x20108014                __metal_driver_sifive_fe310_g000_hfxosc_get_rate_hz
 .text.__metal_driver_sifive_fe310_g000_hfxosc_set_rate_hz
                0x20108088       0x22 C:/VSD_Sqd_Project/sifive_hifive1_BitNet_MNIST_App/bsp/install/lib/debug/\libmetal.a(sifive_fe310-g000_hfxosc.o)
                0x20108088                __metal_driver_sifive_fe310_g000_hfxosc_set_rate_hz
 .text.__metal_driver_sifive_fe310_g000_pll_pllsel0
                0x201080aa       0x1a C:/VSD_Sqd_Project/sifive_hifive1_BitNet_MNIST_App/bsp/install/lib/debug/\libmetal.a(sifive_fe310-g000_pll.o)
 .text.__metal_driver_sifive_fe310_g000_pll_pllref
                0x201080c4       0x1a C:/VSD_Sqd_Project/sifive_hifive1_BitNet_MNIST_App/bsp/install/lib/debug/\libmetal.a(sifive_fe310-g000_pll.o)
 .text.__metal_driver_sifive_fe310_g000_pll_divider_base
                0x201080de       0x16 C:/VSD_Sqd_Project/sifive_hifive1_BitNet_MNIST_App/bsp/install/lib/debug/\libmetal.a(sifive_fe310-g000_pll.o)
 .text.__metal_driver_sifive_fe310_g000_pll_divider_offset
                0x201080f4       0x14 C:/VSD_Sqd_Project/sifive_hifive1_BitNet_MNIST_App/bsp/install/lib/debug/\libmetal.a(sifive_fe310-g000_pll.o)
 .text.__metal_driver_sifive_fe310_g000_pll_config_base
                0x20108108       0x12 C:/VSD_Sqd_Project/sifive_hifive1_BitNet_MNIST_App/bsp/install/lib/debug/\libmetal.a(sifive_fe310-g000_pll.o)
 .text.__metal_driver_sifive_fe310_g000_pll_config_offset
                0x2010811a       0x10 C:/VSD_Sqd_Project/sifive_hifive1_BitNet_MNIST_App/bsp/install/lib/debug/\libmetal.a(sifive_fe310-g000_pll.o)
 .text.__metal_driver_sifive_fe310_g000_pll_init_rate
                0x2010812a       0x16 C:/VSD_Sqd_Project/sifive_hifive1_BitNet_MNIST_App/bsp/install/lib/debug/\libmetal.a(sifive_fe310-g000_pll.o)
 .text.__metal_driver_sifive_fe310_g000_prci_base
                0x20108140       0x12 C:/VSD_Sqd_Project/sifive_hifive1_BitNet_MNIST_App/bsp/install/lib/debug/\libmetal.a(sifive_fe310-g000_pll.o)
 .text.__metal_driver_sifive_fe310_g000_prci_vtable
                0x20108152       0x16 C:/VSD_Sqd_Project/sifive_hifive1_BitNet_MNIST_App/bsp/install/lib/debug/\libmetal.a(sifive_fe310-g000_pll.o)
 .text.get_pll_config_freq
                0x20108168       0x4e C:/VSD_Sqd_Project/sifive_hifive1_BitNet_MNIST_App/bsp/install/lib/debug/\libmetal.a(sifive_fe310-g000_pll.o)
 .text.__metal_driver_sifive_fe310_g000_pll_init
                0x201081b6       0xa4 C:/VSD_Sqd_Project/sifive_hifive1_BitNet_MNIST_App/bsp/install/lib/debug/\libmetal.a(sifive_fe310-g000_pll.o)
                0x201081b6                __metal_driver_sifive_fe310_g000_pll_init
 .text.__metal_driver_sifive_fe310_g000_pll_get_rate_hz
                0x2010825a      0x17e C:/VSD_Sqd_Project/sifive_hifive1_BitNet_MNIST_App/bsp/install/lib/debug/\libmetal.a(sifive_fe310-g000_pll.o)
                0x2010825a                __metal_driver_sifive_fe310_g000_pll_get_rate_hz
 .text.find_closest_config
                0x201083d8       0xaa C:/VSD_Sqd_Project/sifive_hifive1_BitNet_MNIST_App/bsp/install/lib/debug/\libmetal.a(sifive_fe310-g000_pll.o)
 .text.configure_pll
                0x20108482      0x1b0 C:/VSD_Sqd_Project/sifive_hifive1_BitNet_MNIST_App/bsp/install/lib/debug/\libmetal.a(sifive_fe310-g000_pll.o)
 .text.__metal_driver_sifive_fe310_g000_pll_set_rate_hz
                0x20108632      0x166 C:/VSD_Sqd_Project/sifive_hifive1_BitNet_MNIST_App/bsp/install/lib/debug/\libmetal.a(sifive_fe310-g000_pll.o)
                0x20108632                __metal_driver_sifive_fe310_g000_pll_set_rate_hz
 .text.__metal_driver_sifive_fe310_g000_prci_base
                0x20108798       0x12 C:/VSD_Sqd_Project/sifive_hifive1_BitNet_MNIST_App/bsp/install/lib/debug/\libmetal.a(sifive_fe310-g000_prci.o)
 .text.__metal_driver_sifive_fe310_g000_prci_get_reg
                0x201087aa       0x2e C:/VSD_Sqd_Project/sifive_hifive1_BitNet_MNIST_App/bsp/install/lib/debug/\libmetal.a(sifive_fe310-g000_prci.o)
                0x201087aa                __metal_driver_sifive_fe310_g000_prci_get_reg
 .text.__metal_driver_sifive_fe310_g000_prci_set_reg
                0x201087d8       0x38 C:/VSD_Sqd_Project/sifive_hifive1_BitNet_MNIST_App/bsp/install/lib/debug/\libmetal.a(sifive_fe310-g000_prci.o)
                0x201087d8                __metal_driver_sifive_fe310_g000_prci_set_reg
 .text.__metal_driver_sifive_gpio_led_gpio
                0x20108810       0x4a C:/VSD_Sqd_Project/sifive_hifive1_BitNet_MNIST_App/bsp/install/lib/debug/\libmetal.a(sifive_gpio-leds.o)
 .text.__metal_driver_sifive_gpio_led_pin
                0x2010885a       0x44 C:/VSD_Sqd_Project/sifive_hifive1_BitNet_MNIST_App/bsp/install/lib/debug/\libmetal.a(sifive_gpio-leds.o)
 .text.__metal_driver_sifive_gpio_led_label
                0x2010889e       0x5c C:/VSD_Sqd_Project/sifive_hifive1_BitNet_MNIST_App/bsp/install/lib/debug/\libmetal.a(sifive_gpio-leds.o)
 .text.__metal_driver_led_exist
                0x201088fa       0x36 C:/VSD_Sqd_Project/sifive_hifive1_BitNet_MNIST_App/bsp/install/lib/debug/\libmetal.a(sifive_gpio-leds.o)
                0x201088fa                __metal_driver_led_exist
 .text.__metal_driver_led_enable
                0x20108930       0x4c C:/VSD_Sqd_Project/sifive_hifive1_BitNet_MNIST_App/bsp/install/lib/debug/\libmetal.a(sifive_gpio-leds.o)
                0x20108930                __metal_driver_led_enable
 .text.__metal_driver_led_on
                0x2010897c       0x42 C:/VSD_Sqd_Project/sifive_hifive1_BitNet_MNIST_App/bsp/install/lib/debug/\libmetal.a(sifive_gpio-leds.o)
                0x2010897c                __metal_driver_led_on
 .text.__metal_driver_led_off
                0x201089be       0x42 C:/VSD_Sqd_Project/sifive_hifive1_BitNet_MNIST_App/bsp/install/lib/debug/\libmetal.a(sifive_gpio-leds.o)
                0x201089be                __metal_driver_led_off
 .text.__metal_driver_led_toggle
                0x20108a00       0x40 C:/VSD_Sqd_Project/sifive_hifive1_BitNet_MNIST_App/bsp/install/lib/debug/\libmetal.a(sifive_gpio-leds.o)
                0x20108a00                __metal_driver_led_toggle
 .text.__metal_driver_sifive_gpio0_base
                0x20108a40       0x26 C:/VSD_Sqd_Project/sifive_hifive1_BitNet_MNIST_App/bsp/install/lib/debug/\libmetal.a(sifive_gpio0.o)
 .text.__metal_driver_sifive_gpio0_interrupt_parent
                0x20108a66       0x2a C:/VSD_Sqd_Project/sifive_hifive1_BitNet_MNIST_App/bsp/install/lib/debug/\libmetal.a(sifive_gpio0.o)
 .text.__metal_driver_sifive_gpio0_interrupt_lines
                0x20108a90      0x1b4 C:/VSD_Sqd_Project/sifive_hifive1_BitNet_MNIST_App/bsp/install/lib/debug/\libmetal.a(sifive_gpio0.o)
 .text.__metal_driver_sifive_gpio0_enable_input
                0x20108c44       0x40 C:/VSD_Sqd_Project/sifive_hifive1_BitNet_MNIST_App/bsp/install/lib/debug/\libmetal.a(sifive_gpio0.o)
                0x20108c44                __metal_driver_sifive_gpio0_enable_input
 .text.__metal_driver_sifive_gpio0_disable_input
                0x20108c84       0x46 C:/VSD_Sqd_Project/sifive_hifive1_BitNet_MNIST_App/bsp/install/lib/debug/\libmetal.a(sifive_gpio0.o)
                0x20108c84                __metal_driver_sifive_gpio0_disable_input
 .text.__metal_driver_sifive_gpio0_input
                0x20108cca       0x2a C:/VSD_Sqd_Project/sifive_hifive1_BitNet_MNIST_App/bsp/install/lib/debug/\libmetal.a(sifive_gpio0.o)
                0x20108cca                __metal_driver_sifive_gpio0_input
 .text.__metal_driver_sifive_gpio0_output
                0x20108cf4       0x2c C:/VSD_Sqd_Project/sifive_hifive1_BitNet_MNIST_App/bsp/install/lib/debug/\libmetal.a(sifive_gpio0.o)
                0x20108cf4                __metal_driver_sifive_gpio0_output
 .text.__metal_driver_sifive_gpio0_disable_output
                0x20108d20       0x46 C:/VSD_Sqd_Project/sifive_hifive1_BitNet_MNIST_App/bsp/install/lib/debug/\libmetal.a(sifive_gpio0.o)
                0x20108d20                __metal_driver_sifive_gpio0_disable_output
 .text.__metal_driver_sifive_gpio0_enable_output
                0x20108d66       0x40 C:/VSD_Sqd_Project/sifive_hifive1_BitNet_MNIST_App/bsp/install/lib/debug/\libmetal.a(sifive_gpio0.o)
                0x20108d66                __metal_driver_sifive_gpio0_enable_output
 .text.__metal_driver_sifive_gpio0_output_set
                0x20108da6       0x40 C:/VSD_Sqd_Project/sifive_hifive1_BitNet_MNIST_App/bsp/install/lib/debug/\libmetal.a(sifive_gpio0.o)
                0x20108da6                __metal_driver_sifive_gpio0_output_set
 .text.__metal_driver_sifive_gpio0_output_clear
                0x20108de6       0x46 C:/VSD_Sqd_Project/sifive_hifive1_BitNet_MNIST_App/bsp/install/lib/debug/\libmetal.a(sifive_gpio0.o)
                0x20108de6                __metal_driver_sifive_gpio0_output_clear
 .text.__metal_driver_sifive_gpio0_output_toggle
                0x20108e2c       0x40 C:/VSD_Sqd_Project/sifive_hifive1_BitNet_MNIST_App/bsp/install/lib/debug/\libmetal.a(sifive_gpio0.o)
                0x20108e2c                __metal_driver_sifive_gpio0_output_toggle
 .text.__metal_driver_sifive_gpio0_enable_io
                0x20108e6c       0x62 C:/VSD_Sqd_Project/sifive_hifive1_BitNet_MNIST_App/bsp/install/lib/debug/\libmetal.a(sifive_gpio0.o)
                0x20108e6c                __metal_driver_sifive_gpio0_enable_io
 .text.__metal_driver_sifive_gpio0_disable_io
                0x20108ece       0x4a C:/VSD_Sqd_Project/sifive_hifive1_BitNet_MNIST_App/bsp/install/lib/debug/\libmetal.a(sifive_gpio0.o)
                0x20108ece                __metal_driver_sifive_gpio0_disable_io
 .text.__metal_driver_sifive_gpio0_config_int
                0x20108f18      0x206 C:/VSD_Sqd_Project/sifive_hifive1_BitNet_MNIST_App/bsp/install/lib/debug/\libmetal.a(sifive_gpio0.o)
                0x20108f18                __metal_driver_sifive_gpio0_config_int
 .text.__metal_driver_sifive_gpio0_clear_int
                0x2010911e      0x188 C:/VSD_Sqd_Project/sifive_hifive1_BitNet_MNIST_App/bsp/install/lib/debug/\libmetal.a(sifive_gpio0.o)
                0x2010911e                __metal_driver_sifive_gpio0_clear_int
 .text.__metal_driver_gpio_interrupt_controller
                0x201092a6       0x20 C:/VSD_Sqd_Project/sifive_hifive1_BitNet_MNIST_App/bsp/install/lib/debug/\libmetal.a(sifive_gpio0.o)
                0x201092a6                __metal_driver_gpio_interrupt_controller
 .text.__metal_driver_gpio_get_interrupt_id
                0x201092c6       0x2e C:/VSD_Sqd_Project/sifive_hifive1_BitNet_MNIST_App/bsp/install/lib/debug/\libmetal.a(sifive_gpio0.o)
                0x201092c6                __metal_driver_gpio_get_interrupt_id
 .text.__metal_driver_sifive_uart0_control_base
                0x201092f4       0x2a C:/VSD_Sqd_Project/sifive_hifive1_BitNet_MNIST_App/bsp/install/lib/debug/\libmetal.a(sifive_uart0.o)
 .text.__metal_driver_sifive_uart0_interrupt_parent
                0x2010931e       0x2e C:/VSD_Sqd_Project/sifive_hifive1_BitNet_MNIST_App/bsp/install/lib/debug/\libmetal.a(sifive_uart0.o)
 .text.__metal_driver_sifive_uart0_interrupt_line
                0x2010934c       0x28 C:/VSD_Sqd_Project/sifive_hifive1_BitNet_MNIST_App/bsp/install/lib/debug/\libmetal.a(sifive_uart0.o)
 .text.__metal_driver_sifive_uart0_clock
                0x20109374       0x2e C:/VSD_Sqd_Project/sifive_hifive1_BitNet_MNIST_App/bsp/install/lib/debug/\libmetal.a(sifive_uart0.o)
 .text.__metal_driver_sifive_uart0_pinmux
                0x201093a2       0x2a C:/VSD_Sqd_Project/sifive_hifive1_BitNet_MNIST_App/bsp/install/lib/debug/\libmetal.a(sifive_uart0.o)
 .text.__metal_driver_sifive_uart0_pinmux_output_selector
                0x201093cc       0x28 C:/VSD_Sqd_Project/sifive_hifive1_BitNet_MNIST_App/bsp/install/lib/debug/\libmetal.a(sifive_uart0.o)
 .text.__metal_driver_sifive_uart0_pinmux_source_selector
                0x201093f4       0x2a C:/VSD_Sqd_Project/sifive_hifive1_BitNet_MNIST_App/bsp/install/lib/debug/\libmetal.a(sifive_uart0.o)
 .text.__metal_driver_sifive_uart0_interrupt_controller
                0x2010941e       0x20 C:/VSD_Sqd_Project/sifive_hifive1_BitNet_MNIST_App/bsp/install/lib/debug/\libmetal.a(sifive_uart0.o)
                0x2010941e                __metal_driver_sifive_uart0_interrupt_controller
 .text.__metal_driver_sifive_uart0_get_interrupt_id
                0x2010943e       0x20 C:/VSD_Sqd_Project/sifive_hifive1_BitNet_MNIST_App/bsp/install/lib/debug/\libmetal.a(sifive_uart0.o)
                0x2010943e                __metal_driver_sifive_uart0_get_interrupt_id
 .text.__metal_driver_sifive_uart0_tx_interrupt_enable
                0x2010945e       0x3a C:/VSD_Sqd_Project/sifive_hifive1_BitNet_MNIST_App/bsp/install/lib/debug/\libmetal.a(sifive_uart0.o)
                0x2010945e                __metal_driver_sifive_uart0_tx_interrupt_enable
 .text.__metal_driver_sifive_uart0_tx_interrupt_disable
                0x20109498       0x38 C:/VSD_Sqd_Project/sifive_hifive1_BitNet_MNIST_App/bsp/install/lib/debug/\libmetal.a(sifive_uart0.o)
                0x20109498                __metal_driver_sifive_uart0_tx_interrupt_disable
 .text.__metal_driver_sifive_uart0_rx_interrupt_enable
                0x201094d0       0x3a C:/VSD_Sqd_Project/sifive_hifive1_BitNet_MNIST_App/bsp/install/lib/debug/\libmetal.a(sifive_uart0.o)
                0x201094d0                __metal_driver_sifive_uart0_rx_interrupt_enable
 .text.__metal_driver_sifive_uart0_rx_interrupt_disable
                0x2010950a       0x38 C:/VSD_Sqd_Project/sifive_hifive1_BitNet_MNIST_App/bsp/install/lib/debug/\libmetal.a(sifive_uart0.o)
                0x2010950a                __metal_driver_sifive_uart0_rx_interrupt_disable
 .text.__metal_driver_sifive_uart0_txready
                0x20109542       0x30 C:/VSD_Sqd_Project/sifive_hifive1_BitNet_MNIST_App/bsp/install/lib/debug/\libmetal.a(sifive_uart0.o)
                0x20109542                __metal_driver_sifive_uart0_txready
 .text.__metal_driver_sifive_uart0_set_tx_watermark
                0x20109572       0x4a C:/VSD_Sqd_Project/sifive_hifive1_BitNet_MNIST_App/bsp/install/lib/debug/\libmetal.a(sifive_uart0.o)
                0x20109572                __metal_driver_sifive_uart0_set_tx_watermark
 .text.__metal_driver_sifive_uart0_get_tx_watermark
                0x201095bc       0x30 C:/VSD_Sqd_Project/sifive_hifive1_BitNet_MNIST_App/bsp/install/lib/debug/\libmetal.a(sifive_uart0.o)
                0x201095bc                __metal_driver_sifive_uart0_get_tx_watermark
 .text.__metal_driver_sifive_uart0_set_rx_watermark
                0x201095ec       0x4a C:/VSD_Sqd_Project/sifive_hifive1_BitNet_MNIST_App/bsp/install/lib/debug/\libmetal.a(sifive_uart0.o)
                0x201095ec                __metal_driver_sifive_uart0_set_rx_watermark
 .text.__metal_driver_sifive_uart0_get_rx_watermark
                0x20109636       0x30 C:/VSD_Sqd_Project/sifive_hifive1_BitNet_MNIST_App/bsp/install/lib/debug/\libmetal.a(sifive_uart0.o)
                0x20109636                __metal_driver_sifive_uart0_get_rx_watermark
 .text.__metal_driver_sifive_uart0_putc
                0x20109666       0x42 C:/VSD_Sqd_Project/sifive_hifive1_BitNet_MNIST_App/bsp/install/lib/debug/\libmetal.a(sifive_uart0.o)
                0x20109666                __metal_driver_sifive_uart0_putc
 .text.__metal_driver_sifive_uart0_getc
                0x201096a8       0x56 C:/VSD_Sqd_Project/sifive_hifive1_BitNet_MNIST_App/bsp/install/lib/debug/\libmetal.a(sifive_uart0.o)
                0x201096a8                __metal_driver_sifive_uart0_getc
 .text.__metal_driver_sifive_uart0_get_baud_rate
                0x201096fe       0x20 C:/VSD_Sqd_Project/sifive_hifive1_BitNet_MNIST_App/bsp/install/lib/debug/\libmetal.a(sifive_uart0.o)
                0x201096fe                __metal_driver_sifive_uart0_get_baud_rate
 .text.__metal_driver_sifive_uart0_set_baud_rate
                0x2010971e       0xa0 C:/VSD_Sqd_Project/sifive_hifive1_BitNet_MNIST_App/bsp/install/lib/debug/\libmetal.a(sifive_uart0.o)
                0x2010971e                __metal_driver_sifive_uart0_set_baud_rate
 .text.pre_rate_change_callback_func
                0x201097be       0xda C:/VSD_Sqd_Project/sifive_hifive1_BitNet_MNIST_App/bsp/install/lib/debug/\libmetal.a(sifive_uart0.o)
 .text.post_rate_change_callback_func
                0x20109898       0x2e C:/VSD_Sqd_Project/sifive_hifive1_BitNet_MNIST_App/bsp/install/lib/debug/\libmetal.a(sifive_uart0.o)
 .text.__metal_driver_sifive_uart0_init
                0x201098c6       0xd0 C:/VSD_Sqd_Project/sifive_hifive1_BitNet_MNIST_App/bsp/install/lib/debug/\libmetal.a(sifive_uart0.o)
                0x201098c6                __metal_driver_sifive_uart0_init
 .text._metal_clock_call_all_callbacks
                0x20109996       0x42 C:/VSD_Sqd_Project/sifive_hifive1_BitNet_MNIST_App/bsp/install/lib/debug/\libmetal.a(clock.o)
                0x20109996                _metal_clock_call_all_callbacks
 .text._metal_clock_append_to_callbacks
                0x201099d8       0x54 C:/VSD_Sqd_Project/sifive_hifive1_BitNet_MNIST_App/bsp/install/lib/debug/\libmetal.a(clock.o)
                0x201099d8                _metal_clock_append_to_callbacks
 .text.metal_clock_get_rate_hz
                0x20109a2c       0x26 C:/VSD_Sqd_Project/sifive_hifive1_BitNet_MNIST_App/bsp/install/lib/debug/\libmetal.a(clock.o)
                0x20109a2c                metal_clock_get_rate_hz
 .text.metal_clock_set_rate_hz
                0x20109a52       0x4c C:/VSD_Sqd_Project/sifive_hifive1_BitNet_MNIST_App/bsp/install/lib/debug/\libmetal.a(clock.o)
                0x20109a52                metal_clock_set_rate_hz
 .text.metal_clock_register_pre_rate_change_callback
                0x20109a9e       0x32 C:/VSD_Sqd_Project/sifive_hifive1_BitNet_MNIST_App/bsp/install/lib/debug/\libmetal.a(clock.o)
                0x20109a9e                metal_clock_register_pre_rate_change_callback
 .text.metal_clock_register_post_rate_change_callback
                0x20109ad0       0x32 C:/VSD_Sqd_Project/sifive_hifive1_BitNet_MNIST_App/bsp/install/lib/debug/\libmetal.a(clock.o)
                0x20109ad0                metal_clock_register_post_rate_change_callback
 .text.metal_gpio_disable_input
                0x20109b02       0x40 C:/VSD_Sqd_Project/sifive_hifive1_BitNet_MNIST_App/bsp/install/lib/debug/\libmetal.a(gpio.o)
                0x20109b02                metal_gpio_disable_input
 .text.metal_gpio_enable_output
                0x20109b42       0x40 C:/VSD_Sqd_Project/sifive_hifive1_BitNet_MNIST_App/bsp/install/lib/debug/\libmetal.a(gpio.o)
                0x20109b42                metal_gpio_enable_output
 .text.metal_gpio_set_pin
                0x20109b82       0x68 C:/VSD_Sqd_Project/sifive_hifive1_BitNet_MNIST_App/bsp/install/lib/debug/\libmetal.a(gpio.o)
                0x20109b82                metal_gpio_set_pin
 .text.metal_gpio_toggle_pin
                0x20109bea       0x40 C:/VSD_Sqd_Project/sifive_hifive1_BitNet_MNIST_App/bsp/install/lib/debug/\libmetal.a(gpio.o)
                0x20109bea                metal_gpio_toggle_pin
 .text.metal_shutdown
                0x20109c2a        0xe C:/VSD_Sqd_Project/sifive_hifive1_BitNet_MNIST_App/bsp/install/lib/debug/\libmetal.a(shutdown.o)
                0x20109c2a                metal_shutdown
 .text.metal_uart_init
                0x20109c38       0x2c C:/VSD_Sqd_Project/sifive_hifive1_BitNet_MNIST_App/bsp/install/lib/debug/\libmetal.a(uart.o)
                0x20109c38                metal_uart_init
 .text.metal_uart_putc
                0x20109c64       0x2e C:/VSD_Sqd_Project/sifive_hifive1_BitNet_MNIST_App/bsp/install/lib/debug/\libmetal.a(uart.o)
                0x20109c64                metal_uart_putc
 .text.metal_uart_set_baud_rate
                0x20109c92       0x2e C:/VSD_Sqd_Project/sifive_hifive1_BitNet_MNIST_App/bsp/install/lib/debug/\libmetal.a(uart.o)
                0x20109c92                metal_uart_set_baud_rate
 *fill*         0x20109cc0       0x40 
 .text          0x20109d00       0x80 C:/VSD_Sqd_Project/sifive_hifive1_BitNet_MNIST_App/bsp/install/lib/debug/\libmetal.a(vector.o)
                0x20109d00                __metal_vector_table
 .text.__metal_driver_fixed_clock_rate
                0x20109d80       0x62 C:/VSD_Sqd_Project/sifive_hifive1_BitNet_MNIST_App/bsp/install/lib/debug/\libmetal.a(fixed-clock.o)
 .text.__metal_driver_fixed_clock_get_rate_hz
                0x20109de2       0x20 C:/VSD_Sqd_Project/sifive_hifive1_BitNet_MNIST_App/bsp/install/lib/debug/\libmetal.a(fixed-clock.o)
                0x20109de2                __metal_driver_fixed_clock_get_rate_hz
 .text.__metal_driver_fixed_clock_set_rate_hz
                0x20109e02       0x24 C:/VSD_Sqd_Project/sifive_hifive1_BitNet_MNIST_App/bsp/install/lib/debug/\libmetal.a(fixed-clock.o)
                0x20109e02                __metal_driver_fixed_clock_set_rate_hz
 .text._close   0x20109e26       0x22 C:/VSD_Sqd_Project/sifive_hifive1_BitNet_MNIST_App/bsp/install/lib/debug/\libmetal-gloss.a(sys_close.o)
                0x20109e26                _close
 .text._fstat   0x20109e48       0x26 C:/VSD_Sqd_Project/sifive_hifive1_BitNet_MNIST_App/bsp/install/lib/debug/\libmetal-gloss.a(sys_fstat.o)
                0x20109e48                _fstat
 .text._isatty  0x20109e6e       0x20 C:/VSD_Sqd_Project/sifive_hifive1_BitNet_MNIST_App/bsp/install/lib/debug/\libmetal-gloss.a(sys_isatty.o)
                0x20109e6e                _isatty
 .text._lseek   0x20109e8e       0x2a C:/VSD_Sqd_Project/sifive_hifive1_BitNet_MNIST_App/bsp/install/lib/debug/\libmetal-gloss.a(sys_lseek.o)
                0x20109e8e                _lseek
 .text._read    0x20109eb8       0x2a C:/VSD_Sqd_Project/sifive_hifive1_BitNet_MNIST_App/bsp/install/lib/debug/\libmetal-gloss.a(sys_read.o)
                0x20109eb8                _read
 .text._sbrk    0x20109ee2       0x6a C:/VSD_Sqd_Project/sifive_hifive1_BitNet_MNIST_App/bsp/install/lib/debug/\libmetal-gloss.a(sys_sbrk.o)
                0x20109ee2                _sbrk
 .text._write   0x20109f4c       0x6e C:/VSD_Sqd_Project/sifive_hifive1_BitNet_MNIST_App/bsp/install/lib/debug/\libmetal-gloss.a(sys_write.o)
                0x20109f4c                _write
                0x20109f4c                write
 .text.atexit   0x20109fba        0xa C:/VSD/FreedomStudio-3-1-1-x86_64-w64-mingw32/FreedomStudio-3-1-1/SiFive/riscv64-unknown-elf-toolsuite-2.0.3/bin/../lib/gcc/riscv64-unknown-elf/13.2.0/../../../../riscv64-unknown-elf/lib/rv32imac/ilp32\libc_nano.a(libc_a-atexit.o)
                0x20109fba                atexit
 .text.exit     0x20109fc4       0x26 C:/VSD/FreedomStudio-3-1-1-x86_64-w64-mingw32/FreedomStudio-3-1-1/SiFive/riscv64-unknown-elf-toolsuite-2.0.3/bin/../lib/gcc/riscv64-unknown-elf/13.2.0/../../../../riscv64-unknown-elf/lib/rv32imac/ilp32\libc_nano.a(libc_a-exit.o)
                0x20109fc4                exit
 .text.strcat   0x20109fea       0x1c C:/VSD/FreedomStudio-3-1-1-x86_64-w64-mingw32/FreedomStudio-3-1-1/SiFive/riscv64-unknown-elf-toolsuite-2.0.3/bin/../lib/gcc/riscv64-unknown-elf/13.2.0/../../../../riscv64-unknown-elf/lib/rv32imac/ilp32\libc_nano.a(libc_a-strcat.o)
                0x20109fea                strcat
 .text.__errno  0x2010a006        0xa C:/VSD/FreedomStudio-3-1-1-x86_64-w64-mingw32/FreedomStudio-3-1-1/SiFive/riscv64-unknown-elf-toolsuite-2.0.3/bin/../lib/gcc/riscv64-unknown-elf/13.2.0/../../../../riscv64-unknown-elf/lib/rv32imac/ilp32\libc_nano.a(libc_a-errno.o)
                0x2010a006                __errno
 .text.__libc_init_array
                0x2010a010       0x5e C:/VSD/FreedomStudio-3-1-1-x86_64-w64-mingw32/FreedomStudio-3-1-1/SiFive/riscv64-unknown-elf-toolsuite-2.0.3/bin/../lib/gcc/riscv64-unknown-elf/13.2.0/../../../../riscv64-unknown-elf/lib/rv32imac/ilp32\libc_nano.a(libc_a-init.o)
                0x2010a010                __libc_init_array
 .text.__libc_fini_array
                0x2010a06e       0x36 C:/VSD/FreedomStudio-3-1-1-x86_64-w64-mingw32/FreedomStudio-3-1-1/SiFive/riscv64-unknown-elf-toolsuite-2.0.3/bin/../lib/gcc/riscv64-unknown-elf/13.2.0/../../../../riscv64-unknown-elf/lib/rv32imac/ilp32\libc_nano.a(libc_a-fini.o)
                0x2010a06e                __libc_fini_array
 .text.strcpy   0x2010a0a4       0x12 C:/VSD/FreedomStudio-3-1-1-x86_64-w64-mingw32/FreedomStudio-3-1-1/SiFive/riscv64-unknown-elf-toolsuite-2.0.3/bin/../lib/gcc/riscv64-unknown-elf/13.2.0/../../../../riscv64-unknown-elf/lib/rv32imac/ilp32\libc_nano.a(libc_a-strcpy.o)
                0x2010a0a4                strcpy
 .text          0x2010a0b6      0x11e C:/VSD/FreedomStudio-3-1-1-x86_64-w64-mingw32/FreedomStudio-3-1-1/SiFive/riscv64-unknown-elf-toolsuite-2.0.3/bin/../lib/gcc/riscv64-unknown-elf/13.2.0/../../../../riscv64-unknown-elf/lib/rv32imac/ilp32\libc_nano.a(libc_a-strcmp.o)
                0x2010a0b6                strcmp
 .text.__register_exitproc
                0x2010a1d4       0x78 C:/VSD/FreedomStudio-3-1-1-x86_64-w64-mingw32/FreedomStudio-3-1-1/SiFive/riscv64-unknown-elf-toolsuite-2.0.3/bin/../lib/gcc/riscv64-unknown-elf/13.2.0/../../../../riscv64-unknown-elf/lib/rv32imac/ilp32\libc_nano.a(libc_a-__atexit.o)
                0x2010a1d4                __register_exitproc
 .text.__call_exitprocs
                0x2010a24c       0xc8 C:/VSD/FreedomStudio-3-1-1-x86_64-w64-mingw32/FreedomStudio-3-1-1/SiFive/riscv64-unknown-elf-toolsuite-2.0.3/bin/../lib/gcc/riscv64-unknown-elf/13.2.0/../../../../riscv64-unknown-elf/lib/rv32imac/ilp32\libc_nano.a(libc_a-__call_atexit.o)
                0x2010a24c                __call_exitprocs
 .text.metal_init
                0x2010a314       0x78 C:/VSD_Sqd_Project/sifive_hifive1_BitNet_MNIST_App/bsp/install/lib/debug/\libmetal.a(init.o)
                0x2010a314                metal_init
 .text.metal_fini
                0x2010a38c       0x78 C:/VSD_Sqd_Project/sifive_hifive1_BitNet_MNIST_App/bsp/install/lib/debug/\libmetal.a(init.o)
                0x2010a38c                metal_fini
 .text.metal_init_run
                0x2010a404       0x16 C:/VSD_Sqd_Project/sifive_hifive1_BitNet_MNIST_App/bsp/install/lib/debug/\libmetal.a(init.o)
                0x2010a404                metal_init_run
 .text.metal_fini_run
                0x2010a41a       0x16 C:/VSD_Sqd_Project/sifive_hifive1_BitNet_MNIST_App/bsp/install/lib/debug/\libmetal.a(init.o)
                0x2010a41a                metal_fini_run
 .text.metal_tty_putc
                0x2010a430       0x28 C:/VSD_Sqd_Project/sifive_hifive1_BitNet_MNIST_App/bsp/install/lib/debug/\libmetal.a(tty.o)
                0x2010a430                metal_tty_putc
 .text._exit    0x2010a458       0x14 C:/VSD_Sqd_Project/sifive_hifive1_BitNet_MNIST_App/bsp/install/lib/debug/\libmetal-gloss.a(sys_exit.o)
                0x2010a458                _exit
 *(.gnu.linkonce.t.*)

.rela.dyn       0x2010a46c        0x0
 .rela.text.timer_isr
                0x2010a46c        0x0 C:\Users\shwet\AppData\Local\Temp\ccY6hDk1.o
 .rela.text.wait_for_timer
                0x2010a46c        0x0 C:\Users\shwet\AppData\Local\Temp\ccY6hDk1.o
 .rela.text.main
                0x2010a46c        0x0 C:\Users\shwet\AppData\Local\Temp\ccY6hDk1.o
 .rela.text._vfprintf_r
                0x2010a46c        0x0 C:\Users\shwet\AppData\Local\Temp\ccY6hDk1.o
 .rela.text.metal_cpu_get
                0x2010a46c        0x0 C:\Users\shwet\AppData\Local\Temp\ccY6hDk1.o
 .rela.text.metal.init.enter
                0x2010a46c        0x0 C:\Users\shwet\AppData\Local\Temp\ccY6hDk1.o
 .rela.text.metal.init.scrub
                0x2010a46c        0x0 C:\Users\shwet\AppData\Local\Temp\ccY6hDk1.o
 .rela.text.metal_led_get_rgb
                0x2010a46c        0x0 C:\Users\shwet\AppData\Local\Temp\ccY6hDk1.o
 .rela.text.__metal_driver_cpu_get
                0x2010a46c        0x0 C:\Users\shwet\AppData\Local\Temp\ccY6hDk1.o
 .rela.text.metal_software_interrupt_vector_handler
                0x2010a46c        0x0 C:\Users\shwet\AppData\Local\Temp\ccY6hDk1.o
 .rela.text.__metal_default_sw_handler
                0x2010a46c        0x0 C:\Users\shwet\AppData\Local\Temp\ccY6hDk1.o
 .rela.text.metal_timer_interrupt_vector_handler
                0x2010a46c        0x0 C:\Users\shwet\AppData\Local\Temp\ccY6hDk1.o
 .rela.text.__metal_exception_handler
                0x2010a46c        0x0 C:\Users\shwet\AppData\Local\Temp\ccY6hDk1.o
 .rela.text.metal_lc0_interrupt_vector_handler
                0x2010a46c        0x0 C:\Users\shwet\AppData\Local\Temp\ccY6hDk1.o
 .rela.text.metal_lc1_interrupt_vector_handler
                0x2010a46c        0x0 C:\Users\shwet\AppData\Local\Temp\ccY6hDk1.o
 .rela.text.metal_lc2_interrupt_vector_handler
                0x2010a46c        0x0 C:\Users\shwet\AppData\Local\Temp\ccY6hDk1.o
 .rela.text.metal_lc3_interrupt_vector_handler
                0x2010a46c        0x0 C:\Users\shwet\AppData\Local\Temp\ccY6hDk1.o
 .rela.text.metal_lc4_interrupt_vector_handler
                0x2010a46c        0x0 C:\Users\shwet\AppData\Local\Temp\ccY6hDk1.o
 .rela.text.metal_lc5_interrupt_vector_handler
                0x2010a46c        0x0 C:\Users\shwet\AppData\Local\Temp\ccY6hDk1.o
 .rela.text.metal_lc6_interrupt_vector_handler
                0x2010a46c        0x0 C:\Users\shwet\AppData\Local\Temp\ccY6hDk1.o
 .rela.text.metal_lc7_interrupt_vector_handler
                0x2010a46c        0x0 C:\Users\shwet\AppData\Local\Temp\ccY6hDk1.o
 .rela.text.metal_lc8_interrupt_vector_handler
                0x2010a46c        0x0 C:\Users\shwet\AppData\Local\Temp\ccY6hDk1.o
 .rela.text.metal_lc9_interrupt_vector_handler
                0x2010a46c        0x0 C:\Users\shwet\AppData\Local\Temp\ccY6hDk1.o
 .rela.text.metal_lc10_interrupt_vector_handler
                0x2010a46c        0x0 C:\Users\shwet\AppData\Local\Temp\ccY6hDk1.o
 .rela.text.metal_lc11_interrupt_vector_handler
                0x2010a46c        0x0 C:\Users\shwet\AppData\Local\Temp\ccY6hDk1.o
 .rela.text.metal_lc12_interrupt_vector_handler
                0x2010a46c        0x0 C:\Users\shwet\AppData\Local\Temp\ccY6hDk1.o
 .rela.text.metal_lc13_interrupt_vector_handler
                0x2010a46c        0x0 C:\Users\shwet\AppData\Local\Temp\ccY6hDk1.o
 .rela.text.metal_lc14_interrupt_vector_handler
                0x2010a46c        0x0 C:\Users\shwet\AppData\Local\Temp\ccY6hDk1.o
 .rela.text.metal_lc15_interrupt_vector_handler
                0x2010a46c        0x0 C:\Users\shwet\AppData\Local\Temp\ccY6hDk1.o
 .rela.text     0x2010a46c        0x0 C:\Users\shwet\AppData\Local\Temp\ccY6hDk1.o
 .rela.text.libgloss.start
                0x2010a46c        0x0 C:\Users\shwet\AppData\Local\Temp\ccY6hDk1.o
 .rela.sdata.__brk
                0x2010a46c        0x0 C:\Users\shwet\AppData\Local\Temp\ccY6hDk1.o
 .rela.text._sbrk
                0x2010a46c        0x0 C:\Users\shwet\AppData\Local\Temp\ccY6hDk1.o
 .rela.text.__libc_init_array
                0x2010a46c        0x0 C:\Users\shwet\AppData\Local\Temp\ccY6hDk1.o
 .rela.text.__libc_fini_array
                0x2010a46c        0x0 C:\Users\shwet\AppData\Local\Temp\ccY6hDk1.o
 .rela.text.__register_exitproc
                0x2010a46c        0x0 C:\Users\shwet\AppData\Local\Temp\ccY6hDk1.o
 .rela.text.metal_init