Archive member included to satisfy reference by file (symbol)

C:/VSD/FreedomStudio-3-1-1-x86_64-w64-mingw32/FreedomStudio-3-1-1/SiFive/riscv64-unknown-elf-toolsuite-2.0.3/bin/../lib/gcc/riscv64-unknown-elf/13.2.0/../../../../riscv64-unknown-elf/lib/rv32imac/ilp32\libc_nano.a(libc_a-printf.o)
                              C:\Users\shwet\AppData\Local\Temp\ccicOTUh.o (printf)
C:/VSD/FreedomStudio-3-1-1-x86_64-w64-mingw32/FreedomStudio-3-1-1/SiFive/riscv64-unknown-elf-toolsuite-2.0.3/bin/../lib/gcc/riscv64-unknown-elf/13.2.0/../../../../riscv64-unknown-elf/lib/rv32imac/ilp32\libc_nano.a(libc_a-putchar.o)
                              C:\Users\shwet\AppData\Local\Temp\ccicOTUh.o (putchar)
C:/VSD/FreedomStudio-3-1-1-x86_64-w64-mingw32/FreedomStudio-3-1-1/SiFive/riscv64-unknown-elf-toolsuite-2.0.3/bin/../lib/gcc/riscv64-unknown-elf/13.2.0/../../../../riscv64-unknown-elf/lib/rv32imac/ilp32\libc_nano.a(libc_a-puts.o)
                              C:\Users\shwet\AppData\Local\Temp\ccicOTUh.o (puts)
C:/VSD/FreedomStudio-3-1-1-x86_64-w64-mingw32/FreedomStudio-3-1-1/SiFive/riscv64-unknown-elf-toolsuite-2.0.3/bin/../lib/gcc/riscv64-unknown-elf/13.2.0/../../../../riscv64-unknown-elf/lib/rv32imac/ilp32\libc_nano.a(libc_a-wbuf.o)
                              C:/VSD/FreedomStudio-3-1-1-x86_64-w64-mingw32/FreedomStudio-3-1-1/SiFive/riscv64-unknown-elf-toolsuite-2.0.3/bin/../lib/gcc/riscv64-unknown-elf/13.2.0/../../../../riscv64-unknown-elf/lib/rv32imac/ilp32\libc_nano.a(libc_a-puts.o) (__swbuf_r)
C:/VSD/FreedomStudio-3-1-1-x86_64-w64-mingw32/FreedomStudio-3-1-1/SiFive/riscv64-unknown-elf-toolsuite-2.0.3/bin/../lib/gcc/riscv64-unknown-elf/13.2.0/../../../../riscv64-unknown-elf/lib/rv32imac/ilp32\libc_nano.a(libc_a-wsetup.o)
                              C:/VSD/FreedomStudio-3-1-1-x86_64-w64-mingw32/FreedomStudio-3-1-1/SiFive/riscv64-unknown-elf-toolsuite-2.0.3/bin/../lib/gcc/riscv64-unknown-elf/13.2.0/../../../../riscv64-unknown-elf/lib/rv32imac/ilp32\libc_nano.a(libc_a-puts.o) (__swsetup_r)
C:/VSD/FreedomStudio-3-1-1-x86_64-w64-mingw32/FreedomStudio-3-1-1/SiFive/riscv64-unknown-elf-toolsuite-2.0.3/bin/../lib/gcc/riscv64-unknown-elf/13.2.0/../../../../riscv64-unknown-elf/lib/rv32imac/ilp32\libc_nano.a(libc_a-impure.o)
                              C:/VSD/FreedomStudio-3-1-1-x86_64-w64-mingw32/FreedomStudio-3-1-1/SiFive/riscv64-unknown-elf-toolsuite-2.0.3/bin/../lib/gcc/riscv64-unknown-elf/13.2.0/../../../../riscv64-unknown-elf/lib/rv32imac/ilp32\libc_nano.a(libc_a-printf.o) (_impure_ptr)
C:/VSD/FreedomStudio-3-1-1-x86_64-w64-mingw32/FreedomStudio-3-1-1/SiFive/riscv64-unknown-elf-toolsuite-2.0.3/bin/../lib/gcc/riscv64-unknown-elf/13.2.0/../../../../riscv64-unknown-elf/lib/rv32imac/ilp32\libc_nano.a(libc_a-freer.o)
                              C:/VSD/FreedomStudio-3-1-1-x86_64-w64-mingw32/FreedomStudio-3-1-1/SiFive/riscv64-unknown-elf-toolsuite-2.0.3/bin/../lib/gcc/riscv64-unknown-elf/13.2.0/../../../../riscv64-unknown-elf/lib/rv32imac/ilp32\libc_nano.a(libc_a-wsetup.o) (_free_r)
C:/VSD/FreedomStudio-3-1-1-x86_64-w64-mingw32/FreedomStudio-3-1-1/SiFive/riscv64-unknown-elf-toolsuite-2.0.3/bin/../lib/gcc/riscv64-unknown-elf/13.2.0/../../../../riscv64-unknown-elf/lib/rv32imac/ilp32\libc_nano.a(libc_a-mallocr.o)
                              C:/VSD/FreedomStudio-3-1-1-x86_64-w64-mingw32/FreedomStudio-3-1-1/SiFive/riscv64-unknown-elf-toolsuite-2.0.3/bin/../lib/gcc/riscv64-unknown-elf/13.2.0/../../../../riscv64-unknown-elf/lib/rv32imac/ilp32\libc_nano.a(libc_a-freer.o) (__malloc_free_list)
C:/VSD/FreedomStudio-3-1-1-x86_64-w64-mingw32/FreedomStudio-3-1-1/SiFive/riscv64-unknown-elf-toolsuite-2.0.3/bin/../lib/gcc/riscv64-unknown-elf/13.2.0/../../../../riscv64-unknown-elf/lib/rv32imac/ilp32\libc_nano.a(libc_a-mlock.o)
                              C:/VSD/FreedomStudio-3-1-1-x86_64-w64-mingw32/FreedomStudio-3-1-1/SiFive/riscv64-unknown-elf-toolsuite-2.0.3/bin/../lib/gcc/riscv64-unknown-elf/13.2.0/../../../../riscv64-unknown-elf/lib/rv32imac/ilp32\libc_nano.a(libc_a-freer.o) (__malloc_lock)
C:/VSD/FreedomStudio-3-1-1-x86_64-w64-mingw32/FreedomStudio-3-1-1/SiFive/riscv64-unknown-elf-toolsuite-2.0.3/bin/../lib/gcc/riscv64-unknown-elf/13.2.0/../../../../riscv64-unknown-elf/lib/rv32imac/ilp32\libc_nano.a(libc_a-nano-vfprintf.o)
                              C:/VSD/FreedomStudio-3-1-1-x86_64-w64-mingw32/FreedomStudio-3-1-1/SiFive/riscv64-unknown-elf-toolsuite-2.0.3/bin/../lib/gcc/riscv64-unknown-elf/13.2.0/../../../../riscv64-unknown-elf/lib/rv32imac/ilp32\libc_nano.a(libc_a-printf.o) (_vfprintf_r)
C:/VSD/FreedomStudio-3-1-1-x86_64-w64-mingw32/FreedomStudio-3-1-1/SiFive/riscv64-unknown-elf-toolsuite-2.0.3/bin/../lib/gcc/riscv64-unknown-elf/13.2.0/../../../../riscv64-unknown-elf/lib/rv32imac/ilp32\libc_nano.a(libc_a-nano-vfprintf_i.o)
[...]
Memory Configuration

Name             Origin             Length             Attributes
ram              0x80000000         0x00004000         axrwl
rom              0x20100000         0x1fc00000         xrl!aw
*default*        0x00000000         0xffffffff

Linker script and memory map

LOAD C:\Users\shwet\AppData\Local\Temp\ccicOTUh.o
LOAD C:\Users\shwet\AppData\Local\Temp\ccl4GYDi.o
START GROUP
LOAD C:/VSD/FreedomStudio-3-1-1-x86_64-w64-mingw32/FreedomStudio-3-1-1/SiFive/riscv64-unknown-elf-toolsuite-2.0.3/bin/../lib/gcc/riscv64-unknown-elf/13.2.0/../../../../riscv64-unknown-elf/lib/rv32imac/ilp32\libc_nano.a
LOAD C:/VSD/FreedomStudio-3-1-1-x86_64-w64-mingw32/FreedomStudio-3-1-1/SiFive/riscv64-unknown-elf-toolsuite-2.0.3/bin/../lib/gcc/riscv64-unknown-elf/13.2.0/rv32imac/ilp32\libgcc.a
LOAD C:/VSD/FreedomStudio-3-1-1-x86_64-w64-mingw32/FreedomStudio-3-1-1/SiFive/riscv64-unknown-elf-toolsuite-2.0.3/bin/../lib/gcc/riscv64-unknown-elf/13.2.0/../../../../riscv64-unknown-elf/lib/rv32imac/ilp32\libm_nano.a
LOAD C:/VSD_Sqd_Project/sifive_hifive1_BitNet_MNIST_App/bsp/install/lib/debug/\libmetal.a
LOAD C:/VSD_Sqd_Project/sifive_hifive1_BitNet_MNIST_App/bsp/install/lib/debug/\libmetal-gloss.a
END GROUP
                0x00000400                        __stack_size = DEFINED (__stack_size)?__stack_size:0x400
                [!provide]                        PROVIDE (__stack_size = __stack_size)
                0x00000800                        __heap_size = DEFINED (__heap_size)?__heap_size:0x800
                0x00000000                        PROVIDE (__metal_boot_hart = 0x0)
                0x00000001                        PROVIDE (__metal_chicken_bit = 0x1)
                0x00000000                        PROVIDE (__metal_eccscrub_bit = 0x0)
                [!provide]                        PROVIDE (metal_dtim_0_memory_start = 0x80000000)
                [!provide]                        PROVIDE (metal_dtim_0_memory_end = 0x80004000)

.init           0x20100000      0x2c4
 *(.text.metal.init.enter)
 .text.metal.init.enter
                0x20100000       0x88 C:/VSD_Sqd_Project/sifive_hifive1_BitNet_MNIST_App/bsp/install/lib/debug/\libmetal.a(entry.o)
                0x20100000                _enter
 *(.text.metal.init.*)
 .text.metal.init.__register_frame_info
                0x20100088        0x2 C:/VSD_Sqd_Project/sifive_hifive1_BitNet_MNIST_App/bsp/install/lib/debug/\libmetal.a(entry.o)
                0x20100088                __register_frame_info
 .text.metal.init.scrub
                0x2010008a       0xa8 C:/VSD_Sqd_Project/sifive_hifive1_BitNet_MNIST_App/bsp/install/lib/debug/\libmetal.a(scrub.o)
                0x2010008a                metal_mem_scrub
                0x201000cc                __metal_before_start
 *fill*         0x20100132        0x2 
 .text.metal.init.trapvec
                0x20100134        0xe C:/VSD_Sqd_Project/sifive_hifive1_BitNet_MNIST_App/bsp/install/lib/debug/\libmetal.a(trap.o)
                0x20100134                early_trap_vector
 *(SORT_NONE(.init))
 .init          0x20100142        0xe C:/VSD_Sqd_Project/sifive_hifive1_BitNet_MNIST_App/bsp/install/lib/debug/\libmetal.a(synchronize_harts.o)
                0x20100142                __metal_synchronize_harts
 *(.text.libgloss.start)
 .text.libgloss.start
                0x20100150      0x174 C:/VSD_Sqd_Project/sifive_hifive1_BitNet_MNIST_App/bsp/install/lib/debug/\libmetal-gloss.a(crt0.o)
                0x20100150                _start
                0x201002a2                _fini
                0x201002a2                _init
                0x201002a4                secondary_main

.fini
 *(SORT_NONE(.fini))

.preinit_array  0x201002c8        0x0
                0x201002c8                        PROVIDE (__preinit_array_start = .)
 *(.preinit_array)
                0x201002c8                        PROVIDE (__preinit_array_end = .)

.init_array     0x201002c8        0xc
                0x201002c8                        PROVIDE (__init_array_start = .)
 *(SORT_BY_INIT_PRIORITY(.init_array.*) SORT_BY_INIT_PRIORITY(.ctors.*))
 *(.init_array EXCLUDE_FILE(*crtend?.o *crtend.o *crtbegin?.o *crtbegin.o) .ctors)
                0x201002c8                        PROVIDE (__init_array_end = .)
                0x201002c8                        PROVIDE (metal_constructors_start = .)
 *(SORT_BY_INIT_PRIORITY(.metal.init_array.*))
 .metal.init_array.5000
                0x201002c8        0x4 C:/VSD_Sqd_Project/sifive_hifive1_BitNet_MNIST_App/bsp/install/lib/debug/\libmetal.a(tty.o)
                0x201002c8                _metal_tty_init_ptr
 .metal.init_array.5000
                0x201002cc        0x8 C:/VSD_Sqd_Project/sifive_hifive1_BitNet_MNIST_App/bsp/install/lib/debug/\libmetal.a(sifive_fe310-g000_pll.o)
                0x201002cc                _metal_sifive_fe310_g000_pll_init_ptr
                0x201002d0                _use_hfxosc_ptr
 *(.metal.init_array)
                0x201002d4                        PROVIDE (metal_constructors_end = .)

.fini_array     0x201002d8        0x0
                0x201002d8                        PROVIDE (__fini_array_start = .)
 *(SORT_BY_INIT_PRIORITY(.fini_array.*) SORT_BY_INIT_PRIORITY(.dtors.*))
 *(.fini_array EXCLUDE_FILE(*crtend?.o *crtend.o *crtbegin?.o *crtbegin.o) .dtors)
                0x201002d8                        PROVIDE (__fini_array_end = .)
                0x201002d8                        PROVIDE (metal_destructors_start = .)
 *(SORT_BY_INIT_PRIORITY(.metal.fini_array.*))
 *(.metal.fini_array)
                0x201002d8                        PROVIDE (metal_destructors_end = .)

.ctors          0x201002d4       0x7a
 *crtbegin.o(.ctors)
 *crtbegin?.o(.ctors)
 *(EXCLUDE_FILE(*crtend?.o *crtend.o) .ctors)
 *(SORT_BY_NAME(.ctors.*))
 *(.ctors)
 *(.metal.ctors .metal.ctors.*)
 .metal.ctors   0x201002d4       0x24 C:/VSD_Sqd_Project/sifive_hifive1_BitNet_MNIST_App/bsp/install/lib/debug/\libmetal.a(tty.o)
                0x201002d4                metal_tty_init
 .metal.ctors   0x201002f8       0x56 C:/VSD_Sqd_Project/sifive_hifive1_BitNet_MNIST_App/bsp/install/lib/debug/\libmetal.a(sifive_fe310-g000_pll.o)
                0x201002f8                metal_sifive_fe310_g000_pll_init
                0x20100324                use_hfxosc

.dtors
 *crtbegin.o(.dtors)
 *crtbegin?.o(.dtors)
 *(EXCLUDE_FILE(*crtend?.o *crtend.o) .dtors)
 *(SORT_BY_NAME(.dtors.*))
 *(.dtors)
 *(.metal.dtors .metal.dtors.*)

.rodata         0x20100350     0x9224
 *(.rdata)
 *(.rodata .rodata.*)
 .rodata        0x20100350      0x1cc C:\Users\shwet\AppData\Local\Temp\ccicOTUh.o
 *fill*         0x2010051c        0x4 
 .rodata.L1_weights
                0x20100520     0x6200 C:\Users\shwet\AppData\Local\Temp\ccl4GYDi.o
                0x20100520                L1_weights
 .rodata.L1_biases
                0x20106720       0x80 C:\Users\shwet\AppData\Local\Temp\ccl4GYDi.o
                0x20106720                L1_biases
 .rodata.L2_weights
                0x201067a0      0x200 C:\Users\shwet\AppData\Local\Temp\ccl4GYDi.o
                0x201067a0                L2_weights
 .rodata.L2_biases
                0x201069a0       0x40 C:\Users\shwet\AppData\Local\Temp\ccl4GYDi.o
                0x201069a0                L2_biases
 .rodata.L3_weights
                0x201069e0       0xa0 C:\Users\shwet\AppData\Local\Temp\ccl4GYDi.o
                0x201069e0                L3_weights
 .rodata.L3_biases
                0x20106a80       0x28 C:\Users\shwet\AppData\Local\Temp\ccl4GYDi.o
                0x20106a80                L3_biases
 .rodata.input_data_0
                0x20106aa8      0x310 C:\Users\shwet\AppData\Local\Temp\ccl4GYDi.o
                0x20106aa8                input_data_0
 .rodata.input_data_1
                0x20106db8      0x310 C:\Users\shwet\AppData\Local\Temp\ccl4GYDi.o
                0x20106db8                input_data_1
 .rodata.input_data_2
                0x201070c8      0x310 C:\Users\shwet\AppData\Local\Temp\ccl4GYDi.o
                0x201070c8                input_data_2
 .rodata.input_data_3
                0x201073d8      0x310 C:\Users\shwet\AppData\Local\Temp\ccl4GYDi.o
                0x201073d8                input_data_3
 .rodata.input_data_4
                0x201076e8      0x310 C:\Users\shwet\AppData\Local\Temp\ccl4GYDi.o
                0x201076e8                input_data_4
 .rodata.input_data_5
                0x201079f8      0x310 C:\Users\shwet\AppData\Local\Temp\ccl4GYDi.o
                0x201079f8                input_data_5
 .rodata.input_data_6
                0x20107d08      0x310 C:\Users\shwet\AppData\Local\Temp\ccl4GYDi.o
                0x20107d08                input_data_6
 .rodata.input_data_7
                0x20108018      0x310 C:\Users\shwet\AppData\Local\Temp\ccl4GYDi.o
                0x20108018                input_data_7
 .rodata.input_data_8
                0x20108328      0x310 C:\Users\shwet\AppData\Local\Temp\ccl4GYDi.o
                0x20108328                input_data_8
 .rodata.input_data_9
                0x20108638      0x310 C:\Users\shwet\AppData\Local\Temp\ccl4GYDi.o
                0x20108638                input_data_9
 .rodata._vfprintf_r.str1.4
                0x20108948       0x39 C:/VSD/FreedomStudio-3-1-1-x86_64-w64-mingw32/FreedomStudio-3-1-1/SiFive/riscv64-unknown-elf-toolsuite-2.0.3/bin/../lib/gcc/riscv64-unknown-elf/13.2.0/../../../../riscv64-unknown-elf/lib/rv32imac/ilp32\libc_nano.a(libc_a-nano-vfprintf.o)
                                 0x13 (size before relaxing)
 .rodata._printf_i.str1.4
                0x20108981       0x25 C:/VSD/FreedomStudio-3-1-1-x86_64-w64-mingw32/FreedomStudio-3-1-1/SiFive/riscv64-unknown-elf-toolsuite-2.0.3/bin/../lib/gcc/riscv64-unknown-elf/13.2.0/../../../../riscv64-unknown-elf/lib/rv32imac/ilp32\libc_nano.a(libc_a-nano-vfprintf_i.o)
 *fill*         0x20108981        0x3 
 .rodata._printf_i
                0x20108984       0x58 C:/VSD/FreedomStudio-3-1-1-x86_64-w64-mingw32/FreedomStudio-3-1-1/SiFive/riscv64-unknown-elf-toolsuite-2.0.3/bin/../lib/gcc/riscv64-unknown-elf/13.2.0/../../../../riscv64-unknown-elf/lib/rv32imac/ilp32\libc_nano.a(libc_a-nano-vfprintf_i.o)
 *fill*         0x201089dc        0x4 
 .rodata.libgloss.start
                0x201089e0       0x11 C:/VSD_Sqd_Project/sifive_hifive1_BitNet_MNIST_App/bsp/install/lib/debug/\libmetal-gloss.a(crt0.o)
 *fill*         0x201089f1        0x3 
 .rodata.__metal_driver_vtable_riscv_clint0
                0x201089f4       0x64 C:/VSD_Sqd_Project/sifive_hifive1_BitNet_MNIST_App/bsp/install/lib/debug/\libmetal.a(riscv_clint0.o)
                0x201089f4                __metal_driver_vtable_riscv_clint0
 .rodata.__metal_local_interrupt_enable
                0x20108a58       0x80 C:/VSD_Sqd_Project/sifive_hifive1_BitNet_MNIST_App/bsp/install/lib/debug/\libmetal.a(riscv_cpu.o)
 .rodata.__metal_driver_vtable_riscv_cpu_intc
                0x20108ad8       0x64 C:/VSD_Sqd_Project/sifive_hifive1_BitNet_MNIST_App/bsp/install/lib/debug/\libmetal.a(riscv_cpu.o)
                0x20108ad8                __metal_driver_vtable_riscv_cpu_intc
 .rodata.__metal_driver_vtable_cpu
                0x20108b3c       0x44 C:/VSD_Sqd_Project/sifive_hifive1_BitNet_MNIST_App/bsp/install/lib/debug/\libmetal.a(riscv_cpu.o)
                0x20108b3c                __metal_driver_vtable_cpu
 .rodata.__metal_driver_vtable_riscv_plic0
                0x20108b80       0x64 C:/VSD_Sqd_Project/sifive_hifive1_BitNet_MNIST_App/bsp/install/lib/debug/\libmetal.a(riscv_plic0.o)
                0x20108b80                __metal_driver_vtable_riscv_plic0
 .rodata.pll_configs
                0x20108be4      0x880 C:/VSD_Sqd_Project/sifive_hifive1_BitNet_MNIST_App/bsp/install/lib/debug/\libmetal.a(sifive_fe310-g000_pll.o)
 .rodata.__metal_driver_vtable_sifive_fe310_g000_pll
                0x20109464        0xc C:/VSD_Sqd_Project/sifive_hifive1_BitNet_MNIST_App/bsp/install/lib/debug/\libmetal.a(sifive_fe310-g000_pll.o)
                0x20109464                __metal_driver_vtable_sifive_fe310_g000_pll
 .rodata.__metal_driver_sifive_gpio0_config_int
                0x20109470       0x20 C:/VSD_Sqd_Project/sifive_hifive1_BitNet_MNIST_App/bsp/install/lib/debug/\libmetal.a(sifive_gpio0.o)
 .rodata.__metal_driver_sifive_gpio0_clear_int
                0x20109490       0x20 C:/VSD_Sqd_Project/sifive_hifive1_BitNet_MNIST_App/bsp/install/lib/debug/\libmetal.a(sifive_gpio0.o)
 .rodata.__metal_driver_vtable_sifive_gpio0
                0x201094b0       0x3c C:/VSD_Sqd_Project/sifive_hifive1_BitNet_MNIST_App/bsp/install/lib/debug/\libmetal.a(sifive_gpio0.o)
                0x201094b0                __metal_driver_vtable_sifive_gpio0
 .rodata.__metal_driver_vtable_sifive_uart0
                0x201094ec       0x40 C:/VSD_Sqd_Project/sifive_hifive1_BitNet_MNIST_App/bsp/install/lib/debug/\libmetal.a(sifive_uart0.o)
                0x201094ec                __metal_driver_vtable_sifive_uart0
 *(.gnu.linkonce.r.*)
                0x20109530                        . = ALIGN (0x8)
 *fill*         0x2010952c        0x4 
 *(.srodata.cst16)
 *(.srodata.cst8)
 *(.srodata.cst4)
 *(.srodata.cst2)
 *(.srodata .srodata.*)
 .srodata.L1_incoming_weights
                0x20109530        0x4 C:\Users\shwet\AppData\Local\Temp\ccl4GYDi.o
                0x20109530                L1_incoming_weights
 .srodata.L1_outgoing_weights
                0x20109534        0x4 C:\Users\shwet\AppData\Local\Temp\ccl4GYDi.o
                0x20109534                L1_outgoing_weights
 .srodata.L2_incoming_weights
                0x20109538        0x4 C:\Users\shwet\AppData\Local\Temp\ccl4GYDi.o
                0x20109538                L2_incoming_weights
 .srodata.L2_outgoing_weights
                0x2010953c        0x4 C:\Users\shwet\AppData\Local\Temp\ccl4GYDi.o
                0x2010953c                L2_outgoing_weights
 .srodata.L3_incoming_weights
                0x20109540        0x4 C:\Users\shwet\AppData\Local\Temp\ccl4GYDi.o
                0x20109540                L3_incoming_weights
 .srodata.L3_outgoing_weights
                0x20109544        0x4 C:\Users\shwet\AppData\Local\Temp\ccl4GYDi.o
                0x20109544                L3_outgoing_weights
 .srodata.label_0
                0x20109548        0x1 C:\Users\shwet\AppData\Local\Temp\ccl4GYDi.o
                0x20109548                label_0
 .srodata.label_1
                0x20109549        0x1 C:\Users\shwet\AppData\Local\Temp\ccl4GYDi.o
                0x20109549                label_1
 .srodata.label_2
                0x2010954a        0x1 C:\Users\shwet\AppData\Local\Temp\ccl4GYDi.o
                0x2010954a                label_2
 .srodata.label_3
                0x2010954b        0x1 C:\Users\shwet\AppData\Local\Temp\ccl4GYDi.o
                0x2010954b                label_3
 .srodata.label_4
                0x2010954c        0x1 C:\Users\shwet\AppData\Local\Temp\ccl4GYDi.o
                0x2010954c                label_4
 .srodata.label_5
                0x2010954d        0x1 C:\Users\shwet\AppData\Local\Temp\ccl4GYDi.o
                0x2010954d                label_5
 .srodata.label_6
                0x2010954e        0x1 C:\Users\shwet\AppData\Local\Temp\ccl4GYDi.o
                0x2010954e                label_6
 .srodata.label_7
                0x2010954f        0x1 C:\Users\shwet\AppData\Local\Temp\ccl4GYDi.o
                0x2010954f                label_7
 .srodata.label_8
                0x20109550        0x1 C:\Users\shwet\AppData\Local\Temp\ccl4GYDi.o
                0x20109550                label_8
 .srodata.label_9
                0x20109551        0x1 C:\Users\shwet\AppData\Local\Temp\ccl4GYDi.o
                0x20109551                label_9
 *fill*         0x20109552        0x2 
 .srodata.__metal_driver_vtable_sifive_fe310_g000_hfrosc
                0x20109554        0x8 C:/VSD_Sqd_Project/sifive_hifive1_BitNet_MNIST_App/bsp/install/lib/debug/\libmetal.a(sifive_fe310-g000_hfrosc.o)
                0x20109554                __metal_driver_vtable_sifive_fe310_g000_hfrosc
 .srodata.__metal_driver_vtable_sifive_fe310_g000_hfxosc
                0x2010955c        0x8 C:/VSD_Sqd_Project/sifive_hifive1_BitNet_MNIST_App/bsp/install/lib/debug/\libmetal.a(sifive_fe310-g000_hfxosc.o)
                0x2010955c                __metal_driver_vtable_sifive_fe310_g000_hfxosc
 .srodata.__metal_driver_vtable_sifive_fe310_g000_prci
                0x20109564        0x8 C:/VSD_Sqd_Project/sifive_hifive1_BitNet_MNIST_App/bsp/install/lib/debug/\libmetal.a(sifive_fe310-g000_prci.o)
                0x20109564                __metal_driver_vtable_sifive_fe310_g000_prci
 .srodata.__metal_driver_vtable_fixed_clock
                0x2010956c        0x8 C:/VSD_Sqd_Project/sifive_hifive1_BitNet_MNIST_App/bsp/install/lib/debug/\libmetal.a(fixed-clock.o)
                0x2010956c                __metal_driver_vtable_fixed_clock

.itim           0x80000000        0x0 load address 0x20109578
 *(.itim .itim.*)
                0x20109578                        PROVIDE (metal_segment_itim_source_start = LOADADDR (.itim))
                0x80000000                        PROVIDE (metal_segment_itim_target_start = ADDR (.itim))
                0x80000000                        PROVIDE (metal_segment_itim_target_end = (ADDR (.itim) + SIZEOF (.itim)))

.lim            0x80000000        0x0 load address 0x20109578
 *(.lim .lim.*)
                0x20109578                        PROVIDE (metal_segment_lim_source_start = LOADADDR (.lim))
                0x80000000                        PROVIDE (metal_segment_lim_target_start = ADDR (.lim))
                0x80000000                        PROVIDE (metal_segment_lim_target_end = (ADDR (.lim) + SIZEOF (.lim)))

.text           0x20109580     0x6636
 *(.text.unlikely .text.unlikely.*)
 *(.text.startup .text.startup.*)
 *(.text .text.*)
 .text.ReLUNorm
                0x20109580      0x186 C:\Users\shwet\AppData\Local\Temp\ccicOTUh.o
                0x20109580                ReLUNorm
 .text.processfclayer
                0x20109706      0x188 C:\Users\shwet\AppData\Local\Temp\ccicOTUh.o
                0x20109706                processfclayer
 .text.display_banner
                0x2010988e       0x3a C:\Users\shwet\AppData\Local\Temp\ccicOTUh.o
                0x2010988e                display_banner
 .text.BitMnistInference
                0x201098c8      0x472 C:\Users\shwet\AppData\Local\Temp\ccicOTUh.o
                0x201098c8                BitMnistInference
 .text.main     0x20109d3a       0xfc C:\Users\shwet\AppData\Local\Temp\ccicOTUh.o
                0x20109d3a                main
 .text.printf   0x20109e36       0x2c C:/VSD/FreedomStudio-3-1-1-x86_64-w64-mingw32/FreedomStudio-3-1-1/SiFive/riscv64-unknown-elf-toolsuite-2.0.3/bin/../lib/gcc/riscv64-unknown-elf/13.2.0/../../../../riscv64-unknown-elf/lib/rv32imac/ilp32\libc_nano.a(libc_a-printf.o)
                0x20109e36                iprintf
                0x20109e36                printf
 .text.putchar  0x20109e62       0x10 C:/VSD/FreedomStudio-3-1-1-x86_64-w64-mingw32/FreedomStudio-3-1-1/SiFive/riscv64-unknown-elf-toolsuite-2.0.3/bin/../lib/gcc/riscv64-unknown-elf/13.2.0/../../../../riscv64-unknown-elf/lib/rv32imac/ilp32\libc_nano.a(libc_a-putchar.o)
                0x20109e62                putchar
 .text._puts_r  0x20109e72       0xa4 C:/VSD/FreedomStudio-3-1-1-x86_64-w64-mingw32/FreedomStudio-3-1-1/SiFive/riscv64-unknown-elf-toolsuite-2.0.3/bin/../lib/gcc/riscv64-unknown-elf/13.2.0/../../../../riscv64-unknown-elf/lib/rv32imac/ilp32\libc_nano.a(libc_a-puts.o)
                0x20109e72                _puts_r
 .text.puts     0x20109f16        0xc C:/VSD/FreedomStudio-3-1-1-x86_64-w64-mingw32/FreedomStudio-3-1-1/SiFive/riscv64-unknown-elf-toolsuite-2.0.3/bin/../lib/gcc/riscv64-unknown-elf/13.2.0/../../../../riscv64-unknown-elf/lib/rv32imac/ilp32\libc_nano.a(libc_a-puts.o)
                0x20109f16                puts
 .text.__swbuf_r
                0x20109f22       0x9c C:/VSD/FreedomStudio-3-1-1-x86_64-w64-mingw32/FreedomStudio-3-1-1/SiFive/riscv64-unknown-elf-toolsuite-2.0.3/bin/../lib/gcc/riscv64-unknown-elf/13.2.0/../../../../riscv64-unknown-elf/lib/rv32imac/ilp32\libc_nano.a(libc_a-wbuf.o)
                0x20109f22                __swbuf_r
 .text.__swsetup_r
                0x20109fbe       0xcc C:/VSD/FreedomStudio-3-1-1-x86_64-w64-mingw32/FreedomStudio-3-1-1/SiFive/riscv64-unknown-elf-toolsuite-2.0.3/bin/../lib/gcc/riscv64-unknown-elf/13.2.0/../../../../riscv64-unknown-elf/lib/rv32imac/ilp32\libc_nano.a(libc_a-wsetup.o)
                0x20109fbe                __swsetup_r
 .text._free_r  0x2010a08a       0xa2 C:/VSD/FreedomStudio-3-1-1-x86_64-w64-mingw32/FreedomStudio-3-1-1/SiFive/riscv64-unknown-elf-toolsuite-2.0.3/bin/../lib/gcc/riscv64-unknown-elf/13.2.0/../../../../riscv64-unknown-elf/lib/rv32imac/ilp32\libc_nano.a(libc_a-freer.o)
                0x2010a08a                _free_r
 .text.sbrk_aligned
                0x2010a12c       0x5e C:/VSD/FreedomStudio-3-1-1-x86_64-w64-mingw32/FreedomStudio-3-1-1/SiFive/riscv64-unknown-elf-toolsuite-2.0.3/bin/../lib/gcc/riscv64-unknown-elf/13.2.0/../../../../riscv64-unknown-elf/lib/rv32imac/ilp32\libc_nano.a(libc_a-mallocr.o)
 .text._malloc_r
                0x2010a18a      0x124 C:/VSD/FreedomStudio-3-1-1-x86_64-w64-mingw32/FreedomStudio-3-1-1/SiFive/riscv64-unknown-elf-toolsuite-2.0.3/bin/../lib/gcc/riscv64-unknown-elf/13.2.0/../../../../riscv64-unknown-elf/lib/rv32imac/ilp32\libc_nano.a(libc_a-mallocr.o)
                0x2010a18a                _malloc_r
 .text.__malloc_lock
                0x2010a2ae        0x2 C:/VSD/FreedomStudio-3-1-1-x86_64-w64-mingw32/FreedomStudio-3-1-1/SiFive/riscv64-unknown-elf-toolsuite-2.0.3/bin/../lib/gcc/riscv64-unknown-elf/13.2.0/../../../../riscv64-unknown-elf/lib/rv32imac/ilp32\libc_nano.a(libc_a-mlock.o)
                0x2010a2ae                __malloc_lock
 .text.__malloc_unlock
                0x2010a2b0        0x2 C:/VSD/FreedomStudio-3-1-1-x86_64-w64-mingw32/FreedomStudio-3-1-1/SiFive/riscv64-unknown-elf-toolsuite-2.0.3/bin/../lib/gcc/riscv64-unknown-elf/13.2.0/../../../../riscv64-unknown-elf/lib/rv32imac/ilp32\libc_nano.a(libc_a-mlock.o)
                0x2010a2b0                __malloc_unlock
 .text.__sfputc_r
                0x2010a2b2       0x28 C:/VSD/FreedomStudio-3-1-1-x86_64-w64-mingw32/FreedomStudio-3-1-1/SiFive/riscv64-unknown-elf-toolsuite-2.0.3/bin/../lib/gcc/riscv64-unknown-elf/13.2.0/../../../../riscv64-unknown-elf/lib/rv32imac/ilp32\libc_nano.a(libc_a-nano-vfprintf.o)
 .text.__sfputs_r
                0x2010a2da       0x42 C:/VSD/FreedomStudio-3-1-1-x86_64-w64-mingw32/FreedomStudio-3-1-1/SiFive/riscv64-unknown-elf-toolsuite-2.0.3/bin/../lib/gcc/riscv64-unknown-elf/13.2.0/../../../../riscv64-unknown-elf/lib/rv32imac/ilp32\libc_nano.a(libc_a-nano-vfprintf.o)
                0x2010a2da                __sfputs_r
 .text._vfprintf_r
                0x2010a31c      0x266 C:/VSD/FreedomStudio-3-1-1-x86_64-w64-mingw32/FreedomStudio-3-1-1/SiFive/riscv64-unknown-elf-toolsuite-2.0.3/bin/../lib/gcc/riscv64-unknown-elf/13.2.0/../../../../riscv64-unknown-elf/lib/rv32imac/ilp32\libc_nano.a(libc_a-nano-vfprintf.o)
                0x2010a31c                _vfprintf_r
                0x2010a31c                _vfiprintf_r
 .text._printf_common
                0x2010a582      0x110 C:/VSD/FreedomStudio-3-1-1-x86_64-w64-mingw32/FreedomStudio-3-1-1/SiFive/riscv64-unknown-elf-toolsuite-2.0.3/bin/../lib/gcc/riscv64-unknown-elf/13.2.0/../../../../riscv64-unknown-elf/lib/rv32imac/ilp32\libc_nano.a(libc_a-nano-vfprintf_i.o)
                0x2010a582                _printf_common
 .text._printf_i
                0x2010a692      0x262 C:/VSD/FreedomStudio-3-1-1-x86_64-w64-mingw32/FreedomStudio-3-1-1/SiFive/riscv64-unknown-elf-toolsuite-2.0.3/bin/../lib/gcc/riscv64-unknown-elf/13.2.0/../../../../riscv64-unknown-elf/lib/rv32imac/ilp32\libc_nano.a(libc_a-nano-vfprintf_i.o)
                0x2010a692                _printf_i
 .text.__sflush_r
                0x2010a8f4      0x13c C:/VSD/FreedomStudio-3-1-1-x86_64-w64-mingw32/FreedomStudio-3-1-1/SiFive/riscv64-unknown-elf-toolsuite-2.0.3/bin/../lib/gcc/riscv64-unknown-elf/13.2.0/../../../../riscv64-unknown-elf/lib/rv32imac/ilp32\libc_nano.a(libc_a-fflush.o)
                0x2010a8f4                __sflush_r
 .text._fflush_r
                0x2010aa30       0x36 C:/VSD/FreedomStudio-3-1-1-x86_64-w64-mingw32/FreedomStudio-3-1-1/SiFive/riscv64-unknown-elf-toolsuite-2.0.3/bin/../lib/gcc/riscv64-unknown-elf/13.2.0/../../../../riscv64-unknown-elf/lib/rv32imac/ilp32\libc_nano.a(libc_a-fflush.o)
                0x2010aa30                _fflush_r
 .text.std      0x2010aa66       0x68 C:/VSD/FreedomStudio-3-1-1-x86_64-w64-mingw32/FreedomStudio-3-1-1/SiFive/riscv64-unknown-elf-toolsuite-2.0.3/bin/../lib/gcc/riscv64-unknown-elf/13.2.0/../../../../riscv64-unknown-elf/lib/rv32imac/ilp32\libc_nano.a(libc_a-findfp.o)
 .text.stdio_exit_handler
                0x2010aace       0x1a C:/VSD/FreedomStudio-3-1-1-x86_64-w64-mingw32/FreedomStudio-3-1-1/SiFive/riscv64-unknown-elf-toolsuite-2.0.3/bin/../lib/gcc/riscv64-unknown-elf/13.2.0/../../../../riscv64-unknown-elf/lib/rv32imac/ilp32\libc_nano.a(libc_a-findfp.o)
 .text.cleanup_stdio
                0x2010aae8       0x46 C:/VSD/FreedomStudio-3-1-1-x86_64-w64-mingw32/FreedomStudio-3-1-1/SiFive/riscv64-unknown-elf-toolsuite-2.0.3/bin/../lib/gcc/riscv64-unknown-elf/13.2.0/../../../../riscv64-unknown-elf/lib/rv32imac/ilp32\libc_nano.a(libc_a-findfp.o)
 .text.global_stdio_init.part.0
                0x2010ab2e       0x3e C:/VSD/FreedomStudio-3-1-1-x86_64-w64-mingw32/FreedomStudio-3-1-1/SiFive/riscv64-unknown-elf-toolsuite-2.0.3/bin/../lib/gcc/riscv64-unknown-elf/13.2.0/../../../../riscv64-unknown-elf/lib/rv32imac/ilp32\libc_nano.a(libc_a-findfp.o)
 .text.__sinit  0x2010ab6c       0x1c C:/VSD/FreedomStudio-3-1-1-x86_64-w64-mingw32/FreedomStudio-3-1-1/SiFive/riscv64-unknown-elf-toolsuite-2.0.3/bin/../lib/gcc/riscv64-unknown-elf/13.2.0/../../../../riscv64-unknown-elf/lib/rv32imac/ilp32\libc_nano.a(libc_a-findfp.o)
                0x2010ab6c                __sinit
 .text._fwalk_sglue
                0x2010ab88       0x68 C:/VSD/FreedomStudio-3-1-1-x86_64-w64-mingw32/FreedomStudio-3-1-1/SiFive/riscv64-unknown-elf-toolsuite-2.0.3/bin/../lib/gcc/riscv64-unknown-elf/13.2.0/../../../../riscv64-unknown-elf/lib/rv32imac/ilp32\libc_nano.a(libc_a-fwalk.o)
                0x2010ab88                _fwalk_sglue
 .text.__swhatbuf_r
                0x2010abf0       0x5a C:/VSD/FreedomStudio-3-1-1-x86_64-w64-mingw32/FreedomStudio-3-1-1/SiFive/riscv64-unknown-elf-toolsuite-2.0.3/bin/../lib/gcc/riscv64-unknown-elf/13.2.0/../../../../riscv64-unknown-elf/lib/rv32imac/ilp32\libc_nano.a(libc_a-makebuf.o)
                0x2010abf0                __swhatbuf_r
 .text.__smakebuf_r
                0x2010ac4a       0x9a C:/VSD/FreedomStudio-3-1-1-x86_64-w64-mingw32/FreedomStudio-3-1-1/SiFive/riscv64-unknown-elf-toolsuite-2.0.3/bin/../lib/gcc/riscv64-unknown-elf/13.2.0/../../../../riscv64-unknown-elf/lib/rv32imac/ilp32\libc_nano.a(libc_a-makebuf.o)
                0x2010ac4a                __smakebuf_r
 .text._putc_r  0x2010ace4       0x56 C:/VSD/FreedomStudio-3-1-1-x86_64-w64-mingw32/FreedomStudio-3-1-1/SiFive/riscv64-unknown-elf-toolsuite-2.0.3/bin/../lib/gcc/riscv64-unknown-elf/13.2.0/../../../../riscv64-unknown-elf/lib/rv32imac/ilp32\libc_nano.a(libc_a-putc.o)
                0x2010ace4                _putc_r
 .text.__sread  0x2010ad3a       0x30 C:/VSD/FreedomStudio-3-1-1-x86_64-w64-mingw32/FreedomStudio-3-1-1/SiFive/riscv64-unknown-elf-toolsuite-2.0.3/bin/../lib/gcc/riscv64-unknown-elf/13.2.0/../../../../riscv64-unknown-elf/lib/rv32imac/ilp32\libc_nano.a(libc_a-stdio.o)
                0x2010ad3a                __sread
 .text.__swrite
                0x2010ad6a       0x4e C:/VSD/FreedomStudio-3-1-1-x86_64-w64-mingw32/FreedomStudio-3-1-1/SiFive/riscv64-unknown-elf-toolsuite-2.0.3/bin/../lib/gcc/riscv64-unknown-elf/13.2.0/../../../../riscv64-unknown-elf/lib/rv32imac/ilp32\libc_nano.a(libc_a-stdio.o)
                0x2010ad6a                __swrite
 .text.__sseek  0x2010adb8       0x36 C:/VSD/FreedomStudio-3-1-1-x86_64-w64-mingw32/FreedomStudio-3-1-1/SiFive/riscv64-unknown-elf-toolsuite-2.0.3/bin/../lib/gcc/riscv64-unknown-elf/13.2.0/../../../../riscv64-unknown-elf/lib/rv32imac/ilp32\libc_nano.a(libc_a-stdio.o)
                0x2010adb8                __sseek
 .text.__sclose
                0x2010adee        0x6 C:/VSD/FreedomStudio-3-1-1-x86_64-w64-mingw32/FreedomStudio-3-1-1/SiFive/riscv64-unknown-elf-toolsuite-2.0.3/bin/../lib/gcc/riscv64-unknown-elf/13.2.0/../../../../riscv64-unknown-elf/lib/rv32imac/ilp32\libc_nano.a(libc_a-stdio.o)
                0x2010adee                __sclose
 .text.memchr   0x2010adf4       0x1a C:/VSD/FreedomStudio-3-1-1-x86_64-w64-mingw32/FreedomStudio-3-1-1/SiFive/riscv64-unknown-elf-toolsuite-2.0.3/bin/../lib/gcc/riscv64-unknown-elf/13.2.0/../../../../riscv64-unknown-elf/lib/rv32imac/ilp32\libc_nano.a(libc_a-memchr.o)
                0x2010adf4                memchr
 .text._close_r
                0x2010ae0e       0x2e C:/VSD/FreedomStudio-3-1-1-x86_64-w64-mingw32/FreedomStudio-3-1-1/SiFive/riscv64-unknown-elf-toolsuite-2.0.3/bin/../lib/gcc/riscv64-unknown-elf/13.2.0/../../../../riscv64-unknown-elf/lib/rv32imac/ilp32\libc_nano.a(libc_a-closer.o)
                0x2010ae0e                _close_r
 .text._fstat_r
                0x2010ae3c       0x30 C:/VSD/FreedomStudio-3-1-1-x86_64-w64-mingw32/FreedomStudio-3-1-1/SiFive/riscv64-unknown-elf-toolsuite-2.0.3/bin/../lib/gcc/riscv64-unknown-elf/13.2.0/../../../../riscv64-unknown-elf/lib/rv32imac/ilp32\libc_nano.a(libc_a-fstatr.o)
                0x2010ae3c                _fstat_r
 .text._isatty_r
                0x2010ae6c       0x2e C:/VSD/FreedomStudio-3-1-1-x86_64-w64-mingw32/FreedomStudio-3-1-1/SiFive/riscv64-unknown-elf-toolsuite-2.0.3/bin/../lib/gcc/riscv64-unknown-elf/13.2.0/../../../../riscv64-unknown-elf/lib/rv32imac/ilp32\libc_nano.a(libc_a-isattyr.o)
                0x2010ae6c                _isatty_r
 .text._lseek_r
                0x2010ae9a       0x32 C:/VSD/FreedomStudio-3-1-1-x86_64-w64-mingw32/FreedomStudio-3-1-1/SiFive/riscv64-unknown-elf-toolsuite-2.0.3/bin/../lib/gcc/riscv64-unknown-elf/13.2.0/../../../../riscv64-unknown-elf/lib/rv32imac/ilp32\libc_nano.a(libc_a-lseekr.o)
                0x2010ae9a                _lseek_r
 .text._read_r  0x2010aecc       0x32 C:/VSD/FreedomStudio-3-1-1-x86_64-w64-mingw32/FreedomStudio-3-1-1/SiFive/riscv64-unknown-elf-toolsuite-2.0.3/bin/../lib/gcc/riscv64-unknown-elf/13.2.0/../../../../riscv64-unknown-elf/lib/rv32imac/ilp32\libc_nano.a(libc_a-readr.o)
                0x2010aecc                _read_r
 .text._sbrk_r  0x2010aefe       0x2e C:/VSD/FreedomStudio-3-1-1-x86_64-w64-mingw32/FreedomStudio-3-1-1/SiFive/riscv64-unknown-elf-toolsuite-2.0.3/bin/../lib/gcc/riscv64-unknown-elf/13.2.0/../../../../riscv64-unknown-elf/lib/rv32imac/ilp32\libc_nano.a(libc_a-sbrkr.o)
                0x2010aefe                _sbrk_r
 .text._write_r
                0x2010af2c       0x32 C:/VSD/FreedomStudio-3-1-1-x86_64-w64-mingw32/FreedomStudio-3-1-1/SiFive/riscv64-unknown-elf-toolsuite-2.0.3/bin/../lib/gcc/riscv64-unknown-elf/13.2.0/../../../../riscv64-unknown-elf/lib/rv32imac/ilp32\libc_nano.a(libc_a-writer.o)
                0x2010af2c                _write_r
 .text          0x2010af5e       0xa8 C:/VSD/FreedomStudio-3-1-1-x86_64-w64-mingw32/FreedomStudio-3-1-1/SiFive/riscv64-unknown-elf-toolsuite-2.0.3/bin/../lib/gcc/riscv64-unknown-elf/13.2.0/../../../../riscv64-unknown-elf/lib/rv32imac/ilp32\libc_nano.a(libc_a-memset.o)
                0x2010af5e                memset
 .text._close   0x2010b006       0x22 C:/VSD_Sqd_Project/sifive_hifive1_BitNet_MNIST_App/bsp/install/lib/debug/\libmetal-gloss.a(sys_close.o)
                0x2010b006                _close
 .text._fstat   0x2010b028       0x26 C:/VSD_Sqd_Project/sifive_hifive1_BitNet_MNIST_App/bsp/install/lib/debug/\libmetal-gloss.a(sys_fstat.o)
                0x2010b028                _fstat
 .text._isatty  0x2010b04e       0x20 C:/VSD_Sqd_Project/sifive_hifive1_BitNet_MNIST_App/bsp/install/lib/debug/\libmetal-gloss.a(sys_isatty.o)
                0x2010b04e                _isatty
 .text._lseek   0x2010b06e       0x2a C:/VSD_Sqd_Project/sifive_hifive1_BitNet_MNIST_App/bsp/install/lib/debug/\libmetal-gloss.a(sys_lseek.o)
                0x2010b06e                _lseek
 .text._read    0x2010b098       0x2a C:/VSD_Sqd_Project/sifive_hifive1_BitNet_MNIST_App/bsp/install/lib/debug/\libmetal-gloss.a(sys_read.o)
                0x2010b098                _read
 .text._sbrk    0x2010b0c2       0x7e C:/VSD_Sqd_Project/sifive_hifive1_BitNet_MNIST_App/bsp/install/lib/debug/\libmetal-gloss.a(sys_sbrk.o)
                0x2010b0c2                _sbrk
 .text._write   0x2010b140       0x6e C:/VSD_Sqd_Project/sifive_hifive1_BitNet_MNIST_App/bsp/install/lib/debug/\libmetal-gloss.a(sys_write.o)
                0x2010b140                _write
                0x2010b140                write
 .text.atexit   0x2010b1ae        0xa C:/VSD/FreedomStudio-3-1-1-x86_64-w64-mingw32/FreedomStudio-3-1-1/SiFive/riscv64-unknown-elf-toolsuite-2.0.3/bin/../lib/gcc/riscv64-unknown-elf/13.2.0/../../../../riscv64-unknown-elf/lib/rv32imac/ilp32\libc_nano.a(libc_a-atexit.o)
                0x2010b1ae                atexit
 .text.exit     0x2010b1b8       0x28 C:/VSD/FreedomStudio-3-1-1-x86_64-w64-mingw32/FreedomStudio-3-1-1/SiFive/riscv64-unknown-elf-toolsuite-2.0.3/bin/../lib/gcc/riscv64-unknown-elf/13.2.0/../../../../riscv64-unknown-elf/lib/rv32imac/ilp32\libc_nano.a(libc_a-exit.o)
                0x2010b1b8                exit
 .text.__errno  0x2010b1e0        0xa C:/VSD/FreedomStudio-3-1-1-x86_64-w64-mingw32/FreedomStudio-3-1-1/SiFive/riscv64-unknown-elf-toolsuite-2.0.3/bin/../lib/gcc/riscv64-unknown-elf/13.2.0/../../../../riscv64-unknown-elf/lib/rv32imac/ilp32\libc_nano.a(libc_a-errno.o)
                0x2010b1e0                __errno
 .text.__libc_init_array
                0x2010b1ea       0x5e C:/VSD/FreedomStudio-3-1-1-x86_64-w64-mingw32/FreedomStudio-3-1-1/SiFive/riscv64-unknown-elf-toolsuite-2.0.3/bin/../lib/gcc/riscv64-unknown-elf/13.2.0/../../../../riscv64-unknown-elf/lib/rv32imac/ilp32\libc_nano.a(libc_a-init.o)
                0x2010b1ea                __libc_init_array
 .text.__libc_fini_array
                0x2010b248       0x36 C:/VSD/FreedomStudio-3-1-1-x86_64-w64-mingw32/FreedomStudio-3-1-1/SiFive/riscv64-unknown-elf-toolsuite-2.0.3/bin/../lib/gcc/riscv64-unknown-elf/13.2.0/../../../../riscv64-unknown-elf/lib/rv32imac/ilp32\libc_nano.a(libc_a-fini.o)
                0x2010b248                __libc_fini_array
 .text.__register_exitproc
                0x2010b27e       0x78 C:/VSD/FreedomStudio-3-1-1-x86_64-w64-mingw32/FreedomStudio-3-1-1/SiFive/riscv64-unknown-elf-toolsuite-2.0.3/bin/../lib/gcc/riscv64-unknown-elf/13.2.0/../../../../riscv64-unknown-elf/lib/rv32imac/ilp32\libc_nano.a(libc_a-__atexit.o)
                0x2010b27e                __register_exitproc
 .text.__call_exitprocs
                0x2010b2f6       0xc8 C:/VSD/FreedomStudio-3-1-1-x86_64-w64-mingw32/FreedomStudio-3-1-1/SiFive/riscv64-unknown-elf-toolsuite-2.0.3/bin/../lib/gcc/riscv64-unknown-elf/13.2.0/../../../../riscv64-unknown-elf/lib/rv32imac/ilp32\libc_nano.a(libc_a-__call_atexit.o)
                0x2010b2f6                __call_exitprocs
 .text.metal_init
                0x2010b3be       0x78 C:/VSD_Sqd_Project/sifive_hifive1_BitNet_MNIST_App/bsp/install/lib/debug/\libmetal.a(init.o)
                0x2010b3be                metal_init
 .text.metal_fini
                0x2010b436       0x78 C:/VSD_Sqd_Project/sifive_hifive1_BitNet_MNIST_App/bsp/install/lib/debug/\libmetal.a(init.o)
                0x2010b436                metal_fini
 .text.metal_init_run
                0x2010b4ae       0x14 C:/VSD_Sqd_Project/sifive_hifive1_BitNet_MNIST_App/bsp/install/lib/debug/\libmetal.a(init.o)
                0x2010b4ae                metal_init_run
 .text.metal_fini_run
                0x2010b4c2       0x14 C:/VSD_Sqd_Project/sifive_hifive1_BitNet_MNIST_App/bsp/install/lib/debug/\libmetal.a(init.o)
                0x2010b4c2                metal_fini_run
 .text.metal_tty_putc
                0x2010b4d6       0x26 C:/VSD_Sqd_Project/sifive_hifive1_BitNet_MNIST_App/bsp/install/lib/debug/\libmetal.a(tty.o)
                0x2010b4d6                metal_tty_putc
 .text.metal_uart_init
                0x2010b4fc       0x2c C:/VSD_Sqd_Project/sifive_hifive1_BitNet_MNIST_App/bsp/install/lib/debug/\libmetal.a(uart.o)
                0x2010b4fc                metal_uart_init
 .text.metal_uart_putc
                0x2010b528       0x2e C:/VSD_Sqd_Project/sifive_hifive1_BitNet_MNIST_App/bsp/install/lib/debug/\libmetal.a(uart.o)
                0x2010b528                metal_uart_putc
 .text.metal_uart_set_baud_rate
                0x2010b556       0x2e C:/VSD_Sqd_Project/sifive_hifive1_BitNet_MNIST_App/bsp/install/lib/debug/\libmetal.a(uart.o)
                0x2010b556                metal_uart_set_baud_rate
 .text.__metal_driver_sifive_clint0_control_base
                0x2010b584       0x2a C:/VSD_Sqd_Project/sifive_hifive1_BitNet_MNIST_App/bsp/install/lib/debug/\libmetal.a(riscv_clint0.o)
 .text.__metal_driver_sifive_clint0_num_interrupts
                0x2010b5ae       0x28 C:/VSD_Sqd_Project/sifive_hifive1_BitNet_MNIST_App/bsp/install/lib/debug/\libmetal.a(riscv_clint0.o)
 .text.__metal_driver_sifive_clint0_interrupt_parents
                0x2010b5d6       0x3c C:/VSD_Sqd_Project/sifive_hifive1_BitNet_MNIST_App/bsp/install/lib/debug/\libmetal.a(riscv_clint0.o)
 .text.__metal_driver_sifive_clint0_interrupt_lines
                0x2010b612       0x30 C:/VSD_Sqd_Project/sifive_hifive1_BitNet_MNIST_App/bsp/install/lib/debug/\libmetal.a(riscv_clint0.o)
 .text.__metal_clint0_mtime_get
                0x2010b642       0x9a C:/VSD_Sqd_Project/sifive_hifive1_BitNet_MNIST_App/bsp/install/lib/debug/\libmetal.a(riscv_clint0.o)
                0x2010b642                __metal_clint0_mtime_get
 .text.__metal_driver_riscv_clint0_mtimecmp_set
                0x2010b6dc       0x96 C:/VSD_Sqd_Project/sifive_hifive1_BitNet_MNIST_App/bsp/install/lib/debug/\libmetal.a(riscv_clint0.o)
                0x2010b6dc                __metal_driver_riscv_clint0_mtimecmp_set
 .text._get_cpu_intc
                0x2010b772       0x36 C:/VSD_Sqd_Project/sifive_hifive1_BitNet_MNIST_App/bsp/install/lib/debug/\libmetal.a(riscv_clint0.o)
 .text.__metal_driver_riscv_clint0_init
                0x2010b7a8       0x88 C:/VSD_Sqd_Project/sifive_hifive1_BitNet_MNIST_App/bsp/install/lib/debug/\libmetal.a(riscv_clint0.o)
                0x2010b7a8                __metal_driver_riscv_clint0_init
 .text.__metal_driver_riscv_clint0_register
                0x2010b830       0xda C:/VSD_Sqd_Project/sifive_hifive1_BitNet_MNIST_App/bsp/install/lib/debug/\libmetal.a(riscv_clint0.o)
                0x2010b830                __metal_driver_riscv_clint0_register
 .text.__metal_driver_riscv_clint0_vector_register
                0x2010b90a       0x28 C:/VSD_Sqd_Project/sifive_hifive1_BitNet_MNIST_App/bsp/install/lib/debug/\libmetal.a(riscv_clint0.o)
                0x2010b90a                __metal_driver_riscv_clint0_vector_register
 .text.__metal_driver_riscv_clint0_get_vector_mode
                0x2010b932       0x1c C:/VSD_Sqd_Project/sifive_hifive1_BitNet_MNIST_App/bsp/install/lib/debug/\libmetal.a(riscv_clint0.o)
                0x2010b932                __metal_driver_riscv_clint0_get_vector_mode
 .text.__metal_driver_riscv_clint0_set_vector_mode
                0x2010b94e       0x54 C:/VSD_Sqd_Project/sifive_hifive1_BitNet_MNIST_App/bsp/install/lib/debug/\libmetal.a(riscv_clint0.o)
                0x2010b94e                __metal_driver_riscv_clint0_set_vector_mode
 .text.__metal_driver_riscv_clint0_enable
                0x2010b9a2       0xb2 C:/VSD_Sqd_Project/sifive_hifive1_BitNet_MNIST_App/bsp/install/lib/debug/\libmetal.a(riscv_clint0.o)
                0x2010b9a2                __metal_driver_riscv_clint0_enable
 .text.__metal_driver_riscv_clint0_disable
                0x2010ba54       0xb8 C:/VSD_Sqd_Project/sifive_hifive1_BitNet_MNIST_App/bsp/install/lib/debug/\libmetal.a(riscv_clint0.o)
                0x2010ba54                __metal_driver_riscv_clint0_disable
 .text.__metal_driver_riscv_clint0_command_request
                0x2010bb0c      0x140 C:/VSD_Sqd_Project/sifive_hifive1_BitNet_MNIST_App/bsp/install/lib/debug/\libmetal.a(riscv_clint0.o)
                0x2010bb0c                __metal_driver_riscv_clint0_command_request
 .text.__metal_driver_riscv_clint0_clear_interrupt
                0x2010bc4c       0x34 C:/VSD_Sqd_Project/sifive_hifive1_BitNet_MNIST_App/bsp/install/lib/debug/\libmetal.a(riscv_clint0.o)
                0x2010bc4c                __metal_driver_riscv_clint0_clear_interrupt
 .text.__metal_driver_riscv_clint0_set_interrupt
                0x2010bc80       0x34 C:/VSD_Sqd_Project/sifive_hifive1_BitNet_MNIST_App/bsp/install/lib/debug/\libmetal.a(riscv_clint0.o)
                0x2010bc80                __metal_driver_riscv_clint0_set_interrupt
 .text.__metal_driver_cpu_hartid
                0x2010bcb4       0x24 C:/VSD_Sqd_Project/sifive_hifive1_BitNet_MNIST_App/bsp/install/lib/debug/\libmetal.a(riscv_cpu.o)
 .text.__metal_driver_cpu_timebase
                0x2010bcd8       0x2a C:/VSD_Sqd_Project/sifive_hifive1_BitNet_MNIST_App/bsp/install/lib/debug/\libmetal.a(riscv_cpu.o)
 .text.__metal_driver_cpu_interrupt_controller
                0x2010bd02       0x2a C:/VSD_Sqd_Project/sifive_hifive1_BitNet_MNIST_App/bsp/install/lib/debug/\libmetal.a(riscv_cpu.o)
 .text.__metal_driver_cpu_buserror
                0x2010bd2c       0x24 C:/VSD_Sqd_Project/sifive_hifive1_BitNet_MNIST_App/bsp/install/lib/debug/\libmetal.a(riscv_cpu.o)
 .text.__metal_driver_cpu_get
                0x2010bd50       0x30 C:/VSD_Sqd_Project/sifive_hifive1_BitNet_MNIST_App/bsp/install/lib/debug/\libmetal.a(riscv_cpu.o)
                0x2010bd50                __metal_driver_cpu_get
 .text.__metal_myhart_id
                0x2010bd80       0x1a C:/VSD_Sqd_Project/sifive_hifive1_BitNet_MNIST_App/bsp/install/lib/debug/\libmetal.a(riscv_cpu.o)
                0x2010bd80                __metal_myhart_id
 .text.__metal_interrupt_global_enable
                0x2010bd9a       0x18 C:/VSD_Sqd_Project/sifive_hifive1_BitNet_MNIST_App/bsp/install/lib/debug/\libmetal.a(riscv_cpu.o)
                0x2010bd9a                __metal_interrupt_global_enable
 .text.__metal_interrupt_global_disable
                0x2010bdb2       0x18 C:/VSD_Sqd_Project/sifive_hifive1_BitNet_MNIST_App/bsp/install/lib/debug/\libmetal.a(riscv_cpu.o)
                0x2010bdb2                __metal_interrupt_global_disable
 .text.__metal_interrupt_software_enable
                0x2010bdca       0x18 C:/VSD_Sqd_Project/sifive_hifive1_BitNet_MNIST_App/bsp/install/lib/debug/\libmetal.a(riscv_cpu.o)
                0x2010bdca                __metal_interrupt_software_enable
 .text.__metal_interrupt_software_disable
                0x2010bde2       0x18 C:/VSD_Sqd_Project/sifive_hifive1_BitNet_MNIST_App/bsp/install/lib/debug/\libmetal.a(riscv_cpu.o)
                0x2010bde2                __metal_interrupt_software_disable
 .text.__metal_interrupt_timer_enable
                0x2010bdfa       0x1a C:/VSD_Sqd_Project/sifive_hifive1_BitNet_MNIST_App/bsp/install/lib/debug/\libmetal.a(riscv_cpu.o)
                0x2010bdfa                __metal_interrupt_timer_enable
 .text.__metal_interrupt_timer_disable
                0x2010be14       0x1a C:/VSD_Sqd_Project/sifive_hifive1_BitNet_MNIST_App/bsp/install/lib/debug/\libmetal.a(riscv_cpu.o)
                0x2010be14                __metal_interrupt_timer_disable
 .text.__metal_interrupt_external_enable
                0x2010be2e       0x1c C:/VSD_Sqd_Project/sifive_hifive1_BitNet_MNIST_App/bsp/install/lib/debug/\libmetal.a(riscv_cpu.o)
                0x2010be2e                __metal_interrupt_external_enable
 .text.__metal_interrupt_external_disable
                0x2010be4a       0x1c C:/VSD_Sqd_Project/sifive_hifive1_BitNet_MNIST_App/bsp/install/lib/debug/\libmetal.a(riscv_cpu.o)
                0x2010be4a                __metal_interrupt_external_disable
 .text.__metal_interrupt_local_enable
                0x2010be66       0x2c C:/VSD_Sqd_Project/sifive_hifive1_BitNet_MNIST_App/bsp/install/lib/debug/\libmetal.a(riscv_cpu.o)
                0x2010be66                __metal_interrupt_local_enable
 .text.__metal_interrupt_local_disable
                0x2010be92       0x2c C:/VSD_Sqd_Project/sifive_hifive1_BitNet_MNIST_App/bsp/install/lib/debug/\libmetal.a(riscv_cpu.o)
                0x2010be92                __metal_interrupt_local_disable
 .text.__metal_default_exception_handler
                0x2010bebe       0x18 C:/VSD_Sqd_Project/sifive_hifive1_BitNet_MNIST_App/bsp/install/lib/debug/\libmetal.a(riscv_cpu.o)
                0x2010bebe                __metal_default_exception_handler
 .text.__metal_default_interrupt_handler
                0x2010bed6       0x18 C:/VSD_Sqd_Project/sifive_hifive1_BitNet_MNIST_App/bsp/install/lib/debug/\libmetal.a(riscv_cpu.o)
                0x2010bed6                __metal_default_interrupt_handler
 .text.metal_interrupt_vector_handler
                0x2010beee       0x2e C:/VSD_Sqd_Project/sifive_hifive1_BitNet_MNIST_App/bsp/install/lib/debug/\libmetal.a(riscv_cpu.o)
                0x2010beee                metal_interrupt_vector_handler
 .text.metal_software_interrupt_vector_handler
                0x2010bf1c       0x92 C:/VSD_Sqd_Project/sifive_hifive1_BitNet_MNIST_App/bsp/install/lib/debug/\libmetal.a(riscv_cpu.o)
                0x2010bf1c                metal_software_interrupt_vector_handler
 .text.__metal_default_sw_handler
                0x2010bfae       0x68 C:/VSD_Sqd_Project/sifive_hifive1_BitNet_MNIST_App/bsp/install/lib/debug/\libmetal.a(riscv_cpu.o)
                0x2010bfae                __metal_default_sw_handler
 .text.metal_timer_interrupt_vector_handler
                0x2010c016       0x92 C:/VSD_Sqd_Project/sifive_hifive1_BitNet_MNIST_App/bsp/install/lib/debug/\libmetal.a(riscv_cpu.o)
                0x2010c016                metal_timer_interrupt_vector_handler
 .text.__metal_default_beu_handler
                0x2010c0a8       0x16 C:/VSD_Sqd_Project/sifive_hifive1_BitNet_MNIST_App/bsp/install/lib/debug/\libmetal.a(riscv_cpu.o)
                0x2010c0a8                __metal_default_beu_handler
 .text.__metal_default_timer_handler
                0x2010c0be       0x66 C:/VSD_Sqd_Project/sifive_hifive1_BitNet_MNIST_App/bsp/install/lib/debug/\libmetal.a(riscv_cpu.o)
                0x2010c0be                __metal_default_timer_handler
 *fill*         0x2010c124       0x5c 
 .text.__metal_exception_handler
                0x2010c180      0x1fa C:/VSD_Sqd_Project/sifive_hifive1_BitNet_MNIST_App/bsp/install/lib/debug/\libmetal.a(riscv_cpu.o)
                0x2010c180                __metal_exception_handler
 .text.metal_lc0_interrupt_vector_handler
                0x2010c37a       0x96 C:/VSD_Sqd_Project/sifive_hifive1_BitNet_MNIST_App/bsp/install/lib/debug/\libmetal.a(riscv_cpu.o)
                0x2010c37a                metal_lc0_interrupt_vector_handler
 .text.metal_lc1_interrupt_vector_handler
                0x2010c410       0x96 C:/VSD_Sqd_Project/sifive_hifive1_BitNet_MNIST_App/bsp/install/lib/debug/\libmetal.a(riscv_cpu.o)
                0x2010c410                metal_lc1_interrupt_vector_handler
 .text.metal_lc2_interrupt_vector_handler
                0x2010c4a6       0x96 C:/VSD_Sqd_Project/sifive_hifive1_BitNet_MNIST_App/bsp/install/lib/debug/\libmetal.a(riscv_cpu.o)
                0x2010c4a6                metal_lc2_interrupt_vector_handler
 .text.metal_lc3_interrupt_vector_handler
                0x2010c53c       0x96 C:/VSD_Sqd_Project/sifive_hifive1_BitNet_MNIST_App/bsp/install/lib/debug/\libmetal.a(riscv_cpu.o)
                0x2010c53c                metal_lc3_interrupt_vector_handler
 .text.metal_lc4_interrupt_vector_handler
                0x2010c5d2       0x96 C:/VSD_Sqd_Project/sifive_hifive1_BitNet_MNIST_App/bsp/install/lib/debug/\libmetal.a(riscv_cpu.o)
                0x2010c5d2                metal_lc4_interrupt_vector_handler
 .text.metal_lc5_interrupt_vector_handler
                0x2010c668       0x96 C:/VSD_Sqd_Project/sifive_hifive1_BitNet_MNIST_App/bsp/install/lib/debug/\libmetal.a(riscv_cpu.o)
                0x2010c668                metal_lc5_interrupt_vector_handler
 .text.metal_lc6_interrupt_vector_handler
                0x2010c6fe       0x96 C:/VSD_Sqd_Project/sifive_hifive1_BitNet_MNIST_App/bsp/install/lib/debug/\libmetal.a(riscv_cpu.o)
                0x2010c6fe                metal_lc6_interrupt_vector_handler
 .text.metal_lc7_interrupt_vector_handler
                0x2010c794       0x96 C:/VSD_Sqd_Project/sifive_hifive1_BitNet_MNIST_App/bsp/install/lib/debug/\libmetal.a(riscv_cpu.o)
                0x2010c794                metal_lc7_interrupt_vector_handler
 .text.metal_lc8_interrupt_vector_handler
                0x2010c82a       0x96 C:/VSD_Sqd_Project/sifive_hifive1_BitNet_MNIST_App/bsp/install/lib/debug/\libmetal.a(riscv_cpu.o)
                0x2010c82a                metal_lc8_interrupt_vector_handler
 .text.metal_lc9_interrupt_vector_handler
                0x2010c8c0       0x96 C:/VSD_Sqd_Project/sifive_hifive1_BitNet_MNIST_App/bsp/install/lib/debug/\libmetal.a(riscv_cpu.o)
                0x2010c8c0                metal_lc9_interrupt_vector_handler
 .text.metal_lc10_interrupt_vector_handler
                0x2010c956       0x96 C:/VSD_Sqd_Project/sifive_hifive1_BitNet_MNIST_App/bsp/install/lib/debug/\libmetal.a(riscv_cpu.o)
                0x2010c956                metal_lc10_interrupt_vector_handler
 .text.metal_lc11_interrupt_vector_handler
                0x2010c9ec       0x96 C:/VSD_Sqd_Project/sifive_hifive1_BitNet_MNIST_App/bsp/install/lib/debug/\libmetal.a(riscv_cpu.o)
                0x2010c9ec                metal_lc11_interrupt_vector_handler
 .text.metal_lc12_interrupt_vector_handler
                0x2010ca82       0x96 C:/VSD_Sqd_Project/sifive_hifive1_BitNet_MNIST_App/bsp/install/lib/debug/\libmetal.a(riscv_cpu.o)
                0x2010ca82                metal_lc12_interrupt_vector_handler
 .text.metal_lc13_interrupt_vector_handler
                0x2010cb18       0x96 C:/VSD_Sqd_Project/sifive_hifive1_BitNet_MNIST_App/bsp/install/lib/debug/\libmetal.a(riscv_cpu.o)
                0x2010cb18                metal_lc13_interrupt_vector_handler
 .text.metal_lc14_interrupt_vector_handler
                0x2010cbae       0x96 C:/VSD_Sqd_Project/sifive_hifive1_BitNet_MNIST_App/bsp/install/lib/debug/\libmetal.a(riscv_cpu.o)
                0x2010cbae                metal_lc14_interrupt_vector_handler
 .text.metal_lc15_interrupt_vector_handler
                0x2010cc44       0x96 C:/VSD_Sqd_Project/sifive_hifive1_BitNet_MNIST_App/bsp/install/lib/debug/\libmetal.a(riscv_cpu.o)
                0x2010cc44                metal_lc15_interrupt_vector_handler
 .text.__metal_controller_interrupt_vector_mode
                0x2010ccda       0x58 C:/VSD_Sqd_Project/sifive_hifive1_BitNet_MNIST_App/bsp/install/lib/debug/\libmetal.a(riscv_cpu.o)
                0x2010ccda                __metal_controller_interrupt_vector_mode
 .text.__metal_controller_interrupt_vector
                0x2010cd32       0xb2 C:/VSD_Sqd_Project/sifive_hifive1_BitNet_MNIST_App/bsp/install/lib/debug/\libmetal.a(riscv_cpu.o)
                0x2010cd32                __metal_controller_interrupt_vector
 .text.__metal_valid_interrupt_id
                0x2010cde4       0x56 C:/VSD_Sqd_Project/sifive_hifive1_BitNet_MNIST_App/bsp/install/lib/debug/\libmetal.a(riscv_cpu.o)
                0x2010cde4                __metal_valid_interrupt_id
 .text.__metal_local_interrupt_enable
                0x2010ce3a       0xbc C:/VSD_Sqd_Project/sifive_hifive1_BitNet_MNIST_App/bsp/install/lib/debug/\libmetal.a(riscv_cpu.o)
                0x2010ce3a                __metal_local_interrupt_enable
 .text.__metal_exception_register
                0x2010cef6       0x4e C:/VSD_Sqd_Project/sifive_hifive1_BitNet_MNIST_App/bsp/install/lib/debug/\libmetal.a(riscv_cpu.o)
                0x2010cef6                __metal_exception_register
 .text.__metal_driver_riscv_cpu_controller_interrupt_init
                0x2010cf44       0xe2 C:/VSD_Sqd_Project/sifive_hifive1_BitNet_MNIST_App/bsp/install/lib/debug/\libmetal.a(riscv_cpu.o)
                0x2010cf44                __metal_driver_riscv_cpu_controller_interrupt_init
 .text.__metal_driver_riscv_cpu_controller_interrupt_register
                0x2010d026      0x1e2 C:/VSD_Sqd_Project/sifive_hifive1_BitNet_MNIST_App/bsp/install/lib/debug/\libmetal.a(riscv_cpu.o)
                0x2010d026                __metal_driver_riscv_cpu_controller_interrupt_register
 .text.__metal_driver_riscv_cpu_controller_interrupt_enable
                0x2010d208       0x2c C:/VSD_Sqd_Project/sifive_hifive1_BitNet_MNIST_App/bsp/install/lib/debug/\libmetal.a(riscv_cpu.o)
                0x2010d208                __metal_driver_riscv_cpu_controller_interrupt_enable
 .text.__metal_driver_riscv_cpu_controller_interrupt_disable
                0x2010d234       0x2c C:/VSD_Sqd_Project/sifive_hifive1_BitNet_MNIST_App/bsp/install/lib/debug/\libmetal.a(riscv_cpu.o)
                0x2010d234                __metal_driver_riscv_cpu_controller_interrupt_disable
 .text.__metal_driver_riscv_cpu_controller_get_vector_mode
                0x2010d260       0x1c C:/VSD_Sqd_Project/sifive_hifive1_BitNet_MNIST_App/bsp/install/lib/debug/\libmetal.a(riscv_cpu.o)
                0x2010d260                __metal_driver_riscv_cpu_controller_get_vector_mode
 .text.__metal_driver_riscv_cpu_controller_set_vector_mode
                0x2010d27c       0x54 C:/VSD_Sqd_Project/sifive_hifive1_BitNet_MNIST_App/bsp/install/lib/debug/\libmetal.a(riscv_cpu.o)
                0x2010d27c                __metal_driver_riscv_cpu_controller_set_vector_mode
 .text.__metal_driver_riscv_cpu_controller_command_request
                0x2010d2d0       0x1c C:/VSD_Sqd_Project/sifive_hifive1_BitNet_MNIST_App/bsp/install/lib/debug/\libmetal.a(riscv_cpu.o)
                0x2010d2d0                __metal_driver_riscv_cpu_controller_command_request
 .text.__metal_driver_cpu_mcycle_get
                0x2010d2ec       0x70 C:/VSD_Sqd_Project/sifive_hifive1_BitNet_MNIST_App/bsp/install/lib/debug/\libmetal.a(riscv_cpu.o)
                0x2010d2ec                __metal_driver_cpu_mcycle_get
 .text.__metal_driver_cpu_timebase_get
                0x2010d35c       0x46 C:/VSD_Sqd_Project/sifive_hifive1_BitNet_MNIST_App/bsp/install/lib/debug/\libmetal.a(riscv_cpu.o)
                0x2010d35c                __metal_driver_cpu_timebase_get
 .text.__metal_driver_cpu_mtime_get
                0x2010d3a2       0x66 C:/VSD_Sqd_Project/sifive_hifive1_BitNet_MNIST_App/bsp/install/lib/debug/\libmetal.a(riscv_cpu.o)
                0x2010d3a2                __metal_driver_cpu_mtime_get
 .text.__metal_driver_cpu_mtimecmp_set
                0x2010d408       0x76 C:/VSD_Sqd_Project/sifive_hifive1_BitNet_MNIST_App/bsp/install/lib/debug/\libmetal.a(riscv_cpu.o)
                0x2010d408                __metal_driver_cpu_mtimecmp_set
 .text.__metal_driver_cpu_timer_controller_interrupt
                0x2010d47e       0x1a C:/VSD_Sqd_Project/sifive_hifive1_BitNet_MNIST_App/bsp/install/lib/debug/\libmetal.a(riscv_cpu.o)
                0x2010d47e                __metal_driver_cpu_timer_controller_interrupt
 .text.__metal_driver_cpu_get_timer_interrupt_id
                0x2010d498       0x14 C:/VSD_Sqd_Project/sifive_hifive1_BitNet_MNIST_App/bsp/install/lib/debug/\libmetal.a(riscv_cpu.o)
                0x2010d498                __metal_driver_cpu_get_timer_interrupt_id
 .text.__metal_driver_cpu_sw_controller_interrupt
                0x2010d4ac       0x1a C:/VSD_Sqd_Project/sifive_hifive1_BitNet_MNIST_App/bsp/install/lib/debug/\libmetal.a(riscv_cpu.o)
                0x2010d4ac                __metal_driver_cpu_sw_controller_interrupt
 .text.__metal_driver_cpu_get_sw_interrupt_id
                0x2010d4c6       0x14 C:/VSD_Sqd_Project/sifive_hifive1_BitNet_MNIST_App/bsp/install/lib/debug/\libmetal.a(riscv_cpu.o)
                0x2010d4c6                __metal_driver_cpu_get_sw_interrupt_id
 .text.__metal_driver_cpu_set_sw_ipi
                0x2010d4da       0x62 C:/VSD_Sqd_Project/sifive_hifive1_BitNet_MNIST_App/bsp/install/lib/debug/\libmetal.a(riscv_cpu.o)
                0x2010d4da                __metal_driver_cpu_set_sw_ipi
 .text.__metal_driver_cpu_clear_sw_ipi
                0x2010d53c       0x62 C:/VSD_Sqd_Project/sifive_hifive1_BitNet_MNIST_App/bsp/install/lib/debug/\libmetal.a(riscv_cpu.o)
                0x2010d53c                __metal_driver_cpu_clear_sw_ipi
 .text.__metal_driver_cpu_get_msip
                0x2010d59e       0x60 C:/VSD_Sqd_Project/sifive_hifive1_BitNet_MNIST_App/bsp/install/lib/debug/\libmetal.a(riscv_cpu.o)
                0x2010d59e                __metal_driver_cpu_get_msip
 .text.__metal_driver_cpu_controller_interrupt
                0x2010d5fe       0x20 C:/VSD_Sqd_Project/sifive_hifive1_BitNet_MNIST_App/bsp/install/lib/debug/\libmetal.a(riscv_cpu.o)
                0x2010d5fe                __metal_driver_cpu_controller_interrupt
 .text.__metal_driver_cpu_exception_register
                0x2010d61e       0x46 C:/VSD_Sqd_Project/sifive_hifive1_BitNet_MNIST_App/bsp/install/lib/debug/\libmetal.a(riscv_cpu.o)
                0x2010d61e                __metal_driver_cpu_exception_register
 .text.__metal_driver_cpu_get_instruction_length
                0x2010d664       0x2e C:/VSD_Sqd_Project/sifive_hifive1_BitNet_MNIST_App/bsp/install/lib/debug/\libmetal.a(riscv_cpu.o)
                0x2010d664                __metal_driver_cpu_get_instruction_length
 .text.__metal_driver_cpu_get_exception_pc
                0x2010d692       0x1e C:/VSD_Sqd_Project/sifive_hifive1_BitNet_MNIST_App/bsp/install/lib/debug/\libmetal.a(riscv_cpu.o)
                0x2010d692                __metal_driver_cpu_get_exception_pc
 .text.__metal_driver_cpu_set_exception_pc
                0x2010d6b0       0x20 C:/VSD_Sqd_Project/sifive_hifive1_BitNet_MNIST_App/bsp/install/lib/debug/\libmetal.a(riscv_cpu.o)
                0x2010d6b0                __metal_driver_cpu_set_exception_pc
 .text.__metal_driver_cpu_get_buserror
                0x2010d6d0       0x20 C:/VSD_Sqd_Project/sifive_hifive1_BitNet_MNIST_App/bsp/install/lib/debug/\libmetal.a(riscv_cpu.o)
                0x2010d6d0                __metal_driver_cpu_get_buserror
 .text.__metal_driver_sifive_plic0_control_base
                0x2010d6f0       0x2a C:/VSD_Sqd_Project/sifive_hifive1_BitNet_MNIST_App/bsp/install/lib/debug/\libmetal.a(riscv_plic0.o)
 .text.__metal_driver_sifive_plic0_num_interrupts
                0x2010d71a       0x2a C:/VSD_Sqd_Project/sifive_hifive1_BitNet_MNIST_App/bsp/install/lib/debug/\libmetal.a(riscv_plic0.o)
 .text.__metal_driver_sifive_plic0_max_priority
                0x2010d744       0x28 C:/VSD_Sqd_Project/sifive_hifive1_BitNet_MNIST_App/bsp/install/lib/debug/\libmetal.a(riscv_plic0.o)
 .text.__metal_driver_sifive_plic0_interrupt_parents
                0x2010d76c       0x28 C:/VSD_Sqd_Project/sifive_hifive1_BitNet_MNIST_App/bsp/install/lib/debug/\libmetal.a(riscv_plic0.o)
 .text.__metal_driver_sifive_plic0_interrupt_lines
                0x2010d794       0x22 C:/VSD_Sqd_Project/sifive_hifive1_BitNet_MNIST_App/bsp/install/lib/debug/\libmetal.a(riscv_plic0.o)
 .text.__metal_driver_sifive_plic0_context_ids
                0x2010d7b6       0x1e C:/VSD_Sqd_Project/sifive_hifive1_BitNet_MNIST_App/bsp/install/lib/debug/\libmetal.a(riscv_plic0.o)
 .text.__metal_plic0_claim_interrupt
                0x2010d7d4       0x3c C:/VSD_Sqd_Project/sifive_hifive1_BitNet_MNIST_App/bsp/install/lib/debug/\libmetal.a(riscv_plic0.o)
                0x2010d7d4                __metal_plic0_claim_interrupt
 .text.__metal_plic0_complete_interrupt
                0x2010d810       0x46 C:/VSD_Sqd_Project/sifive_hifive1_BitNet_MNIST_App/bsp/install/lib/debug/\libmetal.a(riscv_plic0.o)
                0x2010d810                __metal_plic0_complete_interrupt
 .text.__metal_plic0_set_threshold
                0x2010d856       0x46 C:/VSD_Sqd_Project/sifive_hifive1_BitNet_MNIST_App/bsp/install/lib/debug/\libmetal.a(riscv_plic0.o)
                0x2010d856                __metal_plic0_set_threshold
 .text.__metal_plic0_get_threshold
                0x2010d89c       0x3a C:/VSD_Sqd_Project/sifive_hifive1_BitNet_MNIST_App/bsp/install/lib/debug/\libmetal.a(riscv_plic0.o)
                0x2010d89c                __metal_plic0_get_threshold
 .text.__metal_driver_riscv_plic0_set_priority
                0x2010d8d6       0x62 C:/VSD_Sqd_Project/sifive_hifive1_BitNet_MNIST_App/bsp/install/lib/debug/\libmetal.a(riscv_plic0.o)
                0x2010d8d6                __metal_driver_riscv_plic0_set_priority
 .text.__metal_driver_riscv_plic0_get_priority
                0x2010d938       0x34 C:/VSD_Sqd_Project/sifive_hifive1_BitNet_MNIST_App/bsp/install/lib/debug/\libmetal.a(riscv_plic0.o)
                0x2010d938                __metal_driver_riscv_plic0_get_priority
 .text.__metal_plic0_enable
                0x2010d96c       0xa2 C:/VSD_Sqd_Project/sifive_hifive1_BitNet_MNIST_App/bsp/install/lib/debug/\libmetal.a(riscv_plic0.o)
                0x2010d96c                __metal_plic0_enable
 .text.__metal_plic0_default_handler
                0x2010da0e       0x18 C:/VSD_Sqd_Project/sifive_hifive1_BitNet_MNIST_App/bsp/install/lib/debug/\libmetal.a(riscv_plic0.o)
                0x2010da0e                __metal_plic0_default_handler
 .text.__metal_plic0_handler
                0x2010da26       0xa2 C:/VSD_Sqd_Project/sifive_hifive1_BitNet_MNIST_App/bsp/install/lib/debug/\libmetal.a(riscv_plic0.o)
                0x2010da26                __metal_plic0_handler
 .text.__metal_driver_riscv_plic0_init
                0x2010dac8      0x158 C:/VSD_Sqd_Project/sifive_hifive1_BitNet_MNIST_App/bsp/install/lib/debug/\libmetal.a(riscv_plic0.o)
                0x2010dac8                __metal_driver_riscv_plic0_init
 .text.__metal_driver_riscv_plic0_register
                0x2010dc20       0xc2 C:/VSD_Sqd_Project/sifive_hifive1_BitNet_MNIST_App/bsp/install/lib/debug/\libmetal.a(riscv_plic0.o)
                0x2010dc20                __metal_driver_riscv_plic0_register
 .text.__metal_driver_riscv_plic0_enable
                0x2010dce2       0x50 C:/VSD_Sqd_Project/sifive_hifive1_BitNet_MNIST_App/bsp/install/lib/debug/\libmetal.a(riscv_plic0.o)
                0x2010dce2                __metal_driver_riscv_plic0_enable
 .text.__metal_driver_riscv_plic0_disable
                0x2010dd32       0x50 C:/VSD_Sqd_Project/sifive_hifive1_BitNet_MNIST_App/bsp/install/lib/debug/\libmetal.a(riscv_plic0.o)
                0x2010dd32                __metal_driver_riscv_plic0_disable
 .text.__metal_driver_riscv_plic0_set_threshold
                0x2010dd82       0x30 C:/VSD_Sqd_Project/sifive_hifive1_BitNet_MNIST_App/bsp/install/lib/debug/\libmetal.a(riscv_plic0.o)
                0x2010dd82                __metal_driver_riscv_plic0_set_threshold
 .text.__metal_driver_riscv_plic0_get_threshold
                0x2010ddb2       0x28 C:/VSD_Sqd_Project/sifive_hifive1_BitNet_MNIST_App/bsp/install/lib/debug/\libmetal.a(riscv_plic0.o)
                0x2010ddb2                __metal_driver_riscv_plic0_get_threshold
 .text.__metal_driver_riscv_plic0_affinity_enable
                0x2010ddda       0x9c C:/VSD_Sqd_Project/sifive_hifive1_BitNet_MNIST_App/bsp/install/lib/debug/\libmetal.a(riscv_plic0.o)
                0x2010ddda                __metal_driver_riscv_plic0_affinity_enable
 .text.__metal_driver_riscv_plic0_affinity_disable
                0x2010de76       0x9c C:/VSD_Sqd_Project/sifive_hifive1_BitNet_MNIST_App/bsp/install/lib/debug/\libmetal.a(riscv_plic0.o)
                0x2010de76                __metal_driver_riscv_plic0_affinity_disable
 .text.__metal_driver_riscv_plic0_affinity_set_threshold
                0x2010df12       0x74 C:/VSD_Sqd_Project/sifive_hifive1_BitNet_MNIST_App/bsp/install/lib/debug/\libmetal.a(riscv_plic0.o)
                0x2010df12                __metal_driver_riscv_plic0_affinity_set_threshold
 .text.__metal_driver_riscv_plic0_affinity_get_threshold
                0x2010df86       0x28 C:/VSD_Sqd_Project/sifive_hifive1_BitNet_MNIST_App/bsp/install/lib/debug/\libmetal.a(riscv_plic0.o)
                0x2010df86                __metal_driver_riscv_plic0_affinity_get_threshold
 .text.__metal_driver_sifive_fe310_g000_hfrosc_ref
                0x2010dfae       0x1a C:/VSD_Sqd_Project/sifive_hifive1_BitNet_MNIST_App/bsp/install/lib/debug/\libmetal.a(sifive_fe310-g000_hfrosc.o)
 .text.__metal_driver_sifive_fe310_g000_hfrosc_config_base
                0x2010dfc8       0x16 C:/VSD_Sqd_Project/sifive_hifive1_BitNet_MNIST_App/bsp/install/lib/debug/\libmetal.a(sifive_fe310-g000_hfrosc.o)
 .text.__metal_driver_sifive_fe310_g000_hfrosc_config_offset
                0x2010dfde       0x14 C:/VSD_Sqd_Project/sifive_hifive1_BitNet_MNIST_App/bsp/install/lib/debug/\libmetal.a(sifive_fe310-g000_hfrosc.o)
 .text.__metal_driver_sifive_fe310_g000_prci_vtable
                0x2010dff2       0x16 C:/VSD_Sqd_Project/sifive_hifive1_BitNet_MNIST_App/bsp/install/lib/debug/\libmetal.a(sifive_fe310-g000_hfrosc.o)
 .text.__metal_driver_sifive_fe310_g000_hfrosc_get_rate_hz
                0x2010e008       0x84 C:/VSD_Sqd_Project/sifive_hifive1_BitNet_MNIST_App/bsp/install/lib/debug/\libmetal.a(sifive_fe310-g000_hfrosc.o)
                0x2010e008                __metal_driver_sifive_fe310_g000_hfrosc_get_rate_hz
 .text.__metal_driver_sifive_fe310_g000_hfrosc_set_rate_hz
                0x2010e08c       0x22 C:/VSD_Sqd_Project/sifive_hifive1_BitNet_MNIST_App/bsp/install/lib/debug/\libmetal.a(sifive_fe310-g000_hfrosc.o)
                0x2010e08c                __metal_driver_sifive_fe310_g000_hfrosc_set_rate_hz
 .text.__metal_driver_sifive_fe310_g000_hfxosc_ref
                0x2010e0ae       0x1a C:/VSD_Sqd_Project/sifive_hifive1_BitNet_MNIST_App/bsp/install/lib/debug/\libmetal.a(sifive_fe310-g000_hfxosc.o)
 .text.__metal_driver_sifive_fe310_g000_hfxosc_config_base
                0x2010e0c8       0x16 C:/VSD_Sqd_Project/sifive_hifive1_BitNet_MNIST_App/bsp/install/lib/debug/\libmetal.a(sifive_fe310-g000_hfxosc.o)
 .text.__metal_driver_sifive_fe310_g000_hfxosc_config_offset
                0x2010e0de       0x14 C:/VSD_Sqd_Project/sifive_hifive1_BitNet_MNIST_App/bsp/install/lib/debug/\libmetal.a(sifive_fe310-g000_hfxosc.o)
 .text.__metal_driver_sifive_fe310_g000_prci_vtable
                0x2010e0f2       0x16 C:/VSD_Sqd_Project/sifive_hifive1_BitNet_MNIST_App/bsp/install/lib/debug/\libmetal.a(sifive_fe310-g000_hfxosc.o)
 .text.__metal_driver_sifive_fe310_g000_hfxosc_get_rate_hz
                0x2010e108       0x74 C:/VSD_Sqd_Project/sifive_hifive1_BitNet_MNIST_App/bsp/install/lib/debug/\libmetal.a(sifive_fe310-g000_hfxosc.o)
                0x2010e108                __metal_driver_sifive_fe310_g000_hfxosc_get_rate_hz
 .text.__metal_driver_sifive_fe310_g000_hfxosc_set_rate_hz
                0x2010e17c       0x22 C:/VSD_Sqd_Project/sifive_hifive1_BitNet_MNIST_App/bsp/install/lib/debug/\libmetal.a(sifive_fe310-g000_hfxosc.o)
                0x2010e17c                __metal_driver_sifive_fe310_g000_hfxosc_set_rate_hz
 .text.__metal_driver_sifive_fe310_g000_pll_pllsel0
                0x2010e19e       0x1a C:/VSD_Sqd_Project/sifive_hifive1_BitNet_MNIST_App/bsp/install/lib/debug/\libmetal.a(sifive_fe310-g000_pll.o)
 .text.__metal_driver_sifive_fe310_g000_pll_pllref
                0x2010e1b8       0x1a C:/VSD_Sqd_Project/sifive_hifive1_BitNet_MNIST_App/bsp/install/lib/debug/\libmetal.a(sifive_fe310-g000_pll.o)
 .text.__metal_driver_sifive_fe310_g000_pll_divider_base
                0x2010e1d2       0x16 C:/VSD_Sqd_Project/sifive_hifive1_BitNet_MNIST_App/bsp/install/lib/debug/\libmetal.a(sifive_fe310-g000_pll.o)
 .text.__metal_driver_sifive_fe310_g000_pll_divider_offset
                0x2010e1e8       0x14 C:/VSD_Sqd_Project/sifive_hifive1_BitNet_MNIST_App/bsp/install/lib/debug/\libmetal.a(sifive_fe310-g000_pll.o)
 .text.__metal_driver_sifive_fe310_g000_pll_config_base
                0x2010e1fc       0x12 C:/VSD_Sqd_Project/sifive_hifive1_BitNet_MNIST_App/bsp/install/lib/debug/\libmetal.a(sifive_fe310-g000_pll.o)
 .text.__metal_driver_sifive_fe310_g000_pll_config_offset
                0x2010e20e       0x10 C:/VSD_Sqd_Project/sifive_hifive1_BitNet_MNIST_App/bsp/install/lib/debug/\libmetal.a(sifive_fe310-g000_pll.o)
 .text.__metal_driver_sifive_fe310_g000_pll_init_rate
                0x2010e21e       0x16 C:/VSD_Sqd_Project/sifive_hifive1_BitNet_MNIST_App/bsp/install/lib/debug/\libmetal.a(sifive_fe310-g000_pll.o)
 .text.__metal_driver_sifive_fe310_g000_prci_base
                0x2010e234       0x12 C:/VSD_Sqd_Project/sifive_hifive1_BitNet_MNIST_App/bsp/install/lib/debug/\libmetal.a(sifive_fe310-g000_pll.o)
 .text.__metal_driver_sifive_fe310_g000_prci_vtable
                0x2010e246       0x16 C:/VSD_Sqd_Project/sifive_hifive1_BitNet_MNIST_App/bsp/install/lib/debug/\libmetal.a(sifive_fe310-g000_pll.o)
 .text.get_pll_config_freq
                0x2010e25c       0x4e C:/VSD_Sqd_Project/sifive_hifive1_BitNet_MNIST_App/bsp/install/lib/debug/\libmetal.a(sifive_fe310-g000_pll.o)
 .text.__metal_driver_sifive_fe310_g000_pll_init
                0x2010e2aa       0xa4 C:/VSD_Sqd_Project/sifive_hifive1_BitNet_MNIST_App/bsp/install/lib/debug/\libmetal.a(sifive_fe310-g000_pll.o)
                0x2010e2aa                __metal_driver_sifive_fe310_g000_pll_init
 .text.__metal_driver_sifive_fe310_g000_pll_get_rate_hz
                0x2010e34e      0x172 C:/VSD_Sqd_Project/sifive_hifive1_BitNet_MNIST_App/bsp/install/lib/debug/\libmetal.a(sifive_fe310-g000_pll.o)
                0x2010e34e                __metal_driver_sifive_fe310_g000_pll_get_rate_hz
 .text.find_closest_config
                0x2010e4c0       0xaa C:/VSD_Sqd_Project/sifive_hifive1_BitNet_MNIST_App/bsp/install/lib/debug/\libmetal.a(sifive_fe310-g000_pll.o)
 .text.configure_pll
                0x2010e56a      0x1b0 C:/VSD_Sqd_Project/sifive_hifive1_BitNet_MNIST_App/bsp/install/lib/debug/\libmetal.a(sifive_fe310-g000_pll.o)
 .text.__metal_driver_sifive_fe310_g000_pll_set_rate_hz
                0x2010e71a      0x166 C:/VSD_Sqd_Project/sifive_hifive1_BitNet_MNIST_App/bsp/install/lib/debug/\libmetal.a(sifive_fe310-g000_pll.o)
                0x2010e71a                __metal_driver_sifive_fe310_g000_pll_set_rate_hz
 .text.__metal_driver_sifive_fe310_g000_prci_base
                0x2010e880       0x12 C:/VSD_Sqd_Project/sifive_hifive1_BitNet_MNIST_App/bsp/install/lib/debug/\libmetal.a(sifive_fe310-g000_prci.o)
 .text.__metal_driver_sifive_fe310_g000_prci_get_reg
                0x2010e892       0x2e C:/VSD_Sqd_Project/sifive_hifive1_BitNet_MNIST_App/bsp/install/lib/debug/\libmetal.a(sifive_fe310-g000_prci.o)
                0x2010e892                __metal_driver_sifive_fe310_g000_prci_get_reg
 .text.__metal_driver_sifive_fe310_g000_prci_set_reg
                0x2010e8c0       0x38 C:/VSD_Sqd_Project/sifive_hifive1_BitNet_MNIST_App/bsp/install/lib/debug/\libmetal.a(sifive_fe310-g000_prci.o)
                0x2010e8c0                __metal_driver_sifive_fe310_g000_prci_set_reg
 .text.__metal_driver_sifive_gpio0_base
                0x2010e8f8       0x26 C:/VSD_Sqd_Project/sifive_hifive1_BitNet_MNIST_App/bsp/install/lib/debug/\libmetal.a(sifive_gpio0.o)
 .text.__metal_driver_sifive_gpio0_interrupt_parent
                0x2010e91e       0x2a C:/VSD_Sqd_Project/sifive_hifive1_BitNet_MNIST_App/bsp/install/lib/debug/\libmetal.a(sifive_gpio0.o)
 .text.__metal_driver_sifive_gpio0_interrupt_lines
                0x2010e948      0x1b4 C:/VSD_Sqd_Project/sifive_hifive1_BitNet_MNIST_App/bsp/install/lib/debug/\libmetal.a(sifive_gpio0.o)
 .text.__metal_driver_sifive_gpio0_enable_input
                0x2010eafc       0x40 C:/VSD_Sqd_Project/sifive_hifive1_BitNet_MNIST_App/bsp/install/lib/debug/\libmetal.a(sifive_gpio0.o)
                0x2010eafc                __metal_driver_sifive_gpio0_enable_input
 .text.__metal_driver_sifive_gpio0_disable_input
                0x2010eb3c       0x46 C:/VSD_Sqd_Project/sifive_hifive1_BitNet_MNIST_App/bsp/install/lib/debug/\libmetal.a(sifive_gpio0.o)
                0x2010eb3c                __metal_driver_sifive_gpio0_disable_input
 .text.__metal_driver_sifive_gpio0_input
                0x2010eb82       0x2a C:/VSD_Sqd_Project/sifive_hifive1_BitNet_MNIST_App/bsp/install/lib/debug/\libmetal.a(sifive_gpio0.o)
                0x2010eb82                __metal_driver_sifive_gpio0_input
 .text.__metal_driver_sifive_gpio0_output
                0x2010ebac       0x2c C:/VSD_Sqd_Project/sifive_hifive1_BitNet_MNIST_App/bsp/install/lib/debug/\libmetal.a(sifive_gpio0.o)
                0x2010ebac                __metal_driver_sifive_gpio0_output
 .text.__metal_driver_sifive_gpio0_disable_output
                0x2010ebd8       0x46 C:/VSD_Sqd_Project/sifive_hifive1_BitNet_MNIST_App/bsp/install/lib/debug/\libmetal.a(sifive_gpio0.o)
                0x2010ebd8                __metal_driver_sifive_gpio0_disable_output
 .text.__metal_driver_sifive_gpio0_enable_output
                0x2010ec1e       0x40 C:/VSD_Sqd_Project/sifive_hifive1_BitNet_MNIST_App/bsp/install/lib/debug/\libmetal.a(sifive_gpio0.o)
                0x2010ec1e                __metal_driver_sifive_gpio0_enable_output
 .text.__metal_driver_sifive_gpio0_output_set
                0x2010ec5e       0x40 C:/VSD_Sqd_Project/sifive_hifive1_BitNet_MNIST_App/bsp/install/lib/debug/\libmetal.a(sifive_gpio0.o)
                0x2010ec5e                __metal_driver_sifive_gpio0_output_set
 .text.__metal_driver_sifive_gpio0_output_clear
                0x2010ec9e       0x46 C:/VSD_Sqd_Project/sifive_hifive1_BitNet_MNIST_App/bsp/install/lib/debug/\libmetal.a(sifive_gpio0.o)
                0x2010ec9e                __metal_driver_sifive_gpio0_output_clear
 .text.__metal_driver_sifive_gpio0_output_toggle
                0x2010ece4       0x40 C:/VSD_Sqd_Project/sifive_hifive1_BitNet_MNIST_App/bsp/install/lib/debug/\libmetal.a(sifive_gpio0.o)
                0x2010ece4                __metal_driver_sifive_gpio0_output_toggle
 .text.__metal_driver_sifive_gpio0_enable_io
                0x2010ed24       0x62 C:/VSD_Sqd_Project/sifive_hifive1_BitNet_MNIST_App/bsp/install/lib/debug/\libmetal.a(sifive_gpio0.o)
                0x2010ed24                __metal_driver_sifive_gpio0_enable_io
 .text.__metal_driver_sifive_gpio0_disable_io
                0x2010ed86       0x4a C:/VSD_Sqd_Project/sifive_hifive1_BitNet_MNIST_App/bsp/install/lib/debug/\libmetal.a(sifive_gpio0.o)
                0x2010ed86                __metal_driver_sifive_gpio0_disable_io
 .text.__metal_driver_sifive_gpio0_config_int
                0x2010edd0      0x206 C:/VSD_Sqd_Project/sifive_hifive1_BitNet_MNIST_App/bsp/install/lib/debug/\libmetal.a(sifive_gpio0.o)
                0x2010edd0                __metal_driver_sifive_gpio0_config_int
 .text.__metal_driver_sifive_gpio0_clear_int
                0x2010efd6      0x188 C:/VSD_Sqd_Project/sifive_hifive1_BitNet_MNIST_App/bsp/install/lib/debug/\libmetal.a(sifive_gpio0.o)
                0x2010efd6                __metal_driver_sifive_gpio0_clear_int
 .text.__metal_driver_gpio_interrupt_controller
                0x2010f15e       0x20 C:/VSD_Sqd_Project/sifive_hifive1_BitNet_MNIST_App/bsp/install/lib/debug/\libmetal.a(sifive_gpio0.o)
                0x2010f15e                __metal_driver_gpio_interrupt_controller
 .text.__metal_driver_gpio_get_interrupt_id
                0x2010f17e       0x2e C:/VSD_Sqd_Project/sifive_hifive1_BitNet_MNIST_App/bsp/install/lib/debug/\libmetal.a(sifive_gpio0.o)
                0x2010f17e                __metal_driver_gpio_get_interrupt_id
 .text.__metal_driver_sifive_uart0_control_base
                0x2010f1ac       0x2a C:/VSD_Sqd_Project/sifive_hifive1_BitNet_MNIST_App/bsp/install/lib/debug/\libmetal.a(sifive_uart0.o)
 .text.__metal_driver_sifive_uart0_interrupt_parent
                0x2010f1d6       0x2e C:/VSD_Sqd_Project/sifive_hifive1_BitNet_MNIST_App/bsp/install/lib/debug/\libmetal.a(sifive_uart0.o)
 .text.__metal_driver_sifive_uart0_interrupt_line
                0x2010f204       0x28 C:/VSD_Sqd_Project/sifive_hifive1_BitNet_MNIST_App/bsp/install/lib/debug/\libmetal.a(sifive_uart0.o)
 .text.__metal_driver_sifive_uart0_clock
                0x2010f22c       0x2e C:/VSD_Sqd_Project/sifive_hifive1_BitNet_MNIST_App/bsp/install/lib/debug/\libmetal.a(sifive_uart0.o)
 .text.__metal_driver_sifive_uart0_pinmux
                0x2010f25a       0x2a C:/VSD_Sqd_Project/sifive_hifive1_BitNet_MNIST_App/bsp/install/lib/debug/\libmetal.a(sifive_uart0.o)
 .text.__metal_driver_sifive_uart0_pinmux_output_selector
                0x2010f284       0x28 C:/VSD_Sqd_Project/sifive_hifive1_BitNet_MNIST_App/bsp/install/lib/debug/\libmetal.a(sifive_uart0.o)
 .text.__metal_driver_sifive_uart0_pinmux_source_selector
                0x2010f2ac       0x2a C:/VSD_Sqd_Project/sifive_hifive1_BitNet_MNIST_App/bsp/install/lib/debug/\libmetal.a(sifive_uart0.o)
 .text.__metal_driver_sifive_uart0_interrupt_controller
                0x2010f2d6       0x20 C:/VSD_Sqd_Project/sifive_hifive1_BitNet_MNIST_App/bsp/install/lib/debug/\libmetal.a(sifive_uart0.o)
                0x2010f2d6                __metal_driver_sifive_uart0_interrupt_controller
 .text.__metal_driver_sifive_uart0_get_interrupt_id
                0x2010f2f6       0x20 C:/VSD_Sqd_Project/sifive_hifive1_BitNet_MNIST_App/bsp/install/lib/debug/\libmetal.a(sifive_uart0.o)
                0x2010f2f6                __metal_driver_sifive_uart0_get_interrupt_id
 .text.__metal_driver_sifive_uart0_tx_interrupt_enable
                0x2010f316       0x3a C:/VSD_Sqd_Project/sifive_hifive1_BitNet_MNIST_App/bsp/install/lib/debug/\libmetal.a(sifive_uart0.o)
                0x2010f316                __metal_driver_sifive_uart0_tx_interrupt_enable
 .text.__metal_driver_sifive_uart0_tx_interrupt_disable
                0x2010f350       0x38 C:/VSD_Sqd_Project/sifive_hifive1_BitNet_MNIST_App/bsp/install/lib/debug/\libmetal.a(sifive_uart0.o)
                0x2010f350                __metal_driver_sifive_uart0_tx_interrupt_disable
 .text.__metal_driver_sifive_uart0_rx_interrupt_enable
                0x2010f388       0x3a C:/VSD_Sqd_Project/sifive_hifive1_BitNet_MNIST_App/bsp/install/lib/debug/\libmetal.a(sifive_uart0.o)
                0x2010f388                __metal_driver_sifive_uart0_rx_interrupt_enable
 .text.__metal_driver_sifive_uart0_rx_interrupt_disable
                0x2010f3c2       0x38 C:/VSD_Sqd_Project/sifive_hifive1_BitNet_MNIST_App/bsp/install/lib/debug/\libmetal.a(sifive_uart0.o)
                0x2010f3c2                __metal_driver_sifive_uart0_rx_interrupt_disable
 .text.__metal_driver_sifive_uart0_txready
                0x2010f3fa       0x30 C:/VSD_Sqd_Project/sifive_hifive1_BitNet_MNIST_App/bsp/install/lib/debug/\libmetal.a(sifive_uart0.o)
                0x2010f3fa                __metal_driver_sifive_uart0_txready
 .text.__metal_driver_sifive_uart0_set_tx_watermark
                0x2010f42a       0x4a C:/VSD_Sqd_Project/sifive_hifive1_BitNet_MNIST_App/bsp/install/lib/debug/\libmetal.a(sifive_uart0.o)
                0x2010f42a                __metal_driver_sifive_uart0_set_tx_watermark
 .text.__metal_driver_sifive_uart0_get_tx_watermark
                0x2010f474       0x30 C:/VSD_Sqd_Project/sifive_hifive1_BitNet_MNIST_App/bsp/install/lib/debug/\libmetal.a(sifive_uart0.o)
                0x2010f474                __metal_driver_sifive_uart0_get_tx_watermark
 .text.__metal_driver_sifive_uart0_set_rx_watermark
                0x2010f4a4       0x4a C:/VSD_Sqd_Project/sifive_hifive1_BitNet_MNIST_App/bsp/install/lib/debug/\libmetal.a(sifive_uart0.o)
                0x2010f4a4                __metal_driver_sifive_uart0_set_rx_watermark
 .text.__metal_driver_sifive_uart0_get_rx_watermark
                0x2010f4ee       0x30 C:/VSD_Sqd_Project/sifive_hifive1_BitNet_MNIST_App/bsp/install/lib/debug/\libmetal.a(sifive_uart0.o)
                0x2010f4ee                __metal_driver_sifive_uart0_get_rx_watermark
 .text.__metal_driver_sifive_uart0_putc
                0x2010f51e       0x42 C:/VSD_Sqd_Project/sifive_hifive1_BitNet_MNIST_App/bsp/install/lib/debug/\libmetal.a(sifive_uart0.o)
                0x2010f51e                __metal_driver_sifive_uart0_putc
 .text.__metal_driver_sifive_uart0_getc
                0x2010f560       0x56 C:/VSD_Sqd_Project/sifive_hifive1_BitNet_MNIST_App/bsp/install/lib/debug/\libmetal.a(sifive_uart0.o)
                0x2010f560                __metal_driver_sifive_uart0_getc
 .text.__metal_driver_sifive_uart0_get_baud_rate
                0x2010f5b6       0x20 C:/VSD_Sqd_Project/sifive_hifive1_BitNet_MNIST_App/bsp/install/lib/debug/\libmetal.a(sifive_uart0.o)
                0x2010f5b6                __metal_driver_sifive_uart0_get_baud_rate
 .text.__metal_driver_sifive_uart0_set_baud_rate
                0x2010f5d6       0xa0 C:/VSD_Sqd_Project/sifive_hifive1_BitNet_MNIST_App/bsp/install/lib/debug/\libmetal.a(sifive_uart0.o)
                0x2010f5d6                __metal_driver_sifive_uart0_set_baud_rate
 .text.pre_rate_change_callback_func
                0x2010f676       0xda C:/VSD_Sqd_Project/sifive_hifive1_BitNet_MNIST_App/bsp/install/lib/debug/\libmetal.a(sifive_uart0.o)
 .text.post_rate_change_callback_func
                0x2010f750       0x30 C:/VSD_Sqd_Project/sifive_hifive1_BitNet_MNIST_App/bsp/install/lib/debug/\libmetal.a(sifive_uart0.o)
 .text.__metal_driver_sifive_uart0_init
                0x2010f780       0xd2 C:/VSD_Sqd_Project/sifive_hifive1_BitNet_MNIST_App/bsp/install/lib/debug/\libmetal.a(sifive_uart0.o)
                0x2010f780                __metal_driver_sifive_uart0_init
 .text._metal_clock_call_all_callbacks
                0x2010f852       0x42 C:/VSD_Sqd_Project/sifive_hifive1_BitNet_MNIST_App/bsp/install/lib/debug/\libmetal.a(clock.o)
                0x2010f852                _metal_clock_call_all_callbacks
 .text._metal_clock_append_to_callbacks
                0x2010f894       0x54 C:/VSD_Sqd_Project/sifive_hifive1_BitNet_MNIST_App/bsp/install/lib/debug/\libmetal.a(clock.o)
                0x2010f894                _metal_clock_append_to_callbacks
 .text.metal_clock_get_rate_hz
                0x2010f8e8       0x26 C:/VSD_Sqd_Project/sifive_hifive1_BitNet_MNIST_App/bsp/install/lib/debug/\libmetal.a(clock.o)
                0x2010f8e8                metal_clock_get_rate_hz
 .text.metal_clock_set_rate_hz
                0x2010f90e       0x4c C:/VSD_Sqd_Project/sifive_hifive1_BitNet_MNIST_App/bsp/install/lib/debug/\libmetal.a(clock.o)
                0x2010f90e                metal_clock_set_rate_hz
 .text.metal_clock_register_pre_rate_change_callback
                0x2010f95a       0x32 C:/VSD_Sqd_Project/sifive_hifive1_BitNet_MNIST_App/bsp/install/lib/debug/\libmetal.a(clock.o)
                0x2010f95a                metal_clock_register_pre_rate_change_callback
 .text.metal_clock_register_post_rate_change_callback
                0x2010f98c       0x32 C:/VSD_Sqd_Project/sifive_hifive1_BitNet_MNIST_App/bsp/install/lib/debug/\libmetal.a(clock.o)
                0x2010f98c                metal_clock_register_post_rate_change_callback
 .text.metal_cpu_interrupt_controller
                0x2010f9be       0x26 C:/VSD_Sqd_Project/sifive_hifive1_BitNet_MNIST_App/bsp/install/lib/debug/\libmetal.a(cpu.o)
                0x2010f9be                metal_cpu_interrupt_controller
 .text.metal_cpu_get
                0x2010f9e4       0x2e C:/VSD_Sqd_Project/sifive_hifive1_BitNet_MNIST_App/bsp/install/lib/debug/\libmetal.a(cpu.o)
                0x2010f9e4                metal_cpu_get
 .text.metal_cpu_get_current_hartid
                0x2010fa12       0x1a C:/VSD_Sqd_Project/sifive_hifive1_BitNet_MNIST_App/bsp/install/lib/debug/\libmetal.a(cpu.o)
                0x2010fa12                metal_cpu_get_current_hartid
 .text.metal_shutdown
                0x2010fa2c        0xe C:/VSD_Sqd_Project/sifive_hifive1_BitNet_MNIST_App/bsp/install/lib/debug/\libmetal.a(shutdown.o)
                0x2010fa2c                metal_shutdown
 *fill*         0x2010fa3a       0x46 
 .text          0x2010fa80       0x80 C:/VSD_Sqd_Project/sifive_hifive1_BitNet_MNIST_App/bsp/install/lib/debug/\libmetal.a(vector.o)
                0x2010fa80                __metal_vector_table
 .text.__metal_driver_fixed_clock_rate
                0x2010fb00       0x62 C:/VSD_Sqd_Project/sifive_hifive1_BitNet_MNIST_App/bsp/install/lib/debug/\libmetal.a(fixed-clock.o)
 .text.__metal_driver_fixed_clock_get_rate_hz
                0x2010fb62       0x1e C:/VSD_Sqd_Project/sifive_hifive1_BitNet_MNIST_App/bsp/install/lib/debug/\libmetal.a(fixed-clock.o)
                0x2010fb62                __metal_driver_fixed_clock_get_rate_hz
 .text.__metal_driver_fixed_clock_set_rate_hz
                0x2010fb80       0x22 C:/VSD_Sqd_Project/sifive_hifive1_BitNet_MNIST_App/bsp/install/lib/debug/\libmetal.a(fixed-clock.o)
                0x2010fb80                __metal_driver_fixed_clock_set_rate_hz
 .text._exit    0x2010fba2       0x14 C:/VSD_Sqd_Project/sifive_hifive1_BitNet_MNIST_App/bsp/install/lib/debug/\libmetal-gloss.a(sys_exit.o)
                0x2010fba2                _exit
 *(.gnu.linkonce.t.*)

.rela.dyn       0x2010fbb8        0x0
 .rela.text._vfprintf_r
                0x2010fbb8        0x0 C:\Users\shwet\AppData\Local\Temp\ccicOTUh.o
 .rela.text.metal.init.enter
                0x2010fbb8        0x0 C:\Users\shwet\AppData\Local\Temp\ccicOTUh.o
 .rela.text.metal.init.scrub
                0x2010fbb8        0x0 C:\Users\shwet\AppData\Local\Temp\ccicOTUh.o
 .rela.text.libgloss.start
                0x2010fbb8        0x0 C:\Users\shwet\AppData\Local\Temp\ccicOTUh.o
 .rela.sdata.__brk
                0x2010fbb8        0x0 C:\Users\shwet\AppData\Local\Temp\ccicOTUh.o
 .rela.text._sbrk
                0x2010fbb8        0x0 C:\Users\shwet\AppData\Local\Temp\ccicOTUh.o
 .rela.text.__libc_init_array
                0x2010fbb8        0x0 C:\Users\shwet\AppData\Local\Temp\ccicOTUh.o
 .rela.text.__libc_fini_array
                0x2010fbb8        0x0 C:\Users\shwet\AppData\Local\Temp\ccicOTUh.o
 .rela.text.__register_exitproc
                0x2010fbb8        0x0 C:\Users\shwet\AppData\Local\Temp\ccicOTUh.o
 .rela.text.metal_init
                0x2010fbb8        0x0 C:\Users\shwet\AppData\Local\Temp\ccicOTUh.o
 .rela.text.metal_fini
                0x2010fbb8        0x0 C:\Users\shwet\AppData\Local\Temp\ccicOTUh.o
 .rela.text.__metal_driver_cpu_get
                0x2010fbb8        0x0 C:\Users\shwet\AppData\Local\Temp\ccicOTUh.o
 .rela.text.metal_software_interrupt_vector_handler
                0x2010fbb8        0x0 C:\Users\shwet\AppData\Local\Temp\ccicOTUh.o
 .rela.text.__metal_default_sw_handler
                0x2010fbb8        0x0 C:\Users\shwet\AppData\Local\Temp\ccicOTUh.o
 .rela.text.metal_timer_interrupt_vector_handler
                0x2010fbb8        0x0 C:\Users\shwet\AppData\Local\Temp\ccicOTUh.o
 .rela.text.__metal_exception_handler
                0x2010fbb8        0x0 C:\Users\shwet\AppData\Local\Temp\ccicOTUh.o
 .rela.text.metal_lc0_interrupt_vector_handler
                0x2010fbb8        0x0 C:\Users\shwet\AppData\Local\Temp\ccicOTUh.o
 .rela.text.metal_lc1_interrupt_vector_handler
                0x2010fbb8        0x0 C:\Users\shwet\AppData\Local\Temp\ccicOTUh.o
 .rela.text.metal_lc2_interrupt_vector_handler
                0x2010fbb8        0x0 C:\Users\shwet\AppData\Local\Temp\ccicOTUh.o
 .rela.text.metal_lc3_interrupt_vector_handler
                0x2010fbb8        0x0 C:\Users\shwet\AppData\Local\Temp\ccicOTUh.o
 .rela.text.metal_lc4_interrupt_vector_handler
                0x2010fbb8        0x0 C:\Users\shwet\AppData\Local\Temp\ccicOTUh.o
 .rela.text.metal_lc5_interrupt_vector_handler
                0x2010fbb8        0x0 C:\Users\shwet\AppData\Local\Temp\ccicOTUh.o
 .rela.text.metal_lc6_interrupt_vector_handler
                0x2010fbb8        0x0 C:\Users\shwet\AppData\Local\Temp\ccicOTUh.o
 .rela.text.metal_lc7_interrupt_vector_handler
                0x2010fbb8        0x0 C:\Users\shwet\AppData\Local\Temp\ccicOTUh.o
 .rela.text.metal_lc8_interrupt_vector_handler
                0x2010fbb8        0x0 C:\Users\shwet\AppData\Local\Temp\ccicOTUh.o
 .rela.text.metal_lc9_interrupt_vector_handler
                0x2010fbb8        0x0 C:\Users\shwet\AppData\Local\Temp\ccicOTUh.o
 .rela.text.metal_lc10_interrupt_vector_handler
                0x2010fbb8        0x0 C:\Users\shwet\AppData\Local\Temp\ccicOTUh.o
 .rela.text.metal_lc11_interrupt_vector_handler
                0x2010fbb8        0x0 C:\Users\shwet\AppData\Local\Temp\ccicOTUh.o
 .rela.text.metal_lc12_interrupt_vector_handler
                0x2010fbb8        0x0 C:\Users\shwet\AppData\Local\Temp\ccicOTUh.o
 .rela.text.metal_lc13_interrupt_vector_handler
                0x2010fbb8        0x0 C:\Users\shwet\AppData\Local\Temp\ccicOTUh.o
 .rela.text.metal_lc14_interrupt_vector_handler
                0x2010fbb8        0x0 C:\Users\shwet\AppData\Local\Temp\ccicOTUh.o
 .rela.text.metal_lc15_interrupt_vector_handler
                0x2010fbb8        0x0 C:\Users\shwet\AppData\Local\Temp\ccicOTUh.o
 .rela.text.metal_cpu_get
                0x2010fbb8        0x0 C:\Users\shwet\AppData\Local\Temp\ccicOTUh.o
 .rela.text     0x2010fbb8        0x0 C:\Users\shwet\AppData\Local\Temp\ccicOTUh.o

.data           0x80000000      0xa94 load address 0x2010fbb8
 *(.data .data.*)
 .data._impure_data
                0x80000000       0x4c C:/VSD/FreedomStudio-3-1-1-x86_64-w64-mingw32/FreedomStudio-3-1-1/SiFive/riscv64-unknown-elf-toolsuite-2.0.3/bin/../lib/gcc/riscv64-unknown-elf/13.2.0/../../../../riscv64-unknown-elf/lib/rv32imac/ilp32\libc_nano.a(libc_a-impure.o)
                0x80000000                _impure_data
 .data.__sglue  0x8000004c        0xc C:/VSD/FreedomStudio-3-1-1-x86_64-w64-mingw32/FreedomStudio-3-1-1/SiFive/riscv64-unknown-elf-toolsuite-2.0.3/bin/../lib/gcc/riscv64-unknown-elf/13.2.0/../../../../riscv64-unknown-elf/lib/rv32imac/ilp32\libc_nano.a(libc_a-findfp.o)
                0x8000004c                __sglue
 .data.__metal_dt_clock_0
                0x80000058        0xc C:/VSD_Sqd_Project/sifive_hifive1_BitNet_MNIST_App/bsp/install/lib/debug/\libmetal.a(inline.o)
                0x80000058                __metal_dt_clock_0
 .data.__metal_dt_clock_2
                0x80000064        0xc C:/VSD_Sqd_Project/sifive_hifive1_BitNet_MNIST_App/bsp/install/lib/debug/\libmetal.a(inline.o)
                0x80000064                __metal_dt_clock_2
 .data.__metal_dt_clock_5
                0x80000070        0xc C:/VSD_Sqd_Project/sifive_hifive1_BitNet_MNIST_App/bsp/install/lib/debug/\libmetal.a(inline.o)
                0x80000070                __metal_dt_clock_5
 *fill*         0x8000007c        0x4 
 .data.__metal_dt_cpu_0_interrupt_controller
                0x80000080      0x3d0 C:/VSD_Sqd_Project/sifive_hifive1_BitNet_MNIST_App/bsp/install/lib/debug/\libmetal.a(inline.o)
                0x80000080                __metal_dt_cpu_0_interrupt_controller
 .data.__metal_dt_interrupt_controller_c000000
                0x80000450      0x5d8 C:/VSD_Sqd_Project/sifive_hifive1_BitNet_MNIST_App/bsp/install/lib/debug/\libmetal.a(inline.o)
                0x80000450                __metal_dt_interrupt_controller_c000000
 .data.__metal_dt_serial_10013000
                0x80000a28       0x20 C:/VSD_Sqd_Project/sifive_hifive1_BitNet_MNIST_App/bsp/install/lib/debug/\libmetal.a(inline.o)
                0x80000a28                __metal_dt_serial_10013000
 .data.__metal_dt_clock_3
                0x80000a48        0xc C:/VSD_Sqd_Project/sifive_hifive1_BitNet_MNIST_App/bsp/install/lib/debug/\libmetal.a(inline.o)
                0x80000a48                __metal_dt_clock_3
 .data.__metal_dt_clock_1
                0x80000a54        0xc C:/VSD_Sqd_Project/sifive_hifive1_BitNet_MNIST_App/bsp/install/lib/debug/\libmetal.a(inline.o)
                0x80000a54                __metal_dt_clock_1
 .data.__metal_dt_clock_4
                0x80000a60        0xc C:/VSD_Sqd_Project/sifive_hifive1_BitNet_MNIST_App/bsp/install/lib/debug/\libmetal.a(inline.o)
                0x80000a60                __metal_dt_clock_4
 *(.gnu.linkonce.d.*)
                0x80000a70                        . = ALIGN (0x8)
 *fill*         0x80000a6c        0x4 
                0x80001270                        PROVIDE (__global_pointer$ = (. + 0x800))
 *(.sdata .sdata.* .sdata2.*)
 .sdata._impure_ptr
                0x80000a70        0x4 C:/VSD/FreedomStudio-3-1-1-x86_64-w64-mingw32/FreedomStudio-3-1-1/SiFive/riscv64-unknown-elf-toolsuite-2.0.3/bin/../lib/gcc/riscv64-unknown-elf/13.2.0/../../../../riscv64-unknown-elf/lib/rv32imac/ilp32\libc_nano.a(libc_a-impure.o)
                0x80000a70                _impure_ptr
 .sdata.__brk   0x80000a74        0x4 C:/VSD_Sqd_Project/sifive_hifive1_BitNet_MNIST_App/bsp/install/lib/debug/\libmetal-gloss.a(sys_sbrk.o)
 .sdata.__metal_cpu_table
                0x80000a78        0x4 C:/VSD_Sqd_Project/sifive_hifive1_BitNet_MNIST_App/bsp/install/lib/debug/\libmetal.a(synchronize_harts.o)
                0x80000a78                __metal_cpu_table
 .sdata.__metal_dt_clint_2000000
                0x80000a7c        0x8 C:/VSD_Sqd_Project/sifive_hifive1_BitNet_MNIST_App/bsp/install/lib/debug/\libmetal.a(inline.o)
                0x80000a7c                __metal_dt_clint_2000000
 .sdata.__metal_dt_cpu_0
                0x80000a84        0x8 C:/VSD_Sqd_Project/sifive_hifive1_BitNet_MNIST_App/bsp/install/lib/debug/\libmetal.a(inline.o)
                0x80000a84                __metal_dt_cpu_0
 .sdata.__metal_dt_gpio_10012000
                0x80000a8c        0x4 C:/VSD_Sqd_Project/sifive_hifive1_BitNet_MNIST_App/bsp/install/lib/debug/\libmetal.a(inline.o)
                0x80000a8c                __metal_dt_gpio_10012000
 .sdata.__metal_dt_prci_10008000
                0x80000a90        0x4 C:/VSD_Sqd_Project/sifive_hifive1_BitNet_MNIST_App/bsp/install/lib/debug/\libmetal.a(inline.o)
                0x80000a90                __metal_dt_prci_10008000